
> 4lpha-execution@0.1.0 test
> node --import tsx --test "test/**/*.test.ts"

▶ account portfolio
  ✔ returns an honest empty account (4.567ms)
  ✔ prices owner wallet native balance without inventing strategy PnL (2.6997ms)
  ✔ rejects a price envelope for a different token identity (2.9241ms)
  ✔ types each wallet as a deposit target carrying its own available and deployed value (R3/R4) (2.2052ms)
  ✔ refuses a per-wallet deployed figure it cannot complete (0.6874ms)
  ✔ builds the token-balance wallet ref from the ROW's owner, not the session owner (R1) (16.2249ms)
  ✔ nulls partial LP figures and every aggregate on position capacity (2.0979ms)
  ✔ does not publish eligible LP subsets when one mark is missing (7.2116ms)
  ✔ computes positive full LP mark-to-declared-basis PnL (1.1566ms)
  ✔ excludes a zero-basis lineage from PnL (1.884ms)
  ✔ takes every balance from the batched reader in ONE call each, and never touches the provider (3.1071ms)
  ✔ keeps a null from the batched reader positional, so one bad token never loses the others (3.2796ms)
  ✔ falls back to the provider byte-identically when no batched reader is wired (1.5355ms)
  ✔ treats a throwing batched reader as an unread answer, never as a failed request (2.7916ms)
  ✔ marks conflicting custody identity unreadable (0.4198ms)
  ✔ counts Venus once and keeps only a shared agent reference (0.9042ms)
  ✔ propagates aggregate cancellation into an in-flight owner store (1.0506ms)
  ✔ rejects stale and row-version-mismatched LP marks (0.7051ms)
  ✔ includes the BNB price timestamp when a zero LP mark publishes negative PnL (0.3382ms)
  ✔ caps wallet RPC fan-out at six (13.1642ms)
  ✔ deduplicates a shared wallet and preserves bigint precision (0.5657ms)
  ✔ canonicalizes case-variant wallet-token attribution (0.535ms)
  ✔ preserves every persisted agent status with deterministic attention (0.3297ms)
  ✔ caps wallet-token pairs at 128 and nulls totals (4.5432ms)
  ✔ reads a declared wallet with no agent rows at all (1.2933ms)
  ✔ reads the six pinned BSC tokens for a declared wallet and nothing else (0.6013ms)
  ✔ does not double a declared wallet that already carries agent rows (0.2855ms)
  ✔ caps declared wallets at two and deduplicates case variants (0.7303ms)
  ✔ proves a declared wallet against the pinned mainnet KeyStore vector (0.8919ms)
  ✔ names every non-verified verdict without confusing them (0.9844ms)
  ✔ carries the verdict on the declared entry and refuses only the provable impostor (1.9342ms)
  ✔ never puts the verdict on a wallet the plane owns rows for (0.5399ms)
  ✔ rejects malformed, stale, and duplicate Venus snapshots (0.6735ms)
✔ account portfolio (86.1859ms)
▶ Marketplace detail C1 account-read route matrix
  ✔ accepts bearer or signed read, never both/neither, on owner-view (88.3812ms)
  ✔ keeps bearer lookup owner-scoped and returns cross-owner 404 (7.9338ms)
  ✔ changes no non-allowlisted route and grants no mutation/runtime/operator authority (32.4013ms)
  ✔ returns a distinct 429 when a valid bearer exhausts the owner bucket (21.4527ms)
✔ Marketplace detail C1 account-read route matrix (151.8316ms)
▶ account read session
  ✔ rejects a valid-MAC token over 24 hours and never extends an older short token (2.3801ms)
  ✔ round-trips a scoped token and expires it (0.6982ms)
  ✔ rejects tampering and a different environment (0.5363ms)
  ✔ rejects old rotation keys and non-canonical base64url aliases (0.851ms)
  ✔ fails closed on malformed secret material (0.4737ms)
✔ account read session (6.3668ms)
▶ account portfolio routes
  ✔ exchanges one consumed signature for an account-only bearer (104.5488ms)
  ✔ rejects non-empty issuance params before consuming the nonce (9.3358ms)
  ✔ reads a caller-declared wallet the plane owns no rows for (9.2311ms)
  ✔ refuses a declared wallet the KeyStore registers to a different owner (9.903ms)
  ✔ returns the entry with its verdict for every non-refusing KeyStore answer (23.4859ms)
  ✔ refuses more than two declared wallets and anything that is not an address (39.8044ms)
  ✔ keeps signed reads available while session issuance is capability-hidden (9.466ms)
✔ account portfolio routes (207.3791ms)
▶ AgentStore contract — memory
  ✔ creates and reads back an agent scoped to its owner (5.8258ms)
  ✔ binds the HTTP runtime profile with a one-way atomic CAS (2.181ms)
  ✔ round-trips the canonical permissions byte-for-byte through jsonb (1.4271ms)
  ✔ rejects a duplicate agent id (1.2148ms)
  ✔ lists only the querying owner's agents (1.36ms)
  ✔ updates status and session facts within the owner scope (1.1868ms)
  ✔ encrypts, stores, and returns the session key only via getAgentSessionKey (1.6665ms)
  ✔ updates the off-chain caps within the owner scope (1.0282ms)
  ✔ getAgentById finds the row unscoped, and carries the authoritative owner (0.9303ms)
  ✔ stores, updates, and clears the optional ERC-8004 agent id (1.2295ms)
  ✔ records and reads executor health (0.3798ms)
✔ AgentStore contract — memory (21.6497ms)
▶ AgentStore contract — postgres(fake)
  ✔ creates and reads back an agent scoped to its owner (21.0384ms)
  ✔ binds the HTTP runtime profile with a one-way atomic CAS (2.3705ms)
  ✔ round-trips the canonical permissions byte-for-byte through jsonb (1.5731ms)
  ✔ rejects a duplicate agent id (6.2022ms)
  ✔ lists only the querying owner's agents (2.5507ms)
  ✔ updates status and session facts within the owner scope (1.7984ms)
  ✔ encrypts, stores, and returns the session key only via getAgentSessionKey (2.0365ms)
  ✔ updates the off-chain caps within the owner scope (1.1163ms)
  ✔ getAgentById finds the row unscoped, and carries the authoritative owner (7.5771ms)
  ✔ stores, updates, and clears the optional ERC-8004 agent id (1.5011ms)
  ✔ records and reads executor health (0.4729ms)
✔ AgentStore contract — postgres(fake) (48.9576ms)
▶ Trading wallet exclusivity — memory
  ✔ blocks a Trading hire beside any occupant and blocks any new occupant beside Trading (1.8786ms)
  ✔ releases a retired Trading row only after its readable session expiry (0.696ms)
✔ Trading wallet exclusivity — memory (2.721ms)
▶ Trading wallet exclusivity — postgres(fake)
  ✔ blocks a Trading hire beside any occupant and blocks any new occupant beside Trading (4.1954ms)
  ✔ releases a retired Trading row only after its readable session expiry (2.6686ms)
✔ Trading wallet exclusivity — postgres(fake) (7.0761ms)
▶ cross-tenant isolation — memory
  ✔ owner B cannot read owner A's agent (0.9445ms)
  ✔ owner B cannot mutate owner A's agent (0.5101ms)
  ✔ owner B cannot read or write owner A's session key (0.6536ms)
  ✔ normalizes owner scope across checksum casings (0.559ms)
✔ cross-tenant isolation — memory (3.0047ms)
▶ cross-tenant isolation — postgres(fake)
  ✔ owner B cannot read owner A's agent (0.6274ms)
  ✔ owner B cannot mutate owner A's agent (0.6533ms)
  ✔ owner B cannot read or write owner A's session key (1.9489ms)
  ✔ normalizes owner scope across checksum casings (3.8792ms)
✔ cross-tenant isolation — postgres(fake) (7.3102ms)
▶ session-key encryption at rest
  ✔ stores the key as ciphertext, not plaintext, in Postgres (1.4061ms)
  ✔ Postgres refuses to persist a key with no encryption configured (0.701ms)
  ✔ Postgres refuses create-with-key atomically when encryption is absent (0.5971ms)
  ✔ runs the additive migrations idempotently (0.6961ms)
  ✔ memory tolerates a missing master key for dev, holding it in-process (0.3829ms)
✔ session-key encryption at rest (4.0499ms)
▶ provisioning CAS â€” memory
  ✔ creates row and sealed key atomically, then round-trips pending state (1.6283ms)
  ✔ arms first-wins and preserves immutable hire sizing (1.9491ms)
  ✔ gives exactly one winner to arm versus cancel at the same grant version (1.2146ms)
  ✔ records pre-expiry cancellation without tearing down key, then expires destructively (1.502ms)
  ✔ enforces the complete ordinary lifecycle matrix inside the store (2.5334ms)
  ✔ uses bounded stable keyset pages for provisioning work (1.0457ms)
✔ provisioning CAS â€” memory (10.3908ms)
▶ provisioning CAS â€” postgres(fake)
  ✔ creates row and sealed key atomically, then round-trips pending state (2.0203ms)
  ✔ arms first-wins and preserves immutable hire sizing (2.0302ms)
  ✔ gives exactly one winner to arm versus cancel at the same grant version (1.7512ms)
  ✔ records pre-expiry cancellation without tearing down key, then expires destructively (3.3773ms)
  ✔ enforces the complete ordinary lifecycle matrix inside the store (11.8246ms)
  ✔ uses bounded stable keyset pages for provisioning work (2.4315ms)
✔ provisioning CAS â€” postgres(fake) (23.7781ms)
✔ fix-review A2: production ON mode has a concrete reviewed runtime composition (7.469ms)
✔ fix-review A3: PostgreSQL structurally enforces every permanent provider debit identity (0.3536ms)
✔ fix-review A3: PostgreSQL owns active leases, invoice claims, and the paid ledger (0.3383ms)
✔ fix-review A7: the submitting boundary persists the complete prepared witness (0.4225ms)
✔ fix-review A12: core derives every invoice oracle snapshot from two raw RPC observations (0.243ms)
✔ second fix-review A2/A7: the core production factory owns collection submit and recovery (0.8847ms)
✔ second fix-review A12: oracle observations are bound to the boot-reviewed RPC origins (0.4158ms)
✔ second fix-review A9: durable cross-page duplicate tracking has an explicit storage bound (0.381ms)
✔ fix-review3 A3: a real legacy identity table gains logical and assertion uniqueness (11198.9563ms)
✔ fix-review3 A12: an origin-ignoring oracle primitive cannot authorize an invoice (2.9272ms)
✔ fix-review3 A7: billing-store callsId CAS rejects non-canonical bytes (2.1164ms)
✔ fix-review3 A7: a returned callsId survives a transient first store-bind failure (32.8965ms)
✔ fix-review3 A7: generic journal transitions cannot terminalize billingCollect without canonical proof (0.7335ms)
✔ fix-review3 A3: legacy migration installs logical and assertion uniqueness, not only new-table DDL (2.3632ms)
✔ fix-review3 A9: a continuing cursor never stores 10,000 IDs, including a halted row (2.1233ms)
✔ fix-review4: boot refuses the same configured 0G inference and management key ID (1.7121ms)
✔ fix-review4: core refuses distinct key handles resolving to the same 0G API-key identity (1.2681ms)
✔ fix-review4: custody loader pins bytes and rejects a callback outside the closed census (76.0391ms)
✔ fix-review4: DNS boot pinning rejects non-global IPv4 special-purpose addresses (6.672ms)
✔ fix-review4: DNS boot pinning rejects non-global IPv6 special-purpose addresses (1.4758ms)
✔ fix-review4: transport refuses a configured origin port it cannot preserve (0.8456ms)
✔ fix-review4: a known callsId survives more than the old three-attempt retry window (219.8536ms)
✔ fix-review4: receipt timestamp and collector code are bound to the receipt block (8.3896ms)
✔ fix-review4: x402 positive absence reads state and logs at one explicit finalized block (13.7559ms)
✔ audit Phase 5: a paid public caller is bound to the ticket wallet before its issuer signs (1.2525ms)
✔ audit Phase 5: the worker owns every recoverable pre-contact/quoted lifecycle (0.2853ms)
✔ audit Phase 5: live 0G catalog facts are fully compared before paid Router contact (0.2305ms)
✔ audit Phase 5: PostgreSQL, not only a JSON snapshot, enforces permanent monetary identities (0.5475ms)
✔ audit Phase 5: account close owns one durable flush claim and releases it only on safe retry paths (0.4988ms)
✔ audit: prepare-only expiry evidence must reject substituted Porto intent identity (6.2492ms)
D:\4lpha-execution\src\billing\sessionGenerations.ts:7
import { billingAccountCustodyKind, type BillingAccount } from "./types.js";
         ^
SyntaxError: The requested module './types.js' does not provide an export named 'billingAccountCustodyKind'
    at #asyncInstantiate (node:internal/modules/esm/module_job:327:21)
    at async ModuleJob.run (node:internal/modules/esm/module_job:431:5)
    at async node:internal/modules/esm/loader:643:26
    at async asyncRunEntryPointWithESMLoader (node:internal/modules/run_main:101:5)

Node.js v24.18.0
✖ test\audit.billingProductionEnablement3.test.ts (1688.0377ms)
▶ audit: a cap the OWNER added after the grant must count
  ✔ refuses a buy when neither the grant nor the chain knows the token (51.3116ms)
  ✔ ALLOWS the buy once the chain reports a cap the grant never had (10.8218ms)
  ✔ does not spend a chain read when the grant already covers the token (5.6478ms)
  ✔ falls back to the grant when the chain read fails, and stays closed (7.2614ms)
  ✔ never asks the chain for a SELL (5.1476ms)
  ✔ refuses when the chain has the LIMIT but not the approve rule (3.8044ms)
  ✔ asks about the RIGHT session key and wallet (2.6672ms)
✔ audit: a cap the OWNER added after the grant must count (89.0525ms)
▶ journal (memory): begin reports who created the row
  ✔ exactly one of two concurrent same-key begins is `created` (0.9355ms)
✔ journal (memory): begin reports who created the row (1.6152ms)
▶ journal (postgres(fake sql)): begin reports who created the row
  ✔ exactly one of two concurrent same-key begins is `created` (9.9305ms)
✔ journal (postgres(fake sql)): begin reports who created the row (10.0666ms)
▶ trade route: a concurrent duplicate never double-submits
  ✔ holds the first submit open; the identical duplicate replays PENDING (106.759ms)
✔ trade route: a concurrent duplicate never double-submits (107.4683ms)
[server] unhandled_error: rpc down
▶ lp import: the accepted path
  ✔ records ONE row with basisSource 'imported', the chain's legs, and no sequence or reservation (81.7508ms)
  ✔ mints a FRESH lineage (decision 14) and does not carry any other row's (11.4561ms)
  ✔ basisWei 0 is ACCEPTED and the receipt says in words that no stop-loss will ever fire (16.6259ms)
  ✔ the receipt does not claim protection is live: it names the two-evaluation rule (12.3986ms)
  ✔ says plainly that nothing moved (8.7674ms)
✔ lp import: the accepted path (132.4279ms)
▶ lp import: ownership
  ✔ a STAKED position is named as staked, not as 'not yours' (M10) (8.4135ms)
  ✔ an NFT held by a stranger is refused without naming the farm remedy (8.9873ms)
  ✔ a burned or nonexistent token is refused as such (8.8463ms)
  ✔ an RPC failure on ownerOf is an ERROR, never an admission (9.2602ms)
  ✔ a nonzero per-token operator is refused by name (M13) (9.2715ms)
  ✔ zero liquidity is refused, which is what keeps every rotated-away NFT out (18.4838ms)
✔ lp import: ownership (63.9646ms)
▶ lp import: canonical decimal (M2)
  ✔ refuses tokenId "07" (15.2799ms)
  ✔ refuses tokenId "0x10" (11.084ms)
  ✔ refuses tokenId "-1" (7.8229ms)
  ✔ refuses tokenId "1e3" (8.7256ms)
  ✔ refuses tokenId " 7" (11.7277ms)
  ✔ refuses tokenId "1111111111111111111111111111111111111111111111111111111111111111111111111111111" (29.0897ms)
  ✔ the preview refuses the same shapes (8.5857ms)
  ✔ refuses a basisWei that is not a decimal string (8.4142ms)
  ✔ refuses an unknown params key (7.0846ms)
✔ lp import: canonical decimal (M2) (108.488ms)
▶ lp import: refused while a sequence is in flight (M4)
  ✔ names the blocking sequence (7.1929ms)
  ✔ allows the import once that sequence is terminal (7.7509ms)
✔ lp import: refused while a sequence is in flight (M4) (15.134ms)
▶ lp import: one non-closed row per NFT (M5)
  ✔ a second import of the same tokenId by the same agent says the goal is already met (14.271ms)
  ✔ a tokenId held by ANOTHER tenant answers generically and names nothing (8.8323ms)
  ✔ a re-import AFTER the row was closed succeeds, with a fresh lineage and basis (13.408ms)
  ✔ the STORE refuses the second live row even when the route is bypassed (1.3935ms)
  ✔ and refuses a saga's updatePositionTokenId onto a claimed NFT (1.0928ms)
✔ lp import: one non-closed row per NFT (M5) (39.329ms)
▶ lp import: admission
  ✔ refuses a pool the session cannot sell a leg of (the open ⇒ exitable rule) (6.5276ms)
  ✔ refuses a pool with no WBNB leg (7.3275ms)
  ✔ refuses a pool below the observation-cardinality rail (7.5623ms)
  ✔ a QuoterV2 revert REFUSES rather than passing (M9) (6.7231ms)
  ✔ the preview DISCLOSES the worst-case conversion without refusing on it (M9) (6.7447ms)
  ✔ the preview reports a refusal as data, not as an error (6.4936ms)
✔ lp import: admission (41.7605ms)
▶ lp import: the breach refusal (M11)
  ✔ refuses an import already in stop-loss breach, naming both numbers (16.5242ms)
  ✔ accepts the same import with basisWei 0 — the remedy the refusal names (12.5971ms)
  ✔ does not run the breach check when no threshold is configured (6.942ms)
✔ lp import: the breach refusal (M11) (36.3146ms)
▶ lp import: sizing and session (M12)
  ✔ refuses a session-less agent with its OWN diagnosis, not 'cannot sell' (6.456ms)
  ✔ refuses when the on-chain cap cannot cover this position's exit gas, naming the shortfall (7.1433ms)
  ✔ an IMPORTED basis does not enter the /lp/settings budget term, and an owner-budget one still does (12.093ms)
✔ lp import: sizing and session (M12) (25.9218ms)
▶ lp import: pause posture (M14)
  ✔ is PERMITTED under pause, and that is a decision (12.6684ms)
✔ lp import: pause posture (M14) (12.7945ms)
▶ lp import: authz
  ✔ refuses with no service credential (3.4261ms)
  ✔ answers 404 for a different owner — indistinguishable from a missing agent (6.067ms)
  ✔ refuses a replayed nonce (23.8493ms)
  ✔ refuses a tampered paramsHash (5.7194ms)
  ✔ an envelope bound to another agent is refused (3.0414ms)
  ✔ the preview refuses without an owner envelope (1.4459ms)
  ✔ a `read` signature cannot be replayed as an import (2.9863ms)
✔ lp import: authz (47.0077ms)
▶ lp import: an unreadable approval state REFUSES (audit A6)
  ✔ an undefined operator is refused exactly as an undefined leg is (5.9034ms)
✔ lp import: an unreadable approval state REFUSES (audit A6) (6.005ms)
▶ lp import: the owner-facing half of M6 (audit A9)
  ✔ GET /agents/:id/lp reports armed:false with the not-owned reason from the ROW (19.5435ms)
✔ lp import: the owner-facing half of M6 (audit A9) (19.644ms)
▶ lp import: an imported row is an ordinary managed position (audit A9)
  ✔ the worker picks it up and evaluates it exactly as an opened one (16.1154ms)
✔ lp import: an imported row is an ordinary managed position (audit A9) (16.223ms)
▶ lp read: the quota block (PHASE3.5 decision 4)
  ✔ reports the limit, the live count and the spacing gate (30.6501ms)
  ✔ a RELEASED slot leaves the count but still anchors the spacing gate (7.5294ms)
  ✔ says automation is NOT running when the settings digest does not verify (audit A3) (6.2869ms)
✔ lp read: the quota block (PHASE3.5 decision 4) (44.7011ms)
▶ lp1 — the LP routes do not exist until their deps are wired
  ✔ answers the unknown-path 404 for every LP path on an unwired server (47.71ms)
✔ lp1 — the LP routes do not exist until their deps are wired (48.7165ms)
▶ lp2 — authz matrix on the wired routes
  ✔ refuses without the service credential, before anything else (8.9791ms)
  ✔ refuses a read without an owner envelope (4.5289ms)
  ✔ answers the WRONG owner with the same 404 a missing agent gets (12.396ms)
  ✔ refuses a replayed nonce on a SECOND, different signed action (19.567ms)
  ✔ answers a byte-identical retry from the journal without touching the nonce (8.4778ms)
  ✔ refuses params tampered after signing — the digest binds the bytes (8.6977ms)
  ✔ refuses an lpSettings envelope posted to the open route (binding) (18.2771ms)
  ✔ answers a cross-tenant positionId with 404, indistinguishable from missing (10.1469ms)
  ✔ refuses an exit whose signed positionId does not match the path (8.09ms)
✔ lp2 — authz matrix on the wired routes (100.0762ms)
▶ lp3 — the open's admission gates run before any money
  ✔ (u) transposed: a pool whose TOKEN the session cannot sell is refused with nothing submitted and no row created (10.0862ms)
  ✔ R8: a cardinality-1 pool is refused naming increaseObservationCardinalityNext (13.9914ms)
  ✔ R11: a pool with no WBNB leg is refused; two identical legs are refused (21.5506ms)
  ✔ R11: the NFPM itself is never an LP token (25.9071ms)
  ✔ item 37: naming neither a pool nor selectPool is refused; naming both is refused (10.8822ms)
  ✔ item 27: an open with no signed range and no server-fenced marker is refused (6.8038ms)
✔ lp3 — the open's admission gates run before any money (89.6235ms)
▶ lp4 — selectPool: best-apr fails closed; explicit pools are unaffected
  ✔ refuses best-apr when the ranking is missing, while the explicit open on the same fixture succeeds (34.0016ms)
  ✔ refuses a STALE ranking (item 38) (7.9275ms)
  ✔ refuses best-apr when the data plane is UNREACHABLE (thrown, not null) (6.4657ms)
  ✔ rails first, ranking second: a decorated pool that fails a gate is never chosen (15.59ms)
  ✔ brainEnabled settings leave `selectPool: best-apr` deterministic on the HTTP plane — no brain, no pool fence (BC4 inversion of item 36) (12.8519ms)
✔ lp4 — selectPool: best-apr fails closed; explicit pools are unaffected (77.1955ms)
▶ lp5 — settings re-run the sizing check against the LIVE cap
  ✔ refuses a settings change the live on-chain cap cannot cover (6.4413ms)
  ✔ PHASE3.25 R7/R10: shift T12a keeps all clauses and projects the shortfall (21.6763ms)
  ✔ refuses when the live cap cannot be READ — unreadable is unsizable (8.9917ms)
  ✔ stores the digest on success, and GET /lp reports it (15.7985ms)
✔ lp5 — settings re-run the sizing check against the LIVE cap (53.1952ms)
▶ lp6 — the owner's manual exit
  ✔ runs the zap-out and completes (26.4617ms)
  ✔ PHASE3.24 C2: the route persists signed true even when the default-empty allowlist falls back (12.4577ms)
  ✔ still exits under an owner pause — FINDINGS (s) carve-out, wired through (18.9181ms)
  ✔ PHASE3.24 C4: an owner-signed, confirmed pause can be followed by lpExit (20.3609ms)
  ✔ PHASE3.1-AUDIT A3: the open RECORDS the deployment's own WBNB as the position's quote asset (18.0613ms)
  ✔ PHASE3.1-AUDIT A3: a pool with no WBNB leg answers a TYPED refusal on the exit, never a 500 (7.0111ms)
  ✔ but a paused agent cannot OPEN — the carve-out is one-directional (7.987ms)
✔ lp6 — the owner's manual exit (111.6997ms)
▶ lp7 — the confirmed open, end to end against the fakes
  ✔ submits ONE atomic batch whose attached native equals the signed budget (11.7935ms)
  ✔ honours the signed "server-fenced" delegation: deterministic centered range, zero brain calls while brainEnabled is off (12.4532ms)
  ✔ a FAILED receipt rolls the sequence back and closes the never-funded lineage (17.9949ms)
  ✔ an ambiguous submit HOLDS — nothing retries, nothing rolls back (10.7813ms)
✔ lp7 — the confirmed open, end to end against the fakes (53.3131ms)
▶ lp8 — an LP action through the PASSKEY verifier, zero dispatcher changes
  ✔ verifies lpSettings signed by a P-256 credential end to end (32.7309ms)
✔ lp8 — an LP action through the PASSKEY verifier, zero dispatcher changes (33.1873ms)
▶ lp9 — the settings store answers identically on both backends
  ✔ round-trips params + digest and scopes reads/writes by owner (13.9177ms)
✔ lp9 — the settings store answers identically on both backends (14.0568ms)
▶ lp10 — GET /agents/:id/lp reports whether protection is actually armed
  ✔ with no stop or take-profit configured, it says so rather than looking healthy (14.047ms)
  ✔ reports the held observation, its age, the count and when it can confirm (14.8812ms)
  ✔ a STALE held observation is visible — the crash-loop residual is not hidden (11.5388ms)
  ✔ a settings digest that does not recompute reads armed:false — the silent disarm, reported (6.8702ms)
  ✔ an unreadable stored settings row reads armed:false rather than 500ing the dashboard (6.2082ms)
  ✔ a zero lineage basis reads armed:false (23.252ms)
  ✔ an observation store outage degrades the field, never the dashboard (5.7506ms)
  ✔ the exit that CLOSES a lineage retires its observation row (retention) (9.3627ms)
  ✔ an exit whose swap leg was SKIPPED says so on the receipt AND on the sequence view (13.7652ms)
  ✔ PHASE3.1-FIXREVIEW3 H5: a never-submitted retry row reads submitted:false ON THE WIRE (6.4775ms)
  ✔ an exit that had nothing to explain reports note: null (8.1581ms)
  ✔ a settings refusal names the remedies AND that the EXIT path still works (Rev2 item 19) (6.0033ms)
  ✔ PHASE3.1-AUDIT A9: and it names the SHORTFALL, the one number owner-add-spend-limit needs (26.9495ms)
  ✔ and the promise is TRUE: the exit runs while the settings change is refused (20.0342ms)
  ✔ another owner's observation is never visible through this route (14.7416ms)
✔ lp10 — GET /agents/:id/lp reports whether protection is actually armed (189.0126ms)
▶ audit: a paused agent can still get out
  ✔ allows a SELL while paused, and actually submits it (47.0763ms)
  ✔ still refuses a BUY while paused (4.1867ms)
  ✔ a GLOBAL HALT still blocks the sell too (3.5814ms)
  ✔ an EXPIRED session still blocks the sell (3.8797ms)
✔ audit: a paused agent can still get out (60.2618ms)
▶ fix-review A4: bypassLocalPolicyCheck cannot reach the wallet or the KeyStore
  ✔ refuses a wallet self-call under a bypass, without asking the chain (2.6986ms)
  ✔ refuses a KeyStore call under a bypass, in a casing `isAddress` calls invalid (0.498ms)
  ✔ STILL bypasses the allowlist for every other target — the fix did not widen (0.3006ms)
✔ fix-review A4: bypassLocalPolicyCheck cannot reach the wallet or the KeyStore (4.6738ms)
▶ fix-review A6: the flap status codes a caller can act on
  ✔ answers VENUE_UNSUPPORTED, not VENUE_GRADUATED, for status 0 (60.5015ms)
  ✔ answers VENUE_UNSUPPORTED, not VENUE_GRADUATED, for status 2 (4.4528ms)
  ✔ answers VENUE_UNSUPPORTED, not VENUE_GRADUATED, for status 3 (3.3802ms)
  ✔ answers VENUE_UNSUPPORTED, not VENUE_GRADUATED, for status 5 (3.6159ms)
  ✔ keeps VENUE_GRADUATED for status 4, which is the one that really migrated (3.4578ms)
✔ fix-review A6: the flap status codes a caller can act on (75.8963ms)
▶ Phase 3.9c independent fix-review regressions
  ✔ does not let Memory write a disposition after the validation sample became stale (10.9064ms)
  ✔ recomputes a carried chunk digest for its new generation (27.2743ms)
  ✔ keeps zero-expiry compaction live after a rewind bisects a completed chunk (56.5763ms)
✔ Phase 3.9c independent fix-review regressions (96.1071ms)
▶ Phase 3.9c second independent fix-review regressions
  ✔ preserves the original crossing chunk as invalidated when it creates a current prefix (18.534ms)
  ✔ does not release a Memory sequence before the terminal tombstone and action can commit (10.8596ms)
✔ Phase 3.9c second independent fix-review regressions (30.4142ms)
▶ Phase 3.9c third independent fix-review regressions
  ✔ rolls back a Memory zero-prefix carry when copied-generation quota admission fails (37.3273ms)
✔ Phase 3.9c third independent fix-review regressions (38.3511ms)
▶ Phase 3.9c fourth independent fix-review regressions
  ✔ does not let Memory registration resurrect a compacted-prefix-unavailable requirement (31.2253ms)
  ✔ does not let PostgreSQL snapshot an already-unavailable durable requirement (108.6989ms)
✔ Phase 3.9c fourth independent fix-review regressions (141.1091ms)
▶ Phase 3.9c fifth independent fix-review regressions
  ✔ takes the charged-row quota prefix before rewind's ordinary cursor lock (2.8488ms)
✔ Phase 3.9c fifth independent fix-review regressions (3.7957ms)
▶ Phase 3.9c independent audit regressions
  ✔ preserves a pre-ancestor landed candidate across a shallow Postgres rewind (12.257ms)
  ✔ allocates an exact backfill lane after a same-origin base lane is compacted (5.0373ms)
  ✔ releases an exit reservation when prior COMMITTED work spent no gas (0.2738ms)
✔ Phase 3.9c independent audit regressions (18.6935ms)
▶ audit 2.4 R1: the two targets nothing may reach
  ✔ refuses the wallet and the KeyStore in EVERY casing a caller can write (1.1915ms)
  ✔ FAILS CLOSED on a target it cannot parse at all (0.194ms)
  ✔ refuses a wallet self-call the PERSISTED SPEC allowlists and the chain permits (1.1954ms)
  ✔ refuses an ALL-UPPERCASE KeyStore call that the account allows (0.3162ms)
✔ audit 2.4 R1: the two targets nothing may reach (4.0983ms)
▶ audit 2.4 R5: the value-moving predicate is casing-blind
  ✔ still demands a spend limit when the selector arrives upper-cased (6.2783ms)
  ✔ passes the same call once the account reports a limit for the token (1.9145ms)
✔ audit 2.4 R5: the value-moving predicate is casing-blind (8.4151ms)
▶ audit 2.4 R3: the SAME error type classifies by WHERE it was thrown
  ✔ /trade: NotAllowedError from the SUBMIT stays UNKNOWN and keeps holding the budget (52.6649ms)
  ✔ /execute: NotAllowedError from the SUBMIT stays UNKNOWN (8.7076ms)
  ✔ /trade: the identical error from the PRE-FLIGHT rolls back and releases it (5.9707ms)
  ✔ RESIDUAL, pinned: the provider's own re-check throws from INSIDE the submit block (1092.6298ms)
✔ audit 2.4 R3: the SAME error type classifies by WHERE it was thrown (1160.7085ms)
✔ audit Railway: a shallow dependency proxy cannot leave nested store mutations unfenced (1.4389ms)
✔ audit Railway: lock loss after method entry cannot cross a later money boundary (0.5915ms)
✔ audit Railway: service-specific AWS endpoint overrides refuse before provider construction (0.9007ms)
✔ audit Railway: image evidence derives identity from an OCI layout and requires marker input (15.1481ms)
✔ audit Railway: Docker context re-includes each ignored parent before descendants (4.6249ms)
✔ audit Railway: no external module evaluates before the clean-exec self-check (1123.1256ms)
✔ audit Railway fix review: real LP reader cannot cross its next RPC boundary after lock loss (5.3626ms)
✖ audit Railway fix review: the production adapter artifact contains no dependency injection seam (1067.2768ms)
✔ audit Railway fix review: base provenance refuses truncation and a symlinked member (21.1581ms)
▶ AUDIT: read-signature blast radius
  ✔ a captured read signature is replayable within its window (documented tradeoff) (87.6034ms)
  ✔ a read signature CANNOT be repurposed for any mutation (8.6103ms)
  ✔ a read signature expires with its window (6.8873ms)
✔ AUDIT: read-signature blast radius (104.7112ms)
▶ AUDIT: mutation replay vs idempotent retry
  ✔ the SAME signed mutation replays as an idempotent retry, consuming one nonce (10.6089ms)
  ✔ a DIFFERENT signature reusing a spent nonce is refused (13.1571ms)
✔ AUDIT: mutation replay vs idempotent retry (24.0559ms)
▶ AUDIT: execute idempotency
  ✔ the same decisionId with DIFFERENT calls is a conflict, never a false success (12.012ms)
✔ AUDIT: execute idempotency (12.1873ms)
[server] unhandled_error: lp_sequences write failed (injected)
[server] unhandled_error: lp_positions write failed (injected)
[server] unhandled_error: lp_positions write failed (injected)
▶ r1 — the route does not exist until the LP deps are wired
  ✔ answers the unknown-path 404 on a server with no lp deps (51.2938ms)
✔ r1 — the route does not exist until the LP deps are wired (58.753ms)
▶ r2 — authz matrix (the operator token is deliberately NOT sufficient)
  ✔ refuses without the service credential, before anything else (15.4844ms)
  ✔ refuses with no owner envelope — an operator token cannot resolve anything (4.3293ms)
  ✔ answers the WRONG owner with the same 404 a missing agent gets, and touches nothing (15.7672ms)
  ✔ refuses a replayed nonce on a SECOND, different signed action (22.2833ms)
  ✔ answers a byte-identical retry from the journal without touching the nonce (8.3652ms)
  ✔ refuses params tampered after signing — the digest binds the bytes (7.7946ms)
  ✔ refuses an lpExit envelope posted to the resolve route (binding) (15.1976ms)
  ✔ refuses the fleet sentinel — resolveUnknown is not a global action (Rev2 item 6) (8.991ms)
  ✔ refuses a signed decisionId that does not match the path (400) (16.4902ms)
  ✔ refuses params carrying an unexpected field — including a txHash (no landed direction in v1) (7.3407ms)
✔ r2 — authz matrix (the operator token is deliberately NOT sufficient) (122.8932ms)
▶ r3 — unknown, foreign and unverifiable decisionIds are byte-identical 404s
  ✔ produces the same body for a decisionId that does not exist, one owned by another agent, and one whose kind has no verifier (49.44ms)
✔ r3 — unknown, foreign and unverifiable decisionIds are byte-identical 404s (49.5687ms)
▶ r4 — the verifier's checks, in order, each refusing distinctly (item 10)
  ✔ (a) PHASE3.14: a row WITH a callsId is ACCEPTED — reconcile has disowned it (9.5611ms)
  ✔ (a) a row that is not UNKNOWN is refused (12.0033ms)
  ✔ (b) a row younger than RESOLVE_MIN_AGE_SEC is refused, and says the guard is a heuristic (18.0937ms)
  ✔ (c) a row with non-zero nativeSpendWei is refused, and the daily-cap sum is untouched (item 13) (7.3222ms)
  ✔ (e) a MISSING leg is refused — the wallet no longer holds what the step would have spent (8.8362ms)
  ✔ (f) an ALL-SURPLUS step is refused as unresolvable — the (ak) pile proves nothing (9.6784ms)
  ✔ (g) records the log-absence probe as UNAVAILABLE with a reason — never silently skipped (8.4726ms)
  ✔ a stuck collect-fees is unresolvable: it spends the position's own fees, not the wallet (8.0357ms)
  ✔ a stuck harvest sweep is unresolvable: its amount came from a market read nobody can replay (8.2393ms)
✔ r4 — the verifier's checks, in order, each refusing distinctly (item 10) (90.8604ms)
▶ r5 — the per-kind disposition table (item 12)
  ✔ harvest: abandons the sequence and leaves the position OPEN and untouched (7.6064ms)
  ✔ rotate is REFUSED distinctly, naming out-of-band custody recovery (7.3155ms)
  ✔ open is REFUSED distinctly, with the same backstop named (6.5211ms)
  ✔ manual-exit stuck at step 0: abandons AND restores the position closing -> open (7.6812ms)
  ✔ manual-exit stuck at step 0 whose zap-out DID land is ADVANCED (PHASE3.9a) (15.0671ms)
  ✔ manual-exit stuck at step 1 leaves the CLOSED position alone (PHASE3.1 erratum to item 12) (8.6311ms)
✔ r5 — the per-kind disposition table (item 12) (53.2172ms)
▶ r6 — the evidence is stored, not just acted on (item 17)
  ✔ records the caller's block, the server's block, every check, the legs and the signing owner (8.2751ms)
  ✔ records serverBlock as unavailable rather than lying when the read fails (15.0356ms)
✔ r6 — the evidence is stored, not just acted on (item 17) (23.5361ms)
▶ r7 — computeLpProtectionStatus reports the blocking sequence (item 18)
  ✔ reports armed: false with a blockedBySequence reason for exactly the trapped position (22.0052ms)
  ✔ reports armed: true once the resolution has made the sequence terminal (31.3794ms)
  ✔ a non-terminal PROTECT sequence does not disarm anything — that IS the protect firing (24.6741ms)
  ✔ a PROTECT sequence stuck on an UNKNOWN step row DOES disarm, with a reason that names itself (19.8913ms)
  ✔ stops disarming once that stuck protect has itself been resolved (31.8255ms)
✔ r7 — computeLpProtectionStatus reports the blocking sequence (item 18) (130.2978ms)
▶ r9 — A1: a partially-applied resolution is re-runnable to completion
  ✔ killed between the journal write and the sequence write, it completes on the SECOND signature (20.7874ms)
  ✔ killed between the sequence write and the position write, the re-entry frees the position (12.8132ms)
  ✔ a re-entry is refused for a sequence kind v1 does not disposition (7.9357ms)
  ✔ a re-entry is refused once a NEWER sequence holds the position (26.2056ms)
  ✔ an ordinary ROLLED_BACK row — one with no resolution evidence — is NOT a re-entry (8.6319ms)
✔ r9 — A1: a partially-applied resolution is re-runnable to completion (76.7625ms)
▶ r10 — a refusal is auditable too (A7), and names the right guard (A9)
  ✔ archives the whole check list on the action's OWN row, not just a 300-char message (8.5487ms)
  ✔ A9: a COMMITTED row that also carries a callsId is told it is not UNKNOWN, not to restart a server (7.9732ms)
✔ r10 — a refusal is auditable too (A7), and names the right guard (A9) (16.9506ms)
▶ r11 — a landed zap-out is ADVANCED, not refused (PHASE3.9a closes A2)
  ✔ records the step COMMITTED and CLOSES the position (11.9509ms)
  ✔ zero liquidity is the same proof as a burned token (8.9426ms)
  ✔ a STILL-FUNDED position is abandoned, not advanced — the evidence points the other way (16.5597ms)
  ✔ REVIEW M5: an interrupted ADVANCE is re-runnable (24.8288ms)
✔ r11 — a landed zap-out is ADVANCED, not refused (PHASE3.9a closes A2) (62.8637ms)
▶ r8 — acceptance: a position with a blocking held sequence becomes protectable and exitable
  ✔ is refused SEQUENCE_CONFLICT before the resolution and exits after it (33.0439ms)
✔ r8 — acceptance: a position with a blocking held sequence becomes protectable and exitable (33.1669ms)
▶ AUDIT Phase 1.6: the shared bearer grants no autonomous route
  ✔ refuses bearer-only read, trade, and enabled raw execute before money (63.3566ms)
  ✔ does not consume a nonce on row binding failure (8.1346ms)
  ✔ cannot move an assertion across agents, including a same-owner row (3.6064ms)
  ✔ checks agent, profile, and operation claims independently (5.8195ms)
  ✔ collapses malformed, forged, key, environment, and time failures (8.5926ms)
✔ AUDIT Phase 1.6: the shared bearer grants no autonomous route (91.8649ms)
▶ AUDIT Phase 1.6: every parsed money field is request-bound
  ✔ rejects changes to every scalar trade field before journal/provider (5.4977ms)
  ✔ binds V3 hops and every fee tier (5.4558ms)
  ✔ keeps bypassLocalPolicyCheck unreachable on an authorized raw profile (7.1996ms)
✔ AUDIT Phase 1.6: every parsed money field is request-bound (18.5506ms)
▶ AUDIT Phase 1.6: durable replay failure atomicity
  ✔ rolls prune back when insert fails and survives a fresh store instance (3.5388ms)
  ✔ gives exactly one winner to racing PostgreSQL profile binds (3.0696ms)
✔ AUDIT Phase 1.6: durable replay failure atomicity (7.8322ms)
▶ AUDIT Phase 1.6: passkey and key-isolation seams
  ✔ lets a real passkey owner bind and render the one-way HTTP profile (44.2149ms)
  ✔ accepts either configured rotation key and rejects an unconfigured key (2.9425ms)
  ✔ requires the verifier-only environment guard in every execution-server entry (1.2073ms)
  ✔ pins every ordinary creation seam to its reviewed HTTP profile (1.1154ms)
✔ AUDIT Phase 1.6: passkey and key-isolation seams (49.891ms)
▶ AUDIT: tenant isolation
  ✔ wrong-owner and unknown-agent are byte-identical responses (65.9483ms)
  ✔ a foreign owner cannot pause another tenant agent (9.3086ms)
✔ AUDIT: tenant isolation (76.5858ms)
▶ AUDIT: service credential
  ✔ every non-health route refuses a missing or wrong exec token (12.7437ms)
  ✔ an owner signature alone cannot reach the global halt (4.7333ms)
✔ AUDIT: service credential (17.7782ms)
▶ AUDIT: the money path
  ✔ a paused agent never reaches the provider (19.4752ms)
  ✔ no request shape can turn off the local policy check (14.2836ms)
✔ AUDIT: the money path (34.0738ms)
▶ AUDIT: secret containment
  ✔ the session key never appears in any response body (24.226ms)
✔ AUDIT: secret containment (24.4251ms)
▶ audit: the trade template authorizes every builder's output
  ✔ pancake V2 — buy and sell, direct and via a hop (9.4836ms)
  ✔ pancake V3 — buy and sell, one pool and two (3.7312ms)
  ✔ four.meme — buy and sell (1.2709ms)
  ✔ the platform fee transfer is authorized alongside a swap (0.7407ms)
  ✔ a template granted BEFORE V3 refuses a V3 trade, locally (1292.4783ms)
  ✔ and still refuses a target the template never granted (1148.4203ms)
✔ audit: the trade template authorizes every builder's output (2457.7626ms)
▶ audit: the trade template METERS the sell it authorizes
  ✔ grants an approve rule AND a spend cap for every token (0.6779ms)
  ✔ validates clean under the real guard, caps included (0.8054ms)
  ✔ REFUSES a hand-built spec that grants approve without the cap (0.889ms)
  ✔ REFUSES the old bare-selector approve outright (0.7889ms)
  ✔ the PRE-FLIGHT alone would have passed the un-sellable session (0.9099ms)
  ✔ the sell batch approves an EXACT amount, never a max approve (2.2492ms)
✔ audit: the trade template METERS the sell it authorizes (6.8595ms)
▶ AUDIT: trade wire validation
  ✔ refuses every non-string venue and side shape (53.5938ms)
  ✔ refuses every non-address token shape (5.8142ms)
  ✔ refuses non-positive, negative and oversized amounts (13.811ms)
  ✔ requires a decisionId (3.5046ms)
✔ AUDIT: trade wire validation (78.1078ms)
▶ AUDIT: the token blacklist
  ✔ 400s each forbidden token, and the provider is never called (31.7712ms)
  ✔ catches a forbidden token in any casing (2.8695ms)
  ✔ still allows an ordinary token (11.034ms)
✔ AUDIT: the token blacklist (46.1218ms)
▶ AUDIT: the recipient cannot be influenced
  ✔ ignores every recipient-shaped field a body might carry (67.1212ms)
  ✔ uses the ROW's wallet, not another tenant's (4.8807ms)
✔ AUDIT: the recipient cannot be influenced (72.3657ms)
▶ AUDIT: the spender cannot be influenced
  ✔ approves only the venue, whatever the body claims (13.9291ms)
✔ AUDIT: the spender cannot be influenced (14.0623ms)
▶ AUDIT: the local policy check
  ✔ cannot be turned off by any body shape (27.6892ms)
✔ AUDIT: the local policy check (27.8349ms)
▶ AUDIT: tenancy and credentials
  ✔ refuses a missing or wrong exec token (3.3382ms)
  ✔ returns the byte-identical 404 for an unknown agent (4.6924ms)
✔ AUDIT: tenancy and credentials (8.8496ms)
▶ AUDIT: secret egress
  ✔ leaks neither the session key nor a credential on any trade path (11.9743ms)
✔ AUDIT: secret egress (14.1749ms)
▶ AUDIT: outbound origins
  ✔ asks the data plane for security/ and NOTHING else — never fourmeme/ (12.0145ms)
  ✔ never reads the data plane when the wire input is already invalid (2.8404ms)
✔ AUDIT: outbound origins (15.0231ms)
▶ AUDIT: route shape
  ✔ refuses every non-object route (49.2163ms)
  ✔ refuses every fee tier that is not an exact member of the closed set (5.7517ms)
  ✔ bounds hops and fees BEFORE iterating them (6.5894ms)
✔ AUDIT: route shape (62.9542ms)
▶ AUDIT: which venues may carry a route
  ✔ refuses a route on fourmeme, INCLUDING an empty one (13.2958ms)
  ✔ refuses fee tiers on V2, where they mean nothing (3.4543ms)
  ✔ requires fees on pancake_v3, with exactly one per pool (3.7455ms)
✔ AUDIT: which venues may carry a route (20.8961ms)
▶ AUDIT: the hop blacklist
  ✔ 400s each forbidden hop, and the provider is never called (44.7228ms)
  ✔ refuses a hop equal to the traded token, and a repeated hop (4.6232ms)
  ✔ refuses every non-address hop shape (14.8272ms)
  ✔ still allows an ordinary hop (11.5869ms)
✔ AUDIT: the hop blacklist (76.4513ms)
▶ audit: the Four.Meme venue fee counts against the caps
  ✔ refuses when amountWei fits the per-trade cap but msg.value does not (50.7714ms)
  ✔ passes when the cap covers amountWei plus the venue fee, and no further (14.6771ms)
  ✔ charges the venue fee against the ROLLING DAILY budget too (9.5836ms)
✔ audit: the Four.Meme venue fee counts against the caps (76.3472ms)
▶ audit: a Four.Meme sell never sends native value
  ✔ submits approve/approve/sell with no value on any call (6.3615ms)
✔ audit: a Four.Meme sell never sends native value (6.5724ms)
✖ production adapter builder emits one deterministic self-contained ESM artifact (900.959ms)
D:\4lpha-execution\test\billing.awsAdapter.test.ts:33
import { billingAdapterConfigFromProductionManifest,
         ^
SyntaxError: The requested module '../src/billing/custody.js' does not provide an export named 'billingAdapterConfigFromProductionManifest'
    at #asyncInstantiate (node:internal/modules/esm/module_job:327:21)
    at async ModuleJob.run (node:internal/modules/esm/module_job:431:5)
    at async node:internal/modules/esm/loader:643:26
    at async asyncRunEntryPointWithESMLoader (node:internal/modules/run_main:101:5)

Node.js v24.18.0
✖ test\billing.awsAdapter.test.ts (1391.2383ms)
✔ shared ECS credential provider is one-flight, early-refreshing and closable (4.1852ms)
✔ canonical PEM accepts DER length modulo three 0, 1 and 2 with only terminal padding (1.108ms)
✔ shared provider rejects alternate AWS sources and Roles Anywhere path crossover (0.6966ms)
✔ Roles Anywhere helper argv and stdout bytes match the pinned provenance (17.0674ms)
✔ Roles Anywhere accepts only the reviewed X.509 ECDSA-SHA256 algorithm encoding (10.5873ms)
✔ helper expiry admission samples its only parse clock after helper completion (0.7189ms)
✔ bounded helper child closes stdin, caps both pipes, times out, reaps and sanitizes failures (1005.324ms)
node:internal/modules/package_json_reader:301
  throw new ERR_MODULE_NOT_FOUND(packageName, fileURLToPath(base), null);
        ^

Error [ERR_MODULE_NOT_FOUND]: Cannot find package '@aws-sdk/client-kms' imported from D:\4lpha-execution\src\billing\awsBillingProduction.internal.ts
    at Object.getPackageJSONURL (node:internal/modules/package_json_reader:301:9)
    at packageResolve (node:internal/modules/esm/resolve:768:81)
    at moduleResolve (node:internal/modules/esm/resolve:859:18)
    at defaultResolve (node:internal/modules/esm/resolve:992:11)
    at #cachedDefaultResolve (node:internal/modules/esm/loader:701:20)
    at #resolveAndMaybeBlockOnLoaderThread (node:internal/modules/esm/loader:721:38)
    at nextStep (node:internal/modules/customization_hooks:189:26)
    at resolveBaseSync (file:///D:/4lpha-execution/node_modules/tsx/dist/register-C4vWVmug.mjs:2:10932)
    at resolveDirectorySync (file:///D:/4lpha-execution/node_modules/tsx/dist/register-C4vWVmug.mjs:2:12238)
    at resolveTsPathsSync (file:///D:/4lpha-execution/node_modules/tsx/dist/register-C4vWVmug.mjs:2:13445) {
  code: 'ERR_MODULE_NOT_FOUND'
}

Node.js v24.18.0
✖ test\billing.awsProduction.test.ts (1445.4433ms)
D:\4lpha-execution\src\billing\collectorDeployment.ts:13
  BILLING_COLLECTOR_CREATION_BYTES,
  ^
SyntaxError: The requested module './collectorCompiler.js' does not provide an export named 'BILLING_COLLECTOR_CREATION_BYTES'
    at #asyncInstantiate (node:internal/modules/esm/module_job:327:21)
    at async ModuleJob.run (node:internal/modules/esm/module_job:431:5)
    at async node:internal/modules/esm/loader:643:26
    at async asyncRunEntryPointWithESMLoader (node:internal/modules/run_main:101:5)

Node.js v24.18.0
✖ test\billing.collectorDeployment.test.ts (1577.1558ms)
✔ prepare-only identity validator binds exact billing execution and session key (21.9416ms)
✔ expiry fixture requires canonical payInvoice with maxExpiresAt bound (4.6166ms)
✔ expiry CLI emits one constant refusal for sensitive external failures (3.704ms)
✔ expiry CLI also sanitizes a sensitive close failure (12.3253ms)
✔ owner billing grant and service session are owner-signed, scoped, and portable (131.4761ms)
✔ billing account lifecycle is account-wide and close cannot silently reopen (58.2711ms)
✔ billing owner read is authenticated and never returns encrypted session material (16.1825ms)
✔ billing grant rejects cross-agent and unknown-field mutation without storing a grant (16.7046ms)
✔ a valid account-read bearer changes no configured billing owner route (14.4643ms)
▶ production platform-payer equations
  ✔ counts each live state once and excludes released/invoiced (2.5513ms)
  ✔ fails closed when an actual/claimed row lost its debit (0.4667ms)
  ✔ accepts exact Base and 0G funding boundaries (0.321ms)
  ✔ keeps native, USDC and neuron dimensions independent (0.3579ms)
  ✔ refuses uint256 overflow instead of wrapping (0.2171ms)
✔ production platform-payer equations (11.8374ms)
✔ billing config defaults every paid gate off without reading production fields (2.1911ms)
✔ billing config rejects malformed and externally bound on modes (0.4024ms)
✔ billing error table has the exact 17 closed rows and Phase 5 envelope (0.2786ms)
✔ ceil and asset conversion round upward at every boundary (0.3874ms)
✔ billing DAY cap includes exact relay reserve and refuses >0.1 BNB (0.2802ms)
✔ invoice allocation floors then assigns remainder by lexical usage id (10.8969ms)
✔ oracle pairs require identical RPC facts, feed predicates, and 3600s sequencer grace (0.8874ms)
✔ cross-feed skew accepts 90000 and rejects 90001 seconds (0.3915ms)
✔ exact 25-model manifest and conservative full-context reservation (0.6468ms)
✔ every live 0G catalog field is fail-closed before paid admission (0.5191ms)
✔ ticket and per-agent assertion signatures are portable Ed25519 artifacts (8.441ms)
✔ paid wire golden vector is byte-stable for the 4lpha-0G bridge (21.9365ms)
✔ request digest is non-circular: auth envelope changes do not change business digest (0.5367ms)
✔ billing session has exactly collector selector plus one native DAY cap (3.5056ms)
✔ BillingCollector compiles reproducibly under pinned solc settings (1361.4447ms)
✔ CMC query grammar is closed and deterministic (0.8484ms)
✔ CMC challenge accepts exactly one canonical v2 requirement and rejects aliases (2.8707ms)
✔ x402 settlement response and payment-header namespace are closed (4.7467ms)
✔ x402 payment signature must cryptographically bind stored EIP-3009 facts (79.7211ms)
✔ CMC adapter filters the unpaid challenge before one signature and one paid replay (63.951ms)
✔ CMC non-402 response releases the reservation without reaching the signer (5.182ms)
✔ Memory BillingStore preserves permanent wallet uniqueness and per-agent issuer isolation (0.503ms)
✔ PostgreSQL/FakeSql BillingStore persists encrypted account state and enforces wallet uniqueness (21.1707ms)
✔ billing worker dry-run is read-only and cannot reach oracle, reconcile, signer, or submit seams (2.5742ms)
✔ core billing transport refuses private and shared boot destinations (7.5156ms)
✔ billing worker persists a rotating account cursor and bounds each pass (3.2043ms)
✔ core x402 reconciler releases only two-RPC positive finalized absence (1.093ms)
✔ billing worker reclaims leases, expires quotes, and reconciles x402 unknowns before new work (2.0229ms)
✔ billing worker rejects a fabricated same-origin oracle pair before invoice admission (0.6391ms)
✔ Memory BillingStore joins exact logical retries and fences conflicting request digests (5.1169ms)
✔ 0G history accepts exact 0g neuron rows, additive components, and old API-key ID (0.62ms)
✔ matching 0G history trusts authoritative cost but enforces identity and reservation (1.0246ms)
✔ 0G reconciler resumes beyond 1,000 history rows and charges exact authoritative cost (25.7976ms)
✔ 0G reconciliation cursor refuses an unbounded continuing scan generation (4.6606ms)
✔ quoted invoice identity binds oracle evidence and expires at exactly +60 (0.4355ms)
✔ invoice claim recomputes canonical totals and oracle predicates from actual members (2.7273ms)
✔ account close owns one all-usage flush claim until expiry safely releases it (2.3437ms)
✔ collection store-only callsId survives a journal bind fault and restart repairs the journal (227.9629ms)
✔ canonical collection proof invoices exact members and advances the account-principal journal (6.2365ms)
✔ billing collection journal rows require and retain the exact account principal (0.8783ms)
✔ billing collection journal callsId CAS has Memory/PostgreSQL replay and conflict parity (8.8656ms)
✔ billing collection proof resolution has Memory/PostgreSQL parity and terminal conflict fencing (3.6924ms)
D:\4lpha-execution\src\billing\sessionGenerations.ts:7
import { billingAccountCustodyKind, type BillingAccount } from "./types.js";
         ^
SyntaxError: The requested module './types.js' does not provide an export named 'billingAccountCustodyKind'
    at #asyncInstantiate (node:internal/modules/esm/module_job:327:21)
    at async ModuleJob.run (node:internal/modules/esm/module_job:431:5)
    at async node:internal/modules/esm/loader:643:26
    at async asyncRunEntryPointWithESMLoader (node:internal/modules/run_main:101:5)

Node.js v24.18.0
✖ test\billing.productionAcquisition.test.ts (3965.7479ms)
✔ production bootstrap binds local manifest and bundle before any external seam (28.7839ms)
D:\4lpha-execution\src\billing\productionCoreBridge.ts:13
import { billingAccountCustodyKind, type BillingAccount } from "./types.js";
         ^
SyntaxError: The requested module './types.js' does not provide an export named 'billingAccountCustodyKind'
    at #asyncInstantiate (node:internal/modules/esm/module_job:327:21)
    at async ModuleJob.run (node:internal/modules/esm/module_job:431:5)
    at async node:internal/modules/esm/loader:643:26
    at async asyncRunEntryPointWithESMLoader (node:internal/modules/run_main:101:5)

Node.js v24.18.0
✖ test\billing.productionCoreBridge.test.ts (1541.6674ms)
▶ Phase 5 production manifest
  ✔ pins one canonical golden manifest and its SHA-256 (8.5219ms)
  ✔ accepts only the complete ordered AWS credential union (1.8044ms)
  ✔ refuses whitespace, BOM, missing, unknown, and reordered members (2.1498ms)
  ✔ enforces literal identities, finality, attestation, and role separation (1.7964ms)
  ✔ enforces exact cap maxima, provider minimums, and the fail-closed 0G gate (1.7337ms)
✔ Phase 5 production manifest (17.1546ms)
▶ Phase 5 expiry evidence
  ✔ partitions every quote expiry class with exact deltas (0.5282ms)
  ✔ partitions intent separately and rejects intent-after-quote ordering (0.1961ms)
  ✔ builds a closed probe-input hash without retaining calldata (0.8608ms)
  ✔ canonicalizes evidence and refuses inconsistent class, delta, ordering, or result (0.7278ms)
✔ Phase 5 expiry evidence (2.5905ms)
D:\4lpha-execution\src\billing\sessionGenerations.ts:7
import { billingAccountCustodyKind, type BillingAccount } from "./types.js";
         ^
SyntaxError: The requested module './types.js' does not provide an export named 'billingAccountCustodyKind'
    at #asyncInstantiate (node:internal/modules/esm/module_job:327:21)
    at async ModuleJob.run (node:internal/modules/esm/module_job:431:5)
    at async node:internal/modules/esm/loader:643:26
    at async asyncRunEntryPointWithESMLoader (node:internal/modules/run_main:101:5)

Node.js v24.18.0
✖ test\billing.productionExposureSnapshot.test.ts (1636.7059ms)
D:\4lpha-execution\src\billing\sessionGenerations.ts:7
import { billingAccountCustodyKind, type BillingAccount } from "./types.js";
         ^
SyntaxError: The requested module './types.js' does not provide an export named 'billingAccountCustodyKind'
    at #asyncInstantiate (node:internal/modules/esm/module_job:327:21)
    at async ModuleJob.run (node:internal/modules/esm/module_job:431:5)
    at async node:internal/modules/esm/loader:643:26
    at async asyncRunEntryPointWithESMLoader (node:internal/modules/run_main:101:5)

Node.js v24.18.0
✖ test\billing.productionOperator.test.ts (4013.0413ms)
D:\4lpha-execution\src\billing\sessionGenerations.ts:7
import { billingAccountCustodyKind, type BillingAccount } from "./types.js";
         ^
SyntaxError: The requested module './types.js' does not provide an export named 'billingAccountCustodyKind'
    at #asyncInstantiate (node:internal/modules/esm/module_job:327:21)
    at async ModuleJob.run (node:internal/modules/esm/module_job:431:5)
    at async node:internal/modules/esm/loader:643:26
    at async asyncRunEntryPointWithESMLoader (node:internal/modules/run_main:101:5)

Node.js v24.18.0
✖ test\billing.sessionGenerations.test.ts (4948.6467ms)
node:internal/modules/package_json_reader:301
  throw new ERR_MODULE_NOT_FOUND(packageName, fileURLToPath(base), null);
        ^

Error [ERR_MODULE_NOT_FOUND]: Cannot find package '@aws-sdk/client-kms' imported from D:\4lpha-execution\src\billing\awsBillingSessionIdentity.ts
    at Object.getPackageJSONURL (node:internal/modules/package_json_reader:301:9)
    at packageResolve (node:internal/modules/esm/resolve:768:81)
    at moduleResolve (node:internal/modules/esm/resolve:859:18)
    at defaultResolve (node:internal/modules/esm/resolve:992:11)
    at #cachedDefaultResolve (node:internal/modules/esm/loader:701:20)
    at #resolveAndMaybeBlockOnLoaderThread (node:internal/modules/esm/loader:721:38)
    at nextStep (node:internal/modules/customization_hooks:189:26)
    at resolveBaseSync (file:///D:/4lpha-execution/node_modules/tsx/dist/register-C4vWVmug.mjs:2:10932)
    at resolveDirectorySync (file:///D:/4lpha-execution/node_modules/tsx/dist/register-C4vWVmug.mjs:2:12238)
    at resolveTsPathsSync (file:///D:/4lpha-execution/node_modules/tsx/dist/register-C4vWVmug.mjs:2:13445) {
  code: 'ERR_MODULE_NOT_FOUND'
}

Node.js v24.18.0
✖ test\billing.sessionIdentity.test.ts (482.179ms)
D:\4lpha-execution\src\billing\sessionGenerations.ts:7
import { billingAccountCustodyKind, type BillingAccount } from "./types.js";
         ^
SyntaxError: The requested module './types.js' does not provide an export named 'billingAccountCustodyKind'
    at #asyncInstantiate (node:internal/modules/esm/module_job:327:21)
    at async ModuleJob.run (node:internal/modules/esm/module_job:431:5)
    at async node:internal/modules/esm/loader:643:26
    at async asyncRunEntryPointWithESMLoader (node:internal/modules/run_main:101:5)

Node.js v24.18.0
✖ test\billing.sessionLifecycle.test.ts (1732.3597ms)
node:internal/modules/package_json_reader:301
  throw new ERR_MODULE_NOT_FOUND(packageName, fileURLToPath(base), null);
        ^

Error [ERR_MODULE_NOT_FOUND]: Cannot find package '@aws-sdk/client-kms' imported from D:\4lpha-execution\src\billing\awsBillingSessionIdentity.ts
    at Object.getPackageJSONURL (node:internal/modules/package_json_reader:301:9)
    at packageResolve (node:internal/modules/esm/resolve:768:81)
    at moduleResolve (node:internal/modules/esm/resolve:859:18)
    at defaultResolve (node:internal/modules/esm/resolve:992:11)
    at #cachedDefaultResolve (node:internal/modules/esm/loader:701:20)
    at #resolveAndMaybeBlockOnLoaderThread (node:internal/modules/esm/loader:721:38)
    at nextStep (node:internal/modules/customization_hooks:189:26)
    at resolveBaseSync (file:///D:/4lpha-execution/node_modules/tsx/dist/register-C4vWVmug.mjs:2:10932)
    at resolveDirectorySync (file:///D:/4lpha-execution/node_modules/tsx/dist/register-C4vWVmug.mjs:2:12238)
    at resolveTsPathsSync (file:///D:/4lpha-execution/node_modules/tsx/dist/register-C4vWVmug.mjs:2:13445) {
  code: 'ERR_MODULE_NOT_FOUND'
}

Node.js v24.18.0
✖ test\billing.sessionPostgres.test.ts (1658.9197ms)
D:\4lpha-execution\src\billing\sessionGenerations.ts:7
import { billingAccountCustodyKind, type BillingAccount } from "./types.js";
         ^
SyntaxError: The requested module './types.js' does not provide an export named 'billingAccountCustodyKind'
    at #asyncInstantiate (node:internal/modules/esm/module_job:327:21)
    at async ModuleJob.run (node:internal/modules/esm/module_job:431:5)
    at async node:internal/modules/esm/loader:643:26
    at async asyncRunEntryPointWithESMLoader (node:internal/modules/run_main:101:5)

Node.js v24.18.0
✖ test\billing.sessionRoutes.test.ts (5001.4005ms)
D:\4lpha-execution\test\billing.ticketBounds.test.ts:3
import { MAX_TICKET_SIGNING_BYTES, ticketSigningBytes } from "../src/billing/canonical.js";
         ^
SyntaxError: The requested module '../src/billing/canonical.js' does not provide an export named 'MAX_TICKET_SIGNING_BYTES'
    at #asyncInstantiate (node:internal/modules/esm/module_job:327:21)
    at async ModuleJob.run (node:internal/modules/esm/module_job:431:5)
    at async node:internal/modules/esm/loader:643:26
    at async asyncRunEntryPointWithESMLoader (node:internal/modules/run_main:101:5)

Node.js v24.18.0
✖ test\billing.ticketBounds.test.ts (1582.2694ms)
▶ canonicalEncode — determinism
  ✔ is independent of object key order (3.0009ms)
  ✔ is independent of address casing (3.3442ms)
  ✔ renders a bigint in one stable form regardless of construction (1.6326ms)
  ✔ keeps array order significant (0.2926ms)
  ✔ does not collide a number, a string and a bigint of equal value (0.1657ms)
  ✔ drops undefined-valued keys, matching an omitted optional (0.1307ms)
  ✔ handles nested structures deterministically (0.2912ms)
  ✔ throws on a non-finite number (0.5683ms)
✔ canonicalEncode — determinism (11.1495ms)
▶ paramsHash
  ✔ binds the action: same params, different action ⇒ different hash (0.6622ms)
  ✔ binds the params: different params ⇒ different hash (0.378ms)
  ✔ is stable across incidental representation (0.4039ms)
  ✔ returns a 32-byte hex (0.3021ms)
✔ paramsHash (2.0374ms)
✔ worker singleton uses the fixed namespace/role key and graceful unlock (10.4451ms)
✔ billing overlap returns the closed already-running result (0.4747ms)
✔ daemon overlap refuses before work (0.6434ms)
✔ lock loss latches fatal before a paused external boundary and replacement acquisition (0.6783ms)
✔ dependency proxy re-checks the fence at every method call (0.5697ms)
✔ unlock false is a nonzero-worthy failure (0.3206ms)
✖ money worker shells acquire the role lock before constructing external dependencies (28.8415ms)
✔ lock loss cancels a registered cycle timer immediately and never unlocks (1.8084ms)
✔ graceful stop cancels the cycle timer but retains healthy unlock authority (1.1066ms)
✔ lock loss marks nonzero synchronously before scheduling termination (0.3999ms)
✖ real billing worker cannot resume from a paused store read after replacement acquires (1.5303ms)
✔ graceful drain aborts waits immediately and enforces the exact bounded timeout (0.5383ms)
✔ completed graceful drain cannot later terminate (0.3658ms)
✔ LP reader already past connect cannot start its sequential RPC batch after replacement (3.2897ms)
✖ Venus reader already past connect cannot start its sequential RPC batch after replacement (11.4081ms)
✔ already-crossed submit becomes UNKNOWN under replacement and the Venus gate forbids resend (2.2513ms)
▶ readEnvValue layering
  ✔ prefers .env.local over .env (23.0864ms)
  ✔ prefers a real process env var over both files (4.5118ms)
  ✔ ignores commented-out assignments (4.7932ms)
  ✔ strips surrounding quotes (3.9187ms)
  ✔ returns undefined when neither file exists (1.5852ms)
✔ readEnvValue layering (39.4134ms)
▶ writeEnvValue
  ✔ creates .env and writes a new key (6.0771ms)
  ✔ refuses to overwrite an existing value (5.7497ms)
  ✔ allows an overwrite when SPIKE_ROTATE_KEY names that key (8.7572ms)
  ✔ does not accept a rotation opt-in for a DIFFERENT key (4.7407ms)
  ✔ is idempotent when the value is unchanged (19.6453ms)
  ✔ throws when .env.local shadows the value it just wrote (6.527ms)
  ✔ throws when a process env var shadows the value it just wrote (3.2459ms)
  ✔ never writes to .env.local (6.1347ms)
  ✔ preserves other entries and the header comment (8.4171ms)
  ✔ does not resurrect a commented-out assignment, and appends exactly one (8.6172ms)
  ✔ replaces an existing assignment in place rather than appending (7.1264ms)
  ﹣ writes the file owner-only (4.2444ms) # POSIX file modes are not modelled on Windows
✔ writeEnvValue (90.5479ms)
▶ sanitizeMessage
  ✔ redacts 32-byte-and-longer hex blobs (1.4045ms)
  ✔ redacts long calldata (0.3847ms)
  ✔ keeps plain addresses, which are safe and useful in diagnostics (0.3945ms)
  ✔ strips endpoint URLs (0.1391ms)
  ✔ drops an appended request body wholesale (0.1193ms)
  ✔ collapses whitespace and bounds the length (0.4138ms)
  ✔ falls back to a generic message when nothing survives (0.2127ms)
✔ sanitizeMessage (4.3455ms)
▶ mapProviderError
  ✔ classifies expiry failures (3.0646ms)
  ✔ classifies spend-cap failures (0.5885ms)
  ✔ classifies allowlist failures (0.3881ms)
  ✔ classifies a revoked key as not allowed (0.7906ms)
  ✔ falls back to ProviderError for anything unrecognized (0.3313ms)
  ✔ handles non-Error throws (0.1787ms)
  ✔ passes our own errors through without reclassifying (0.1354ms)
  ✔ sanitizes the message it carries forward (0.1735ms)
  ✔ exposes a stable code for every error class (0.1183ms)
  ✔ names errors after their class for log readability (0.068ms)
✔ mapProviderError (6.5116ms)
▶ mapProviderError: transport failures that never got an HTTP status
  ✔ classifies socket hang up as INFRASTRUCTURE_ERROR, not a permanent provider failure (0.7393ms)
  ✔ classifies ECONNRESET as INFRASTRUCTURE_ERROR, not a permanent provider failure (1.5434ms)
  ✔ classifies ECONNREFUSED as INFRASTRUCTURE_ERROR, not a permanent provider failure (0.162ms)
  ✔ classifies ETIMEDOUT as INFRASTRUCTURE_ERROR, not a permanent provider failure (0.086ms)
  ✔ classifies EAI_AGAIN as INFRASTRUCTURE_ERROR, not a permanent provider failure (0.0819ms)
  ✔ classifies ENOTFOUND as INFRASTRUCTURE_ERROR, not a permanent provider failure (0.0959ms)
  ✔ classifies viem network-level failure as INFRASTRUCTURE_ERROR, not a permanent provider failure (0.1275ms)
  ✔ classifies viem TimeoutError as INFRASTRUCTURE_ERROR, not a permanent provider failure (0.1229ms)
  ✔ classifies undici premature close as INFRASTRUCTURE_ERROR, not a permanent provider failure (0.088ms)
  ✔ classifies undici bare terminated as INFRASTRUCTURE_ERROR, not a permanent provider failure (0.0702ms)
  ✔ classifies network socket as INFRASTRUCTURE_ERROR, not a permanent provider failure (0.0755ms)
  ✔ still classifies the status-bearing failures it always did (0.2309ms)
  ✔ does NOT reclassify a PRODUCT refusal — the order still puts reverts first (0.2362ms)
✔ mapProviderError: transport failures that never got an HTTP status (4.0233ms)
▶ mapProviderError: G2 — structured revert evidence beats transport prose
  ✔ a decoded custom error NAMED like a transport failure is a revert, not an outage (0.1842ms)
  ✔ suppresses transport prose for every shape a node uses to report a revert (0.244ms)
  ✔ finds the revert on a NESTED cause under a generic top message (0.1716ms)
  ✔ still classifies the five ACCOUNT-level refusals from their own evidence (0.2432ms)
  ✔ does NOT suppress transport prose for an outage that merely mentions retrying (0.2295ms)
  ✔ PINS the accepted residue: a PROSE-ONLY refusal plus transport prose reads as an outage (0.2533ms)
  ✔ classifyFailureCode behaves identically on a whole FAILED body (0.245ms)
✔ mapProviderError: G2 — structured revert evidence beats transport prose (1.7592ms)
▶ E9 item 2's tripwire — where INFRASTRUCTURE_ERROR is branched on
  ✔ pins EVERY branch form on the class, not just `===` (I1) (63.2088ms)
  ✔ pins the CALL SITES of the LP predicate: exactly three, all in the saga driver (44.22ms)
  ✔ pins the one property the condition is about: the SUBMIT's catch does not consult the class (2.0556ms)
✔ E9 item 2's tripwire — where INFRASTRUCTURE_ERROR is branched on (109.6741ms)
▶ authorizeExecute
  ✔ allows an armed agent with a live session and no blocks (2.1702ms)
  ✔ blocks an expired session (0.394ms)
  ✔ blocks an agent with no session (0.1917ms)
  ✔ blocks a paused agent (0.376ms)
  ✔ blocks under a global halt even with a live, unpaused session (0.2011ms)
  ✔ takes no owner signature — its inputs are agent, killswitch, now only (0.2077ms)
✔ authorizeExecute (4.8307ms)
▶ idempotency keys
  ✔ ownerActionIdempotencyKey is deterministic and casing-stable (0.7874ms)
  ✔ ownerActionIdempotencyKey changes when any signed field changes (0.758ms)
  ✔ executeIdempotencyKey binds agent, decision and calls (0.4501ms)
✔ idempotency keys (2.254ms)
▶ executeViaSession pre-flight
  ✔ rejects an empty batch (2.3886ms)
  ✔ rejects a batch larger than the ceiling (0.5161ms)
  ✔ accepts a batch exactly at the ceiling (0.951ms)
  ✔ rejects an expired session without a relay round trip OR a chain read (0.5375ms)
  ✔ rejects a target outside the allowlist when the chain also refuses (17.668ms)
  ✔ matches allowlist targets regardless of checksum casing (0.4253ms)
  ✔ a bare-selector rule does not disable the check for other calls (3.3615ms)
  ✔ a bare-selector rule permits exactly the calldata it names (4.8172ms)
  ✔ a bare-selector rule rejects a different function on any target (6.2163ms)
  ✔ a to+selector rule requires BOTH to match (4.2128ms)
  ✔ submits anyway when the caller bypasses the local check (0.6922ms)
  ✔ still refuses a malformed batch under a bypass (0.4461ms)
✔ executeViaSession pre-flight (45.5648ms)
▶ preflightExecute: the chain fallback
  ✔ submits when the snapshot refuses and the account allows every call (3.0268ms)
  ✔ refuses when the chain allows one call of several and refuses another (1.9927ms)
  ✔ refuses, sanitised, when the chain read throws (6.736ms)
  ✔ PHASE3.1-FIXREVIEW F1: an RPC OUTAGE in the fallback is an outage, not a policy refusal (27.7055ms)
  ✔ PHASE3.1-FIXREVIEW F1: a fallback TIMEOUT is an outage too (5011.1737ms)
  ✔ PHASE3.1-FIXREVIEW F1: a DETERMINATE no is still NOT_ALLOWED (2.9006ms)
  ✔ PHASE3.1-FIXREVIEW3 H4: a read that REVERTED still refuses, even carrying transport words (5.4767ms)
  ✔ VOIDS the fallback for a super-admin key (1.0167ms)
  ✔ refuses when the key is not on the account at all (0.6127ms)
  ✔ refuses a call back into the WALLET even when the account allows it (0.6557ms)
  ✔ refuses a call into the KEYSTORE even when the account allows it (3.2337ms)
  ✔ requires BOTH halves for a value-moving selector (3.3758ms)
  ✔ reads spendInfos ONCE for the whole batch (1.4089ms)
  ✔ still throws from INSIDE the submit when execute resolves and the signal then aborts (9.4751ms)
  ✔ refuses on an aborted signal without asking the chain (0.339ms)
✔ preflightExecute: the chain fallback (5080.5702ms)
▶ grant evidence normalizer
  ✔ normalizes selector-bound, target-only, and selector-only call rows (23.2595ms)
  ✔ normalizes native spellings, ERC-20 addresses, and all six periods (0.6362ms)
  ✔ rejects duplicate and malformed rows (0.8336ms)
  ✔ treats extra and missing valid rows as unequal (0.6258ms)
  ✔ arms only exact evidence and returns the closed missing reasons (7.3118ms)
✔ grant evidence normalizer (34.5636ms)
▶ hire sizing and funding
  ✔ binds the grant digest to the shared canonical encoder (0.4049ms)
  ✔ uses grid-v1@1 fixed-grid maxima and strict one-wei cap (0.6815ms)
  ✔ charges two registrations only for an empty active registry (0.1511ms)
✔ hire sizing and funding (1.5724ms)
▶ KeyDoesNotExist revert classification (2026-09-03 live hire incident)
  ✔ pins the selector to the error's own signature (0.2453ms)
  ✔ recognises the revert as viem reports it: raw signature, raw data, decoded name, nested cause (0.2543ms)
  ✔ does not swallow anything else — other reverts, transport failures, junk (0.1464ms)
✔ KeyDoesNotExist revert classification (2026-09-03 live hire incident) (0.8004ms)
▶ hire config and enumerations
  ✔ is strict-off, requires passkeys in config, and pins encryption at production boot (1.4864ms)
  ✔ derives the default grant headroom and validates an override (0.3555ms)
  ✔ keeps hire journals local-only and out of the money namespace (0.5598ms)
✔ hire config and enumerations (3.5515ms)
▶ strict hire wire and byte contracts
  ✔ accepts exactly the closed shape and rejects extras, loose decimals, ttl and presets (0.6027ms)
  ✔ pins every reviewed hire refusal/remedy through the real sanitizer (0.5548ms)
✔ strict hire wire and byte contracts (1.3197ms)
▶ real Postgres text pins the hire CAS and idempotent migrations
  ✔ pins status, row version and grant digest in the real arm statement (0.2895ms)
  ✔ uses one real cancel statement with the complete CAS predicate (0.2408ms)
  ✔ uses add-column-if-not-exists for both new columns (0.1209ms)
✔ real Postgres text pins the hire CAS and idempotent migrations (0.833ms)
[server] unhandled_error: injected pre-insert crash
▶ marketplace hire routes
  ✔ requires a durable chain-56 passkey composition at server construction (10.8236ms)
  ✔ returns the mandatory fresh preview from server-owned arithmetic and funding (56.4204ms)
  ✔ persists row+key before the journal and exact retry returns the durable view (42.5856ms)
  ✔ requires a fresh signature only for a crash after nonce and before insert (55.4941ms)
  ✔ repairs a row written before its journal entry (15.9538ms)
  ✔ replays the durable row after the journal committed but the response failed (23.9417ms)
  ✔ spends both nonces when different signatures race one global agent id (29.7349ms)
  ✔ leaves the nonce free on the 403 owner binding and 503 evidence refusals (18.0855ms)
  ✔ leaves the nonce free on a pre-existing global id and a stale sizing preview (41.324ms)
  ✔ converges on GET and throttles by owner+id for ten seconds (74.1435ms)
  ✔ accepts an account bearer on session GET and never on session mutations (30.822ms)
  ✔ reads bounded session-registration evidence for armed, paused, and revoked rows without CAS (80.8096ms)
  ✔ keeps S1 continuation read-only, then owner account-read commits finalized invalid proof and releases the wallet (96.3445ms)
  ✔ accepts stable finalized absence as removal proof and releases the wallet (56.0288ms)
  ✔ revalidates a durable stored proof at read time instead of aging Removed back into retry (45.1495ms)
  ✔ returns finalized non-authorizing diagnostics and keeps the wallet locked (63.689ms)
  ✔ uses the exact provisioning lifecycle remedy and pre-expiry cancel is non-destructive (40.7816ms)
  ✔ refuses every remaining ordinary lifecycle mutation while provisioning (35.8975ms)
  ✔ a cancel request that observes authority keeps the key and returns both revoke legs (19.731ms)
✔ marketplace hire routes (841.3224ms)
▶ journal lp kind: the money set
  ✔ MONEY_KINDS contains lp, so the memory getByDecision follows for free (1.6615ms)
  ✔ the Postgres getByDecision SQL literal itself names lp (F3: the fake cannot see this drift) (9.3398ms)
✔ journal lp kind: the money set (12.349ms)
▶ Phase 3.9b: begun_at_block SQL and call-site boundary
  ✔ migrates the nullable bigint and binds it explicitly on journal begin (1.2737ms)
  ✔ only submission-capable LP call sites pass the existing market block (4.3645ms)
✔ Phase 3.9b: begun_at_block SQL and call-site boundary (6.2519ms)
▶ Phase 3.9b begunAtBlock (memory)
  ✔ round-trips the exact finalized LP lower bound and defaults other rows to null (0.8212ms)
  ✔ never overwrites the original lower bound on an idempotent retry (0.2523ms)
  ✔ rejects a block that cannot fit the non-negative PostgreSQL bigint contract (1.1629ms)
✔ Phase 3.9b begunAtBlock (memory) (2.5704ms)
▶ journal lp kind (memory): decision namespace
  ✔ finds an lp row by decision — the same lookup /execute and /trade replay-check through (0.4527ms)
  ✔ shares ONE decisionId namespace across lp, execute and trade (0.2836ms)
  ✔ still ignores non-money kinds and other agents (0.5044ms)
✔ journal lp kind (memory): decision namespace (1.4564ms)
▶ reconcile lp rows (memory)
  ✔ resolves a crashed lp step from its callsId — same path as execute/trade, no session check (1.4409ms)
  ✔ rolls an lp step back when the chain reports FAILED (1.2491ms)
  ✔ parks an lp step with no callsId as UNKNOWN and holds it (2.2396ms)
✔ reconcile lp rows (memory) (5.3635ms)
▶ Phase 3.9b begunAtBlock (postgres(fake sql))
  ✔ round-trips the exact finalized LP lower bound and defaults other rows to null (1.1862ms)
  ✔ never overwrites the original lower bound on an idempotent retry (0.5152ms)
  ✔ rejects a block that cannot fit the non-negative PostgreSQL bigint contract (0.8123ms)
✔ Phase 3.9b begunAtBlock (postgres(fake sql)) (2.7116ms)
▶ journal lp kind (postgres(fake sql)): decision namespace
  ✔ finds an lp row by decision — the same lookup /execute and /trade replay-check through (0.5209ms)
  ✔ shares ONE decisionId namespace across lp, execute and trade (0.3568ms)
  ✔ still ignores non-money kinds and other agents (1.056ms)
✔ journal lp kind (postgres(fake sql)): decision namespace (2.0922ms)
▶ reconcile lp rows (postgres(fake sql))
  ✔ resolves a crashed lp step from its callsId — same path as execute/trade, no session check (17.6347ms)
  ✔ rolls an lp step back when the chain reports FAILED (1.8382ms)
  ✔ parks an lp step with no callsId as UNKNOWN and holds it (0.8288ms)
✔ reconcile lp rows (postgres(fake sql)) (20.5349ms)
▶ lp rows and the routes' replay check
  ✔ /execute 409s a decisionId already bound to an lp step instead of replaying or resubmitting (62.1468ms)
✔ lp rows and the routes' replay check (62.2789ms)
▶ journal resolveUnknown: the kind joins LOCAL_ONLY_KINDS
  ✔ is local-only, so an interrupted resolution is closed out and not parked (Rev2 item 7) (0.6094ms)
✔ journal resolveUnknown: the kind joins LOCAL_ONLY_KINDS (1.5057ms)
▶ journal resolveUnknown (memory): the one relaxation
  ✔ moves an UNKNOWN row to ROLLED_BACK and records the evidence (0.9297ms)
  ✔ PRESERVES last_error — the reason the row went UNKNOWN is history (Rev2 item 17) (0.2661ms)
  ✔ keeps the other external-ref fields — the merge drops nothing (R18) (0.3525ms)
  ✔ REFUSES a row that is not UNKNOWN — it asserts the state itself (R1) (0.7148ms)
  ✔ refuses a second resolution — its write is the LAST one on the row (0.231ms)
  ✔ throws on a row that does not exist (0.1431ms)
✔ journal resolveUnknown (memory): the one relaxation (2.9395ms)
▶ journal advanceUnknown (memory): PHASE3.9a's second named edge
  ✔ moves UNKNOWN to COMMITTED, preserves history/refs, and keeps spend counted (0.4909ms)
  ✔ refuses a second advance and every non-UNKNOWN source state (0.4748ms)
  ✔ does not leak through ordinary markCommitted (0.3484ms)
✔ journal advanceUnknown (memory): PHASE3.9a's second named edge (1.5827ms)
▶ journal markRolledBack (memory): A7's refusal evidence
  ✔ carries an externalRef onto the ACTION's own row, merged, without widening anything (0.4899ms)
  ✔ still cannot move an UNKNOWN row, ref or no ref (the R1 leak, again) (0.2931ms)
✔ journal markRolledBack (memory): A7's refusal evidence (0.8833ms)
▶ journal resolveUnknown (memory): the relaxation has NOT leaked
  ✔ markCommitted STILL throws on an UNKNOWN row (R1, the reconcile leak) (0.2935ms)
  ✔ markRolledBack STILL throws on an UNKNOWN row (0.3288ms)
  ✔ reconcile leaves an UNKNOWN row alone: listNonTerminal never yields one (1.0741ms)
  ✔ reconcile CLOSES OUT an interrupted resolveUnknown row rather than parking it (Rev2 item 7) (3.4056ms)
✔ journal resolveUnknown (memory): the relaxation has NOT leaked (5.3265ms)
▶ journal resolveUnknown (memory): budget
  ✔ releases the row's spend — which is exactly why a non-zero row is refused upstream (Rev2 item 13) (0.3253ms)
  ✔ leaves the daily-cap sum UNCHANGED for a zero-native resolution (item 19) (0.2147ms)
✔ journal resolveUnknown (memory): budget (0.661ms)
▶ journal resolveUnknown (postgres(fake sql)): the one relaxation
  ✔ moves an UNKNOWN row to ROLLED_BACK and records the evidence (12.0284ms)
  ✔ PRESERVES last_error — the reason the row went UNKNOWN is history (Rev2 item 17) (1.1416ms)
  ✔ keeps the other external-ref fields — the merge drops nothing (R18) (0.7371ms)
  ✔ REFUSES a row that is not UNKNOWN — it asserts the state itself (R1) (1.0647ms)
  ✔ refuses a second resolution — its write is the LAST one on the row (0.7077ms)
  ✔ throws on a row that does not exist (0.5693ms)
✔ journal resolveUnknown (postgres(fake sql)): the one relaxation (16.5754ms)
▶ journal advanceUnknown (postgres(fake sql)): PHASE3.9a's second named edge
  ✔ moves UNKNOWN to COMMITTED, preserves history/refs, and keeps spend counted (1.1676ms)
  ✔ refuses a second advance and every non-UNKNOWN source state (0.9767ms)
  ✔ does not leak through ordinary markCommitted (0.5748ms)
✔ journal advanceUnknown (postgres(fake sql)): PHASE3.9a's second named edge (2.8629ms)
▶ journal markRolledBack (postgres(fake sql)): A7's refusal evidence
  ✔ carries an externalRef onto the ACTION's own row, merged, without widening anything (0.5746ms)
  ✔ still cannot move an UNKNOWN row, ref or no ref (the R1 leak, again) (0.4441ms)
✔ journal markRolledBack (postgres(fake sql)): A7's refusal evidence (1.111ms)
▶ journal resolveUnknown (postgres(fake sql)): the relaxation has NOT leaked
  ✔ markCommitted STILL throws on an UNKNOWN row (R1, the reconcile leak) (0.4983ms)
  ✔ markRolledBack STILL throws on an UNKNOWN row (0.4098ms)
  ✔ reconcile leaves an UNKNOWN row alone: listNonTerminal never yields one (0.4699ms)
  ✔ reconcile CLOSES OUT an interrupted resolveUnknown row rather than parking it (Rev2 item 7) (0.4768ms)
✔ journal resolveUnknown (postgres(fake sql)): the relaxation has NOT leaked (1.9863ms)
▶ journal resolveUnknown (postgres(fake sql)): budget
  ✔ releases the row's spend — which is exactly why a non-zero row is refused upstream (Rev2 item 13) (0.5345ms)
  ✔ leaves the daily-cap sum UNCHANGED for a zero-native resolution (item 19) (0.5939ms)
✔ journal resolveUnknown (postgres(fake sql)): budget (1.3947ms)
▶ journal resolveUnknown: the evidence is size-bounded (R18)
  ✔ clamps long strings and long lists rather than growing the jsonb without limit (0.2997ms)
✔ journal resolveUnknown: the evidence is size-bounded (R18) (0.3603ms)
▶ ExecutionJournal — memory
  ✔ dedupes a repeated begin: same key twice yields one row, no re-run (0.9762ms)
  ✔ walks a normal PENDING → IN_PROGRESS → COMMITTED path (1.5078ms)
  ✔ rejects an illegal transition out of a terminal state (0.8228ms)
  ✔ serializes concurrent same-key begins into a single row (0.7215ms)
  ✔ seeds the calls hash at begin so a decision's binding survives a crash (0.6678ms)
  ✔ scopes getByDecision to the agent, and to execute rows only (0.795ms)
  ✔ closes out an interrupted local-only owner action rather than holding it (1.2642ms)
✔ ExecutionJournal — memory (8.6724ms)
▶ reconcile — memory
  ✔ resolves an IN_PROGRESS execute to COMMITTED WITHOUT re-submitting (0.5572ms)
  ✔ rolls back an execute the relay reports FAILED (0.3818ms)
  ✔ parks a still-pending execute as UNKNOWN and never advances it again (1.6833ms)
  ✔ parks a PENDING row with no external reference as UNKNOWN (ambiguous window) (0.4763ms)
  ✔ commits a grant observed active on-chain (0.8645ms)
  ✔ commits a revoke once the session reads inactive (8.7142ms)
  ✔ holds a grant that is not yet observed active (0.7534ms)
✔ reconcile — memory (14.1447ms)
▶ ExecutionJournal — postgres(fake)
  ✔ dedupes a repeated begin: same key twice yields one row, no re-run (9.6563ms)
  ✔ walks a normal PENDING → IN_PROGRESS → COMMITTED path (15.2255ms)
  ✔ rejects an illegal transition out of a terminal state (3.1956ms)
  ✔ serializes concurrent same-key begins into a single row (0.5813ms)
  ✔ seeds the calls hash at begin so a decision's binding survives a crash (0.7469ms)
  ✔ scopes getByDecision to the agent, and to execute rows only (2.1039ms)
  ✔ closes out an interrupted local-only owner action rather than holding it (0.727ms)
✔ ExecutionJournal — postgres(fake) (32.8546ms)
▶ reconcile — postgres(fake)
  ✔ resolves an IN_PROGRESS execute to COMMITTED WITHOUT re-submitting (0.8429ms)
  ✔ rolls back an execute the relay reports FAILED (0.6809ms)
  ✔ parks a still-pending execute as UNKNOWN and never advances it again (0.7142ms)
  ✔ parks a PENDING row with no external reference as UNKNOWN (ambiguous window) (0.4232ms)
  ✔ commits a grant observed active on-chain (0.7659ms)
  ✔ commits a revoke once the session reads inactive (0.6259ms)
  ✔ holds a grant that is not yet observed active (0.7542ms)
✔ reconcile — postgres(fake) (5.1192ms)
▶ journal (memory): decision namespace
  ✔ finds a trade row by decision, not only an execute row (1.3843ms)
  ✔ returns an execute row for a trade lookup and vice versa (0.4305ms)
  ✔ ignores non-money kinds (0.2456ms)
  ✔ returns the OLDEST row when a decision has several (0.2903ms)
✔ journal (memory): decision namespace (3.4846ms)
▶ journal (memory): native spend accounting
  ✔ counts PENDING, IN_PROGRESS, COMMITTED and UNKNOWN; releases ROLLED_BACK (1.0766ms)
  ✔ excludes rows older than the window and other agents' rows (0.3546ms)
  ✔ can exclude one row by key (0.5821ms)
  ✔ round-trips a full uint256 without losing wei (0.277ms)
✔ journal (memory): native spend accounting (2.6148ms)
▶ journal (memory): beginWithSpend is a reservation
  ✔ reports only OTHER rows' spend (0.4637ms)
  ✔ serializes two concurrent begins: the second sees the first (1.1854ms)
  ✔ returns the existing row for a repeated key (0.3488ms)
✔ journal (memory): beginWithSpend is a reservation (2.462ms)
▶ journal (postgres(fake sql)): decision namespace
  ✔ finds a trade row by decision, not only an execute row (4.3428ms)
  ✔ returns an execute row for a trade lookup and vice versa (3.5007ms)
  ✔ ignores non-money kinds (3.7634ms)
  ✔ returns the OLDEST row when a decision has several (1.3077ms)
✔ journal (postgres(fake sql)): decision namespace (13.1949ms)
▶ journal (postgres(fake sql)): native spend accounting
  ✔ counts PENDING, IN_PROGRESS, COMMITTED and UNKNOWN; releases ROLLED_BACK (6.3299ms)
  ✔ excludes rows older than the window and other agents' rows (1.8136ms)
  ✔ can exclude one row by key (0.4571ms)
  ✔ round-trips a full uint256 without losing wei (1.19ms)
✔ journal (postgres(fake sql)): native spend accounting (10.1947ms)
▶ journal (postgres(fake sql)): beginWithSpend is a reservation
  ✔ reports only OTHER rows' spend (0.5707ms)
  ✔ serializes two concurrent begins: the second sees the first (0.4807ms)
  ✔ returns the existing row for a repeated key (0.4986ms)
✔ journal (postgres(fake sql)): beginWithSpend is a reservation (1.6863ms)
▶ reconcile: trade rows
  ✔ resolves a crashed trade row through awaitExecution (0.8991ms)
  ✔ holds a trade row with no callsId rather than guessing (0.2494ms)
  ✔ NEVER commits a trade row on the strength of a live session (0.2967ms)
  ✔ parks an unrecognized kind as UNKNOWN (0.2889ms)
  ✔ rolls a trade row back when the chain reports FAILED (0.2246ms)
✔ reconcile: trade rows (2.1381ms)
▶ accountKeyHashForAddress
  ✔ matches Porto's Key.hash for a secp256k1 key (7.2771ms)
  ✔ is insensitive to input checksum casing (1.2003ms)
  ✔ is distinct per address (0.6519ms)
  ✔ returns a 32-byte hash (0.5125ms)
✔ accountKeyHashForAddress (11.1694ms)
▶ KillSwitch — memory
  ✔ blocks a paused agent and clears on unpause by the same owner (1.0369ms)
  ✔ blocks every agent under a global halt and resumes on lift (0.2201ms)
  ✔ global halt overrides a per-agent unpause (0.1552ms)
  ✔ scopes pauses by owner: a different owner cannot unpause (0.2825ms)
✔ KillSwitch — memory (2.8033ms)
▶ KillSwitch — postgres(fake)
  ✔ blocks a paused agent and clears on unpause by the same owner (2.2738ms)
  ✔ blocks every agent under a global halt and resumes on lift (0.3747ms)
  ✔ global halt overrides a per-agent unpause (0.3103ms)
  ✔ scopes pauses by owner: a different owner cannot unpause (0.375ms)
✔ KillSwitch — postgres(fake) (3.6732ms)
▶ KillSwitch — persistence across a fresh instance
  ✔ still reports a halt after a new Postgres instance over the same store (0.3636ms)
  ✔ still reports a per-agent pause after a fresh instance (0.3294ms)
✔ KillSwitch — persistence across a fresh instance (0.8597ms)
▶ exitToQuote: the default and the migration (Rev2 items 5/7)
  ✔ defaults to TRUE — the corrected behaviour, not the grandfathered one (1.1296ms)
  ✔ a stored row LACKING the key parses to true, with no migration code (1.5667ms)
  ✔ that row's STORED DIGEST still recomputes — the digest hashes the bytes, not the parse (3.666ms)
  ✔ the DEFAULT settings digest CHANGES — rider (a), stated rather than discovered (0.6311ms)
✔ exitToQuote: the default and the migration (Rev2 items 5/7) (9.1868ms)
▶ exitToQuote: the wire surface (Rev2 item 6)
  ✔ lpSettingsParamsView carries the field — the A5 merge base must not drop it (0.3425ms)
  ✔ round-trips both values through view → parse → view (1.0043ms)
  ✔ is ACCEPTED as a signed key and refused when it is not a boolean (0.4668ms)
  ✔ the OLD spelling is refused as an unknown key — the rename that never happened (0.1819ms)
  ✔ validateLpSettings — the ONE range validator — enforces the boolean (0.5645ms)
✔ exitToQuote: the wire surface (Rev2 item 6) (2.9378ms)
▶ PHASE3.9C: the staged LP prepare names its fee token
  ✔ is the native zero address, never an inferred session token (1.1385ms)
  ✔ sends feeToken on the submit path so the relay can price the intent (9.4642ms)
  ✔ does not let the pool token become the fee token by omission (5.4389ms)
  ✔ has the D1 diagnostic send the SAME fee token it is meant to reproduce (2.9951ms)
✔ PHASE3.9C: the staged LP prepare names its fee token (22.1571ms)
▶ PHASE3.9C: the staged LP prepare accepts the relay's intent expiry
  ✔ submits when the relay reports no intent-level deadline (3.0254ms)
  ✔ still submits when a nonzero expiry TIGHTENS the window (2.4199ms)
  ✔ refuses an intent that would outlive the session (3.0316ms)
  ✔ refuses a nonzero intent expiry that is ALREADY IN THE PAST (2.9007ms)
  ✔ has the D1 diagnostic clear the same expiry the submit path clears (2.9926ms)
  ✔ has the D1 diagnostic REFUSE the expiries the submit path refuses (6.6402ms)
✔ PHASE3.9C: the staged LP prepare accepts the relay's intent expiry (21.8899ms)
▶ centeredRotationRange (the deterministic fallback)
  ✔ re-centers the prior width on the current tick, snapped to spacing (1.3774ms)
  ✔ floors the width at 2 * tickSpacing (0.2221ms)
  ✔ rounds a non-multiple width UP in half-steps (never narrows below prior) (0.1339ms)
  ✔ shifts (not truncates) the window inside the global bounds near MAX_TICK (0.2277ms)
  ✔ shifts inside the global bounds near MIN_TICK (0.1428ms)
  ✔ rejects an invalid caller context (a build error, not brain output) (0.3167ms)
✔ centeredRotationRange (the deterministic fallback) (3.5579ms)
▶ range fence: acceptance
  ✔ accepts a snapped, in-width, centered range containing the current tick (0.4738ms)
  ✔ rejects holdInstead when the reply also carries an unknown key (0.3997ms)
  ✔ accepts an above-biased range anchored at the current price (0.2168ms)
  ✔ accepts a below-biased range anchored at the current price (0.2126ms)
  ✔ accepts holdInstead: false as a plain range proposal (0.1429ms)
✔ range fence: acceptance (1.7495ms)
▶ range fence: every failure falls back deterministically
  ✔ non-object proposals (0.5065ms)
  ✔ missing or non-integer ticks (0.248ms)
  ✔ a smuggled budget or any unknown field (the brain has no sizing authority) (0.1475ms)
  ✔ a non-boolean holdInstead (0.0893ms)
  ✔ an invalid bias (0.078ms)
  ✔ unsnapped ticks (0.0802ms)
  ✔ inverted or globally out-of-bounds ranges (0.0856ms)
  ✔ width below 2 * spacing or above maxTickWidth (0.0796ms)
  ✔ a centered range that does not contain the current tick (0.0801ms)
  ✔ a biased range that drifts away from the current price (0.1093ms)
  ✔ property loop: randomized invalid proposals ALWAYS fall back to the deterministic range (4.4948ms)
  ✔ rejects an invalid caller context by throwing (not by falling back) (0.3747ms)
✔ range fence: every failure falls back deterministically (6.7499ms)
▶ pool fence (Rev2 item 36)
  ✔ accepts a survivor, normalizing case to the checksummed form (0.8807ms)
  ✔ falls back to the deterministic head on a hallucinated pool address (0.445ms)
  ✔ falls back on malformed pool proposals (0.3022ms)
  ✔ property loop: random hex addresses never pass the survivor set (13.8981ms)
  ✔ an empty survivor list is a caller bug and throws (the open refuses upstream) (0.4653ms)
✔ pool fence (Rev2 item 36) (16.2553ms)
▶ PHASE3.13 B8: adjacentRotationRange
  ✔ is STRICTLY one side of the tick for every tick/spacing residue, negatives and zero included (3.7617ms)
  ✔ preserves the prior width (snapped down) and floors it at 2 * tickSpacing (0.2061ms)
  ✔ clamps to maxTickWidth — F7 case 3, the imported-wide-position gap (0.0789ms)
  ✔ REFUSES at the global bounds rather than shifting back across the tick (F7 cases 1 and 2, both directions) (0.3818ms)
  ✔ refuses a tick below the lowest spacing-aligned anchor rather than emitting an unaligned one (M3) (0.2566ms)
  ✔ validates its own inputs (0.1933ms)
✔ PHASE3.13 B8: adjacentRotationRange (5.111ms)
▶ PHASE3.13: swaplessRotationSide
  ✔ derives the side from the FRESH tick against the PRIOR range, lower-inclusive (0.1811ms)
  ✔ has NO side while the tick is inside the prior range — F4's conjunct (0.0994ms)
  ✔ refuses an inverted prior range (0.1931ms)
✔ PHASE3.13: swaplessRotationSide (0.7806ms)
▶ PHASE3.13 B20: swaplessResidueWithinBound
  ✔ admits a residue at or under the bound and refuses one above it (0.2349ms)
  ✔ REFUSES a 45/55 split — which a majority bind would have admitted (M5) (0.08ms)
  ✔ mirrors correctly on the other side — the residue is the OTHER leg (0.0961ms)
  ✔ is FAIL-CLOSED on a zero total: nothing freed is not a small residue (0.0561ms)
  ✔ is exported as ONE constant, not two literals (OQ1/F2) (0.1477ms)
✔ PHASE3.13 B20: swaplessResidueWithinBound (0.7714ms)
▶ PHASE3.16 B1: the arm funds buyRange and only buyRange
  ✔ Case A (WBNB is token1): outside the whole grid BOTH ranges qualify, and only buyRange is fundable (1.4389ms)
  ✔ Case A (WBNB is token1): outside the grid on the OTHER side NEITHER qualifies, and the arm refuses (14.7025ms)
  ✔ Case A (WBNB is token1): the arm MINTS at the both-qualify tick, into buyRange (16.8898ms)
  ✔ Case A (WBNB is token1): the mint encodes the SIGNED buyRange and attaches the whole budget (11.3255ms)
  ✔ Case B (WBNB is token0): outside the whole grid BOTH ranges qualify, and only buyRange is fundable (0.2748ms)
  ✔ Case B (WBNB is token0): outside the grid on the OTHER side NEITHER qualifies, and the arm refuses (1.5541ms)
  ✔ Case B (WBNB is token0): the arm MINTS at the both-qualify tick, into buyRange (7.8946ms)
  ✔ Case B (WBNB is token0): the mint encodes the SIGNED buyRange and attaches the whole budget (5.9841ms)
✔ PHASE3.16 B1: the arm funds buyRange and only buyRange (62.2663ms)
▶ PHASE3.16 R2.6: the mint-seam G-gate rolls back at zero cost
  ✔ Case A (WBNB is token1): a tick that moved INSIDE the armed range rolls back, zero submissions (2.0452ms)
  ✔ Case A (WBNB is token1): a tick on the WRONG side charges the base leg and is refused (2.208ms)
  ✔ Case B (WBNB is token0): a tick that moved INSIDE the armed range rolls back, zero submissions (0.975ms)
  ✔ Case B (WBNB is token0): a tick on the WRONG side charges the base leg and is refused (1.2824ms)
  ✔ C5: the route seam and the mint seam speak with ONE builder (3.1739ms)
  ✔ the refusal survives the 280-character sanitize cap with its remedy intact (1.0653ms)
✔ PHASE3.16 R2.6: the mint-seam G-gate rolls back at zero cost (11.3808ms)
▶ PHASE3.16: an arm is an EXPOSURE-INCREASING submission
  ✔ a paused agent arms NOTHING and the row is closed (1.0112ms)
  ✔ a settings change between persist and submit rolls the arm back (1.4865ms)
  ✔ the off-chain daily cap refuses the arm INSIDE the journal transaction (1.9449ms)
✔ PHASE3.16: an arm is an EXPOSURE-INCREASING submission (4.6843ms)
▶ PHASE3.16 R2.4/H5: an arm is NEVER re-driven
  ✔ the worker's resume sentinel BUILD_REFUSEs and closes the never-funded lineage (1.4086ms)
  ✔ C7: an arm sequence resumed under the OPEN kind conflicts instead of building (1.1126ms)
  ✔ an ambiguous submit HOLDS, and a retry of the same envelope never resubmits (5.619ms)
  ✔ L2: an UNKNOWN arm carries nativeSpendWei, so resolveUnknown refuses at native_spend (4.5987ms)
✔ PHASE3.16 R2.4/H5: an arm is NEVER re-driven (13.7966ms)
▶ PHASE3.16 R2.5: the records an arm writes
  ✔ M6: the arm's reservation is written quotaBound: false (4.7279ms)
  ✔ M6: `grid-arm` is absent from QUOTA_LANE_BY_KIND, and that absence IS the exemption (1.8872ms)
  ✔ H2/C5: the armed row persists basisSource "minted" with a ZERO basis (3.8687ms)
  ✔ Q3/C5: lpGridArm is LOCAL-ONLY and is NOT a money kind (0.1565ms)
  ✔ H3: abandoning an arm CLOSES the never-funded lineage (3.2967ms)
  ✔ H4: the worker's flag-off skip is SET membership over both grid kinds (0.8778ms)
✔ PHASE3.16 R2.5: the records an arm writes (15.2432ms)
▶ PHASE3.16 M5: presets quantize UP, and the minimum size follows
  ✔ rounds UP to the next spacing multiple — the conservative direction (0.3543ms)
  ✔ CLAMPS below one spacing, and says it did (0.1304ms)
  ✔ the presets COLLAPSE on wide-spacing pools, which is why sizes are computed after (0.114ms)
  ✔ Case A (WBNB is token1): the derived buyRange charges the QUOTE at the tick it was derived from (0.2986ms)
  ✔ Case A (WBNB is token1): a ZERO gap is still armable at a tick ON a spacing multiple (0.0971ms)
  ✔ Case B (WBNB is token0): the derived buyRange charges the QUOTE at the tick it was derived from (0.0666ms)
  ✔ Case B (WBNB is token0): a ZERO gap is still armable at a tick ON a spacing multiple (0.0435ms)
  ✔ REFUSES rather than truncating at the global tick bounds (0.4681ms)
  ✔ the minimum economic size is gridNetEdge inverted, on the QUANTIZED geometry (0.3611ms)
  ✔ no size clears a floor the owner's own minimum already exceeds (0.0748ms)
✔ PHASE3.16 M5: presets quantize UP, and the minimum size follows (2.288ms)
▶ PHASE3.16: the lp_sequences kind CHECK accepts grid-arm
  ✔ the memory store creates and reads back a grid-arm sequence (0.4268ms)
  ✔ the REAL DDL widens the constraint through a THIRD guarded, idempotent DO block (1.9382ms)
✔ PHASE3.16: the lp_sequences kind CHECK accepts grid-arm (2.4833ms)
▶ PHASE3.16: POST /lp/grid/arm — one signature, settings plus a level
  ✔ R5 refuses signed Grid arm and LP open for a canceled draft before reserving or submitting (86.7712ms)
  ✔ persists the settings, mints the level and reports both (22.118ms)
  ✔ M8: the response's grid section is SCOPED to what an arm actually knows (11.6668ms)
  ✔ C5: the persisted digest survives the worker's every-cycle recompute (17.4634ms)
✔ PHASE3.16: POST /lp/grid/arm — one signature, settings plus a level (139.2725ms)
▶ PHASE3.16 R2.7/M2: the route exists with GRID_ENABLED off and says why
  ✔ answers 400 naming its remedy, not a bare 404 (14.2077ms)
  ✔ C4: settings with NO grid block are refused pre-money with their own text (8.8512ms)
  ✔ B3: an arm over a LIVE position is refused, and no second level is minted (10.2512ms)
  ✔ B3: an arm while ANY non-terminal sequence exists is refused (40.497ms)
  ✔ M7: re-arming after a CLOSED row is accepted — the restart path (14.3723ms)
✔ PHASE3.16 R2.7/M2: the route exists with GRID_ENABLED off and says why (90.5141ms)
▶ PHASE3.16 R2.6: the route seam refuses a stale tick for free
  ✔ a tick INSIDE the signed buyRange refuses before any row is written (13.5902ms)
  ✔ a tick on the BASE-charging side refuses, naming the leg (14.3383ms)
  ✔ R2.3: the net-edge check runs ONCE, on the signed budget (12.1901ms)
✔ PHASE3.16 R2.6: the route seam refuses a stale tick for free (40.5906ms)
▶ PHASE3.25 R2.3: shift-arm economics refusals
  ✔ refuses geometry for which no budget can clear minNetEdgeBps (9.5774ms)
  ✔ refuses a budget below the cadence-invariant shift floor (7.0716ms)
  ✔ admits the exact rounded minimum and mints both shift rungs (22.3591ms)
  ✔ retains the final net-edge refusal branch after the two floor checks (0.5621ms)
✔ PHASE3.25 R2.3: shift-arm economics refusals (39.9008ms)
▶ PHASE3.16 R2.7/C2: exactly one sizing call, with the arm's own terms
  ✔ reads the on-chain cap ONCE per request (13.4956ms)
  ✔ an unreadable cap refuses: an arm that cannot be sized is refused (9.7606ms)
  ✔ a cap that cannot cover the arm is refused with the actionable NUMBER leading (7.2088ms)
  ✔ PHASE3.25 R7/R10: shift T12b keeps all remedies and projects a 78-digit shortfall (10.6863ms)
  ✔ C5/H2: the arm's budget is sized in, and the row it writes is NOT (20.5495ms)
✔ PHASE3.16 R2.7/C2: exactly one sizing call, with the arm's own terms (62.1161ms)
▶ PHASE3.16 H4/M3: the worker and the owner's account of a level-less grid
  ✔ H4: an arm sequence is SKIPPED on resume while GRID_ENABLED is off (12.1639ms)
  ✔ M3: gridOwnerView's restart line names the ARM first (9.1729ms)
  ✔ PHASE3.25 R5.5: owner view projects signed drift wei and independent lanes (8.3801ms)
  ✔ PHASE3.25 R5.5: legacy owner view reports absent drift bytes as null and zero (7.815ms)
  ✔ M3: the settings route's first-arming and re-sign notes name the arm too (10.3401ms)
✔ PHASE3.16 H4/M3: the worker and the owner's account of a level-less grid (48.2365ms)
▶ PHASE3.16: the arm is owner-signed and reachable by nothing else
  ✔ refuses an unsigned request (2.1622ms)
  ✔ refuses a signature made for a DIFFERENT action (5.4087ms)
  ✔ refuses an unknown field on the envelope — params are hash-bound (8.3371ms)
  ✔ refuses a zero budget — it is the resume sentinel (7.3971ms)
✔ PHASE3.16: the arm is owner-signed and reachable by nothing else (24.4382ms)
▶ PHASE3.17 R2.1: the four rungs cross, in both pool orderings
  ✔ Case A (WBNB is token0): the chain ASCENDS in the pinned order and the corridor holds the tick (1.1418ms)
  ✔ Case A (WBNB is token0): each level takes one INNER rung and one OUTER rung — they never share (0.3504ms)
  ✔ Case A (WBNB is token0): the derivation REFUSES rather than truncating at the global bounds (0.477ms)
  ✔ Case A (WBNB is token0): rung pitch is EVEN, so both pairs carry the same gross spread (0.5124ms)
  ✔ Case B (WBNB is token1): the chain ASCENDS in the pinned order and the corridor holds the tick (0.1376ms)
  ✔ Case B (WBNB is token1): each level takes one INNER rung and one OUTER rung — they never share (0.105ms)
  ✔ Case B (WBNB is token1): the derivation REFUSES rather than truncating at the global bounds (0.1075ms)
  ✔ Case B (WBNB is token1): rung pitch is EVEN, so both pairs carry the same gross spread (0.1301ms)
✔ PHASE3.17 R2.1: the four rungs cross, in both pool orderings (4.3171ms)
▶ PHASE3.17 R2.2: the four-rung chain is validated where it is signed
  ✔ Case A: a legal dual grid validates (1.1652ms)
  ✔ Case A: an OVERLAPPING outer rung is refused, naming the ascending order (0.3891ms)
  ✔ Case A: an EMPTY corridor is refused AT SIGNING as permanently unarmable (0.2812ms)
  ✔ Case A: ONE pair-2 key alone is refused — a level is a PAIR (0.3078ms)
  ✔ Case B: a legal dual grid validates (0.1418ms)
  ✔ Case B: an OVERLAPPING outer rung is refused, naming the ascending order (0.1429ms)
  ✔ Case B: an EMPTY corridor is refused AT SIGNING as permanently unarmable (0.1498ms)
  ✔ Case B: ONE pair-2 key alone is refused — a level is a PAIR (0.1912ms)
  ✔ a TOUCHING single-level grid stays legal — 3.15/3.16 are untouched (0.2044ms)
✔ PHASE3.17 R2.2: the four-rung chain is validated where it is signed (3.3615ms)
▶ PHASE3.17 R2.5: role resolution is per LEVEL, and the target never crosses
  ✔ Case A: each rung resolves to its OWN level and its OWN counter-rung (1.3329ms)
  ✔ Case A: TWO levels can never land on one rung, over a full cycle (0.2084ms)
  ✔ Case B: each rung resolves to its OWN level and its OWN counter-rung (0.2546ms)
  ✔ Case B: TWO levels can never land on one rung, over a full cycle (0.0995ms)
  ✔ a level 2 target on a SINGLE-level grid throws rather than falling back to pair 1 (0.1995ms)
  ✔ the fail-closed refusal names EVERY signed range, not pair 1's two (0.3165ms)
✔ PHASE3.17 R2.5: role resolution is per LEVEL, and the target never crosses (2.629ms)
▶ PHASE3.17 C2: the net edge prices each level on ITS OWN pair
  ✔ N2 KILL TEST: pair 2 NARROW and pair 1 WIDE — level 2 is refused (0.3472ms)
  ✔ a SINGLE-level grid names no pair — the 3.15/3.16 sentence is byte-identical (0.2004ms)
  ✔ R3.2: the sell level's size is a NATIVE-WEI lower bound with three deductions (0.1374ms)
  ✔ R3.2: rails that eat the whole swap produce ZERO, never a negative size (0.1009ms)
✔ PHASE3.17 C2: the net edge prices each level on ITS OWN pair (0.9162ms)
▶ PHASE3.17 R3.3: the SELL rung is gated on the POST-SWAP price
  ✔ Case A (swap moves the tick DOWN): a price with one full spacing of clearance PASSES (0.2743ms)
  ✔ Case A (swap moves the tick DOWN): H1 KILL TEST — the post-swap gate REFUSES where a pre-swap-shaped gate PASSES (0.1309ms)
  ✔ Case A (swap moves the tick DOWN): a price INSIDE the rung refuses too (0.1044ms)
  ✔ Case A (swap moves the tick DOWN): a ZERO-GAP grid can NEVER clear the rule (the --gap0 refusal, structurally) (0.3451ms)
  ✔ Case B (swap moves the tick UP): a price with one full spacing of clearance PASSES (0.0535ms)
  ✔ Case B (swap moves the tick UP): H1 KILL TEST — the post-swap gate REFUSES where a pre-swap-shaped gate PASSES (0.0634ms)
  ✔ Case B (swap moves the tick UP): a price INSIDE the rung refuses too (0.0414ms)
  ✔ Case B (swap moves the tick UP): a ZERO-GAP grid can NEVER clear the rule (the --gap0 refusal, structurally) (0.1449ms)
✔ PHASE3.17 R3.3: the SELL rung is gated on the POST-SWAP price (1.3433ms)
▶ PHASE3.17 R3.4: the ONE submission, in the pinned order
  ✔ Case A (WBNB is token0): six calls, in order, with BOTH values summing to the budget (29.0876ms)
  ✔ Case A (WBNB is token0): exactly ONE base approve — the buy mint is single-sided QUOTE (5.6892ms)
  ✔ Case A (WBNB is token0): the sell mint's desired is the swap FLOOR, never the quote (6.8572ms)
  ✔ Case A (WBNB is token0): a post-swap price under one spacing of clearance refuses at the BUILD (2.3744ms)
  ✔ Case A (WBNB is token0): a BUY rung the tick moved into refuses on the PRE-swap tick (1.6291ms)
  ✔ Case B (WBNB is token1): six calls, in order, with BOTH values summing to the budget (5.5311ms)
  ✔ Case B (WBNB is token1): exactly ONE base approve — the buy mint is single-sided QUOTE (5.3946ms)
  ✔ Case B (WBNB is token1): the sell mint's desired is the swap FLOOR, never the quote (5.0283ms)
  ✔ Case B (WBNB is token1): a post-swap price under one spacing of clearance refuses at the BUILD (1.4076ms)
  ✔ Case B (WBNB is token1): a BUY rung the tick moved into refuses on the PRE-swap tick (1.0763ms)
  ✔ an absent post-swap reader refuses FAIL-CLOSED rather than using the pre-swap tick (0.8488ms)
  ✔ a swap leg over the price-impact rail refuses before any money (0.7574ms)
✔ PHASE3.17 R3.4: the ONE submission, in the pinned order (66.4187ms)
▶ PHASE3.17 C11: finish verifies BOTH mints before writing EITHER tokenId
  ✔ pairs mint#1 to the SELL row and mint#2 to the BUY row (7.8463ms)
  ✔ L1: a non-monotonic id pair HOLDS rather than giving the rows each other's NFT (9.2654ms)
  ✔ a zero-liquidity SECOND position writes NEITHER tokenId (5.0476ms)
  ✔ M2: a CRASH between the two writes replays idempotently, with no LpTokenIdInUseError (5.0449ms)
  ✔ a resumed COMMITTED step finishes from the receipt and never resubmits (4.0928ms)
  ✔ an absent mintedTokenIds reader HOLDS rather than pairing by guess (4.0989ms)
  ✔ THE LIVE INCIDENT (2026-08-27): a dual arm completing THROUGH THE WORKER'S RESUME pairs both rows from the ROW (4.4878ms)
  ✔ a THREE-row arm group HOLDS as ambiguous rather than pairing by guess (4.5987ms)
✔ PHASE3.17 C11: finish verifies BOTH mints before writing EITHER tokenId (45.0826ms)
▶ PHASE3.17 R2.3/B1: every rollback class closes BOTH rows, through the ROW
  ✔ BUILD_REFUSED (the sentinel) closes both (1.5295ms)
  ✔ AGENT_NOT_ARMED closes both (1.0455ms)
  ✔ SETTINGS_DIGEST_MISMATCH closes both (0.5921ms)
  ✔ AGENT_PAUSED closes both (0.6443ms)
  ✔ DAILY_CAP closes both (2.0543ms)
  ✔ STEP_REFUSED (a provider FAILED receipt) closes both (4.1744ms)
  ✔ an UNKNOWN submit HOLDS with BOTH rows open and neither tokenId written (4.2284ms)
  ✔ a never-created sibling is not invented — the group is what the ROWS say (1.9053ms)
✔ PHASE3.17 R2.3/B1: every rollback class closes BOTH rows, through the ROW (16.5923ms)
▶ PHASE3.17 R2.3: abandon reports the whole group it will close
  ✔ a never-funded dual arm closes BOTH rows, and the check list says so (1.3784ms)
  ✔ a non-dual sequence records NO group check — 3.15/3.16 verdicts are unchanged (0.6295ms)
✔ PHASE3.17 R2.3: abandon reports the whole group it will close (2.1596ms)
▶ PHASE3.17 R2.7: two SHORT per-side texts from one fact function
  ✔ both fit under the 280-character platform ceiling, with the remedy intact (0.3376ms)
  ✔ the sell text names the POST-SWAP evidence, which is what an owner cannot reconstruct (0.1159ms)
✔ PHASE3.17 R2.7: two SHORT per-side texts from one fact function (0.5611ms)
▶ PHASE3.17: the single-level arm is untouched
  ✔ still mints TWO calls and attaches the WHOLE budget (12.3636ms)
  ✔ `mintedTokenId` is NOT weakened: a two-mint receipt still refuses (0.4665ms)
  ✔ L3: the SHIPPED readers keep their own exact counts, side by side (0.804ms)
  ✔ a single arm's row carries armGroupId null — the column is inert for it (0.2934ms)
✔ PHASE3.17: the single-level arm is untouched (14.4432ms)
▶ PHASE3.17 R2.8: a dual arm writes the SAME records as a single one
  ✔ one grid-arm sequence, one zap-in-mint step, naming the BUY row (6.4384ms)
  ✔ the arm occupies NEITHER quota lane — grid-arm is exempt, dual or not (5.3464ms)
✔ PHASE3.17 R2.8: a dual arm writes the SAME records as a single one (11.9562ms)
▶ PHASE3.17: POST /lp/grid/arm --levels 2 — one signature, two levels
  ✔ mints BOTH rungs in ONE submission and records two GROUPED rows (93.8872ms)
  ✔ the receipt reports BOTH pairs' rungs and the honest sell-side asymmetry (25.1813ms)
  ✔ sizing reserves TWO positions' protect gas, not one (28.3768ms)
✔ PHASE3.17: POST /lp/grid/arm --levels 2 — one signature, two levels (148.5849ms)
▶ PHASE3.17 R2.2: levels and the second pair must agree, at the arm
  ✔ levels: 2 without pair-2 keys is refused (12.7479ms)
  ✔ a four-rung grid armed at levels: 1 is refused — two rungs would be dead (8.6005ms)
  ✔ levels other than 1 or 2 are refused at the PARSE, before any chain read (14.293ms)
  ✔ an ABSENT levels field is 1 — every 3.16 envelope parses unchanged (22.9118ms)
  ✔ R3.1: the cross-rule does NOT reach /lp/settings — a dual re-sign is supported (10.113ms)
✔ PHASE3.17 R2.2: levels and the second pair must agree, at the arm (69.1879ms)
▶ PHASE3.17 R3.3: the SELL rung is gated at the ROUTE on the post-swap price
  ✔ a post-swap price under one spacing of clearance refuses PRE-MONEY (14.3599ms)
  ✔ an unreadable quoter refuses rather than gating on a price it does not have (11.5354ms)
✔ PHASE3.17 R3.3: the SELL rung is gated at the ROUTE on the post-swap price (26.1403ms)
▶ PHASE3.17 C12: the base-token cap is a metering this arm INTRODUCES
  ✔ an undersized base cap is NAMED before any money, with owner-add-spend-limit (12.4001ms)
  ✔ a SINGLE-level arm is unaffected — it approves nothing and needs no base cap (17.6306ms)
✔ PHASE3.17 C12: the base-token cap is a metering this arm INTRODUCES (30.2116ms)
▶ PHASE3.17 R3.1: C2 iterates EVERY live level, over all four rungs
  ✔ a re-sign that keeps BOTH levels matched is ACCEPTED, and prices each pair (13.9954ms)
  ✔ a re-sign that would STRAND level 2 is REFUSED — the state C2 exists to prevent (7.2149ms)
  ✔ N1's own case: a LEGAL chain that moves level 2's rungs off it is still refused (8.9062ms)
✔ PHASE3.17 R3.1: C2 iterates EVERY live level, over all four rungs (30.4261ms)
▶ PHASE3.17 R2.6: the owner view renders TWO levels
  ✔ levels[] carries every live row, with per-level blockedBySequence (33.7628ms)
  ✔ the PnL is partitioned by positionId, so one ledger is not read as one lineage (23.673ms)
  ✔ ONE DARK level reads as one dark, never as healthy and never as none (27.3515ms)
  ✔ NO live level still reads as the 3.16 restart sentence (23.4916ms)
✔ PHASE3.17 R2.6: the owner view renders TWO levels (108.6689ms)
▶ PHASE3.17 R2.3: the abandon route closes the WHOLE arm group
  ✔ both rows of a never-funded dual arm are closed, and re-arming works again (18.192ms)
✔ PHASE3.17 R2.3: the abandon route closes the WHOLE arm group (18.3361ms)
▶ PHASE3.15: the flip settles and re-mints single-sided into the SIGNED range
  ✔ Case A (WBNB is token1): two submissions, the sweep SKIPPED, the signed target minted (31.5408ms)
  ✔ Case A (WBNB is token1): the SKIP's reason is PERSISTED and names the residue (7.8873ms)
  ✔ Case A (WBNB is token1): the cycle ledger records the flip, idempotently (7.3511ms)
  ✔ Case B (WBNB is token0): two submissions, the sweep SKIPPED, the signed target minted (11.6861ms)
  ✔ Case B (WBNB is token0): the SKIP's reason is PERSISTED and names the residue (17.7934ms)
  ✔ Case B (WBNB is token0): the cycle ledger records the flip, idempotently (11.3576ms)
  ✔ a flip with NO ledger wired still flips — the row is derived, never a gate (17.6383ms)
  ✔ a failing ledger write never turns a completed flip into a failed one (10.5352ms)
  ✔ a small off-side residue RIDES ALONG, bounded and disclosed (11.5946ms)
✔ PHASE3.15: the flip settles and re-mints single-sided into the SIGNED range (130.1992ms)
▶ PHASE3.15 R2.5: pause semantics fall out of driveSequence, unchanged
  ✔ a PAUSED agent starts NO flip, and rolls back cleanly (1.6022ms)
  ✔ a pause landing BETWEEN the settle and the mint parks held + pending-mint (7.5941ms)
  ✔ unpausing lets the flip run — the pause is a refusal, not a corruption (15.519ms)
  ✔ a GLOBAL HALT stops the flip before it starts (6.9954ms)
✔ PHASE3.15 R2.5: pause semantics fall out of driveSequence, unchanged (33.3266ms)
▶ PHASE3.15 R2.3/M8: G2 refuses into a RECOVERABLE hold, never a mint
  ✔ conjunct 1 — the price moved INTO the target range: held at pending-mint (10.4268ms)
  ✔ the price gapped THROUGH the target — the case a SIDE CHECK ALONE passes (M8) (3.7849ms)
  ✔ conjunct 2 — an off-side residue over the bound holds rather than stranding it (9.6465ms)
  ✔ the refusal and the skip note come from the SAME builder (17.5093ms)
✔ PHASE3.15 R2.3/M8: G2 refuses into a RECOVERABLE hold, never a mint (42.1872ms)
▶ PHASE3.15: the crash matrix — resume never resubmits a key
  ✔ a crash BEFORE any submit leaves nothing recorded and the retry starts clean (9.0696ms)
  ✔ a crash AFTER the settle confirms resumes at the mint and submits it ONCE (16.7222ms)
  ✔ an ambiguous submit HOLDS and never auto-replays (3.238ms)
  ✔ a settings re-sign between steps refuses cleanly and holds the principal (3.025ms)
✔ PHASE3.15: the crash matrix — resume never resubmits a key (32.3349ms)
▶ PHASE3.15: the flip refuses structurally impossible inputs
  ✔ an inverted target range throws before any store or chain access (0.4535ms)
  ✔ an empty position refuses before money, with the principal untouched (0.5202ms)
  ✔ the grid's own quota lane refuses a flip over maxFlipsPerDay (8.4918ms)
✔ PHASE3.15: the flip refuses structurally impossible inputs (9.6511ms)
▶ PHASE3.19 R4.2: the ladder arm's four legs and its exact sum
  ✔ Case A (WBNB token1): FOUR legs — wrap, swap, sell mint, buy mint — summing to EXACTLY the budget (18.4457ms)
  ✔ Case A (WBNB token1): N17 — the SWAP is UNSCALED, so idle base exists at all (1.3947ms)
  ✔ Case A (WBNB token1): the split scales with deployPctBps and STILL sums to the budget (2.7235ms)
  ✔ Case A (WBNB token1): the sentinel budget is refused BEFORE any mode branch (0.7189ms)
  ✔ Case A (WBNB token1): an absent post-swap reader refuses FAIL-CLOSED (0.8755ms)
  ✔ Case A (WBNB token1): an absent deployPctBps refuses rather than defaulting (0.4082ms)
  ✔ Case B (WBNB token0): FOUR legs — wrap, swap, sell mint, buy mint — summing to EXACTLY the budget (0.9106ms)
  ✔ Case B (WBNB token0): N17 — the SWAP is UNSCALED, so idle base exists at all (0.7338ms)
  ✔ Case B (WBNB token0): the split scales with deployPctBps and STILL sums to the budget (1.7362ms)
  ✔ Case B (WBNB token0): the sentinel budget is refused BEFORE any mode branch (0.2079ms)
  ✔ Case B (WBNB token0): an absent post-swap reader refuses FAIL-CLOSED (0.1373ms)
  ✔ Case B (WBNB token0): an absent deployPctBps refuses rather than defaulting (0.0875ms)
  ✔ C1: the DUAL plan is byte-identical — six calls, its own two values (0.7859ms)
✔ PHASE3.19 R4.2: the ladder arm's four legs and its exact sum (31.0577ms)
▶ PHASE3.19 item 30: checkLpNativeCapSizing reserves the ladder lane
  ✔ the term is `moves x 4 x perSubmit`, and it is its OWN named clause (0.7498ms)
  ✔ FOUR submissions, not the flip's three — a ladder's middle step can FIRE (0.0979ms)
  ✔ a malformed maxMovesPerDay refuses rather than sizing on it (0.2327ms)
  ✔ an ABSENT maxMovesPerDay leaves every 3.15-3.18 figure unchanged (0.8508ms)
✔ PHASE3.19 item 30: checkLpNativeCapSizing reserves the ladder lane (2.1398ms)
▶ PHASE3.19: the ladder trigger — ONE motion for BOTH pieces of evidence
  ✔ Case A: a FILL confirmed twice dispatches grid-recenter and carries its target (2.7936ms)
  ✔ Case A: a DRIFT confirmed twice dispatches the SAME motion (0.9677ms)
  ✔ Case B: a FILL confirmed twice dispatches grid-recenter and carries its target (0.3461ms)
  ✔ Case B: a DRIFT confirmed twice dispatches the SAME motion (0.2819ms)
  ✔ item 16 / M8: the 3.13 F1 drift FLOOR is inherited — a zero gap never re-fires for ever (0.3032ms)
  ✔ item 47 / B4: a ladder rung with stopLossPct 50 dispatches NO protect (0.5132ms)
✔ PHASE3.19: the ladder trigger — ONE motion for BOTH pieces of evidence (5.4983ms)
▶ PHASE3.19 items 17/48: a funding-refused motion creates NOTHING
  ✔ the decision is a HOLD whose reason names the side, the shortfall and the remedy (0.4175ms)
  ✔ ABSENT balances hold too — a conjunct is not satisfied by a number nobody read (0.3042ms)
  ✔ an ABSENT relay constant holds too — the gate cannot price its own floor (0.2983ms)
  ✔ memory: NO sequence and NO reservation exist after the hold (0.5989ms)
  ✔ postgres(fake): NO sequence and NO reservation exist after the hold (3.9967ms)
✔ PHASE3.19 items 17/48: a funding-refused motion creates NOTHING (5.8552ms)
▶ PHASE3.19 M1: `ladderMinMintWei` IS the admission's own `minRungWei`
  ✔ the trigger's floor and the arm's admission come from ONE builder (0.4683ms)
✔ PHASE3.19 M1: `ladderMinMintWei` IS the admission's own `minRungWei` (0.5742ms)
▶ PHASE3.19 item 37: `levels` under ladder mode
  ✔ a ladder arm WITHOUT levels: 2 is refused with its own reason (89.032ms)
  ✔ a ladder arm WITH levels: 2 is admitted — the DUAL branch does not apply (35.4614ms)
✔ PHASE3.19 item 37: `levels` under ladder mode (125.5472ms)
▶ PHASE3.19 item 3: a pre-3.19 session is refused at the ROUTE
  ✔ names the remedy instead of failing at the wrap with a provider code (10.894ms)
✔ PHASE3.19 item 3: a pre-3.19 session is refused at the ROUTE (11.2854ms)
▶ PHASE3.19 R3.1/C4: the arm's two rows
  ✔ BOTH carry gridLevel 1, are role-distinct, share an arm_group_id, and the BUY row is the ANCHOR (19.8981ms)
  ✔ the receipt reports the deployed-vs-idle split, and it sums to the budget (16.7753ms)
✔ PHASE3.19 R3.1/C4: the arm's two rows (36.9362ms)
▶ PHASE3.19 items 25/28/26: the ladder's admission
  ✔ item 28: a budget under the minimum is refused, naming BOTH relay figures (17.0938ms)
  ✔ item 26: a minMarkoutBps under the pool's own execution cost is refused (10.574ms)
✔ PHASE3.19 items 25/28/26: the ladder's admission (27.9794ms)
▶ PHASE3.19 item 35 (H5/OQ6): a mode change under a LIVE level
  ✔ ladder -> policy is REFUSED, which is the transition that passes every C2 check (21.8456ms)
  ✔ policy -> ladder is REFUSED too — the guard is symmetric (12.4065ms)
  ✔ ladder -> fixed is REFUSED EXPLICITLY, not by accident (10.0091ms)
  ✔ a mode change with NO live level stays LEGAL — that is the restart path (12.3478ms)
  ✔ DEVIATION D-1: `fixed -> policy` under a live level is STILL legal (3.18 M7) (13.4955ms)
✔ PHASE3.19 item 35 (H5/OQ6): a mode change under a LIVE level (70.5443ms)
▶ PHASE3.20 item 26: the owner view reports twoSided, for how long, and why
  ✔ a ladder with NO stranded rung is twoSided, blocked by nothing (17.3129ms)
  ✔ a stranded rung makes it one-sided, and the DURATION comes from the worker's own stamp (18.7545ms)
  ✔ §5(6): clearing the stamp — what a settled fill does — returns twoSided to true (25.8174ms)
  ✔ item 29: the LANES are reported as they are ENFORCED, legacy reading included (12.1731ms)
✔ PHASE3.20 item 26: the owner view reports twoSided, for how long, and why (74.5156ms)
▶ PHASE3.19: one ladder motion re-anchors the SAME side from the BUFFER
  ✔ Case A (WBNB is token1): zap-out, hedge SKIPPED (balanced), mint from the buffer (30.8107ms)
  ✔ Case A (WBNB is token1): a FILLED buy rung credits the ACQUIRED base to the anchor's book (10.7913ms)
  ✔ Case B (WBNB is token0): zap-out, hedge SKIPPED (balanced), mint from the buffer (11.3611ms)
  ✔ Case B (WBNB is token0): a FILLED buy rung credits the ACQUIRED base to the anchor's book (13.7949ms)
✔ PHASE3.19: one ladder motion re-anchors the SAME side from the BUFFER (68.3415ms)
▶ PHASE3.19 R3.1/C2: the SECOND row is not dead on arrival
  ✔ a full motion runs on the SELL row and writes the ANCHOR's book (5.9689ms)
✔ PHASE3.19 R3.1/C2: the SECOND row is not dead on arrival (6.2033ms)
▶ PHASE3.19 item 43: the hedge's three gates
  ✔ `hedge.enabled: false` SKIPS with its own note — a mutation that fires must die (8.1467ms)
  ✔ an EMPTY book refuses the hedge rather than dividing (D1) (7.9408ms)
  ✔ a SEEDED book plus an imbalance plus a clearing markout FIRES the hedge (11.5517ms)
  ✔ an ABSENT walletTokenBalance reader refuses FAIL-CLOSED (3.9234ms)
✔ PHASE3.19 item 43: the hedge's three gates (32.065ms)
▶ PHASE3.19 items 8/46: the persisted hedge intent binds the replay
  ✔ a caller-supplied intent that DISAGREES with the row is refused, not overwritten (6.8696ms)
✔ PHASE3.19 items 8/46: the persisted hedge intent binds the replay (7.0151ms)
▶ PHASE3.19 item 49: a death BETWEEN the hedge's confirm and the mint's build
  ✔ memory: the resume replays BOTH afters and the book advances EXACTLY ONCE (17.0309ms)
  ✔ postgres: the resume replays BOTH afters and the book advances EXACTLY ONCE (52.2406ms)
✔ PHASE3.19 item 49: a death BETWEEN the hedge's confirm and the mint's build (69.4952ms)
▶ PHASE3.19 C4: the persisted target wins; a disagreement THROWS
  ✔ a run handed a target that DISAGREES with the row is refused (3.6395ms)
  ✔ an inverted or empty target is refused before any store read (0.4483ms)
✔ PHASE3.19 C4: the persisted target wins; a disagreement THROWS (4.2551ms)
▶ PHASE3.19 items 19/45: the `recenter` lane, in BOTH backends
  ✔ memory: a recenter reserves in its OWN lane and NOT the exit lane (6.2089ms)
  ✔ memory: an ABSENT maxMovesPerDay FAILS CLOSED at zero (1.7871ms)
  ✔ memory: the recenter lane's own exhaustion names the LADDER, not the flip (0.9198ms)
  ✔ postgres(fake): a recenter reserves in its OWN lane and NOT the exit lane (11.4447ms)
  ✔ postgres(fake): an ABSENT maxMovesPerDay FAILS CLOSED at zero (6.5811ms)
  ✔ postgres(fake): the recenter lane's own exhaustion names the LADDER, not the flip (3.5266ms)
✔ PHASE3.19 items 19/45: the `recenter` lane, in BOTH backends (34.0898ms)
▶ PHASE3.19 D1: clampInventoryDelta clamps the DELTA, never the column
  ✔ a credit passes through unchanged (4.21ms)
  ✔ a partial deduction retires cost PROPORTIONALLY, at the book average (0.2518ms)
  ✔ a deduction larger than the book empties it EXACTLY — never `{0, something}` (0.2147ms)
  ✔ D1's worked case: the STORED deltas sum to the column, and to 20 — not 15 (0.3158ms)
✔ PHASE3.19 D1: clampInventoryDelta clamps the DELTA, never the column (5.3393ms)
▶ PHASE3.19 R4.1: the VWAP book advances at most once per key
  ✔ memory: a REPLAYED credit applies NOTHING and reports the STORED deltas (0.7443ms)
  ✔ memory: replaying TWO keys in EITHER order leaves the same book (0.5794ms)
  ✔ memory: the book EQUALS the sum of distinct credits, clamps included (0.4676ms)
  ✔ memory: a NON-anchor row refuses rather than opening a second book (0.4177ms)
  ✔ memory: D3 — credits are owner- and agent-scoped (0.2289ms)
  ✔ postgres(fake): a REPLAYED credit applies NOTHING and reports the STORED deltas (1.8108ms)
  ✔ postgres(fake): replaying TWO keys in EITHER order leaves the same book (2.9331ms)
  ✔ postgres(fake): the book EQUALS the sum of distinct credits, clamps included (1.8355ms)
  ✔ postgres(fake): a NON-anchor row refuses rather than opening a second book (1.4208ms)
  ✔ postgres(fake): D3 — credits are owner- and agent-scoped (0.949ms)
  ✔ D1: BOTH backends compute the IDENTICAL book from the identical writes (3.55ms)
✔ PHASE3.19 R4.1: the VWAP book advances at most once per key (15.4962ms)
▶ PHASE3.19 items 8/46: the persisted hedge intent is WRITE-ONCE
  ✔ memory: a second write leaves the FIRST intent in place (0.578ms)
  ✔ postgres(fake): a second write leaves the FIRST intent in place (1.6221ms)
✔ PHASE3.19 items 8/46: the persisted hedge intent is WRITE-ONCE (2.3645ms)
▶ PHASE3.19: the store's raw SQL, pinned at the TEXT level
  ✔ item 45: the FOURTH lane is subtracted out of the exit lane (1.4843ms)
  ✔ item 32: the FIFTH guarded-DO widening chains AFTER the fourth (0.5037ms)
  ✔ the additive columns are `add column if not exists`, never a table rebuild (1.6121ms)
  ✔ C11: the SELECT lists name the new columns — and the 3.18 tail pins still hold (1.0816ms)
  ✔ R4.1: the credit insert is ON CONFLICT DO NOTHING and the anchor update is IN-SQL (0.7624ms)
  ✔ D3: the credits table carries owner_address, agent_id and position_id (0.3984ms)
  ✔ item 46: the hedge-intent update carries its own null predicate (0.5333ms)
✔ PHASE3.19: the store's raw SQL, pinned at the TEXT level (7.048ms)
▶ PHASE3.19: the ladder block's signed surface
  ✔ Case A (WBNB token1): a coherent ladder validates and round-trips through the wire (7.196ms)
  ✔ Case B (WBNB token0): a coherent ladder validates and round-trips through the wire (0.8637ms)
  ✔ C18: `grid.ladder` emits ONLY when set, so DEFAULT_SETTINGS_DIGEST does not move (0.4993ms)
  ✔ item 10 (review B4): a non-zero stopLossPct or takeProfitPct is REFUSED (0.7302ms)
  ✔ item 14: buyRange2/sellRange2 are REFUSED under ladder mode (0.2927ms)
  ✔ item 22: maxFlipsPerDay must be 1 under ladder mode (0.246ms)
  ✔ grid.policy and grid.requote are REFUSED under ladder mode, and vice versa (0.3562ms)
  ✔ R4.2's bounds: deployPctBps 1000..5000, maxMovesPerDay 1..24, drift 25..200 (0.8792ms)
  ✔ item 20: the three-way reachability rule counts the ladder lane (1.0897ms)
  ✔ item 15: the coherence rule runs against grid.ladder's own geometry (1.2083ms)
✔ PHASE3.19: the ladder block's signed surface (15.1777ms)
▶ PHASE3.19 item 34: gridIdentitySourceFor is a DECISION, not a fall-through
  ✔ fixed reads TICKS; policy and ladder read the durable COLUMNS (0.1798ms)
✔ PHASE3.19 item 34: gridIdentitySourceFor is a DECISION, not a fall-through (0.2817ms)
▶ PHASE3.19 items 32/33/36: where `grid-recenter` is registered
  ✔ item 32: it dispatches, it has a plan, and the GRID flag governs it (0.5053ms)
  ✔ item 32: `LIQUIDITY_REMOVING_STEPS` needs NO change — it keys on the STEP kind (0.1207ms)
  ✔ item 33: it is NOT resolvable — an UNKNOWN mid-motion has no in-plane resolver (1.2793ms)
  ✔ item 36: the landing-evidence boot gate is FLAG-LEVEL and needs no per-kind edit (0.5143ms)
✔ PHASE3.19 items 32/33/36: where `grid-recenter` is registered (2.6427ms)
▶ PHASE3.19 items 11-12: the re-anchored target
  ✔ Case A (WBNB token1), buy: the target's SIDE charges the asset the role holds (0.392ms)
  ✔ Case A (WBNB token1), sell: the target's SIDE charges the asset the role holds (0.0805ms)
  ✔ Case A (WBNB token1): the CHASE anchors at the FRESH tick, not at the signed rung (0.3562ms)
  ✔ Case B (WBNB token0), buy: the target's SIDE charges the asset the role holds (0.1493ms)
  ✔ Case B (WBNB token0), sell: the target's SIDE charges the asset the role holds (0.0555ms)
  ✔ Case B (WBNB token0): the CHASE anchors at the FRESH tick, not at the signed rung (0.0563ms)
  ✔ item 42's mutation: the gap is `ladder.gapTicks`, NEVER gridPolicyGapFor's (0.4009ms)
✔ PHASE3.19 items 11-12: the re-anchored target (1.8478ms)
▶ PHASE3.19 C7: the re-mint side rule, three outcomes, both orientations
  ✔ Case A (WBNB token1): the persisted target at the SAME tick proceeds (0.2041ms)
  ✔ Case A (WBNB token1): the price INSIDE the persisted target is a recoverable hold (0.1741ms)
  ✔ Case A (WBNB token1): item 42 — the price THROUGH the target is a WRONG-ASSET refusal (0.1593ms)
  ✔ Case B (WBNB token0): the persisted target at the SAME tick proceeds (0.0723ms)
  ✔ Case B (WBNB token0): the price INSIDE the persisted target is a recoverable hold (0.1038ms)
  ✔ Case B (WBNB token0): item 42 — the price THROUGH the target is a WRONG-ASSET refusal (0.0593ms)
✔ PHASE3.19 C7: the re-mint side rule, three outcomes, both orientations (0.9713ms)
▶ PHASE3.19 item 44: gridCycleSubmissions never answers the flip floor for a ladder
  ✔ fixed answers 2 and policy answers 2 + 2R — byte-identical to 3.18 (0.3298ms)
  ✔ ladder answers 2*motions + hedge?(motions), motions = max(2,settlements)+drift (0.2211ms)
  ✔ C8: the C10 pad is RETIRED — the two-lane bound is EXACT, not padded (0.089ms)
✔ PHASE3.19 item 44: gridCycleSubmissions never answers the flip floor for a ladder (0.7428ms)
▶ PHASE3.19 items 25/28: gridLadderEconomics
  ✔ prices the DEPLOYED rung, not the budget, and inverts to a minimum BUDGET (0.4903ms)
  ✔ item 27: the refusal names RE-ANCHORING as a third uncovered term (0.2239ms)
  ✔ a fixed grid's refusal is UNCHANGED — no ladder clause leaks into it (0.2195ms)
✔ PHASE3.19 items 25/28: gridLadderEconomics (1.1481ms)
▶ PHASE3.19 C8: one valuation expression, both orientations
  ✔ Case A: base valued in WBNB is monotone in the price (0.2104ms)
  ✔ Case B: base valued in WBNB is monotone in the price (0.0639ms)
✔ PHASE3.19 C8: one valuation expression, both orientations (0.4583ms)
▶ PHASE3.19 item 43 / D1: the markout gate
  ✔ Case A: SELLING BASE clears only when the market is ABOVE the book average (0.4085ms)
  ✔ Case A: BUYING BASE BACK clears only when the market is BELOW the book average (0.1635ms)
  ✔ Case B: SELLING BASE clears only when the market is ABOVE the book average (0.0657ms)
  ✔ Case B: BUYING BASE BACK clears only when the market is BELOW the book average (0.0534ms)
  ✔ D1: a ZERO book REFUSES rather than dividing (0.2261ms)
  ✔ item 26: the effective floor is poolFeeBps + maxSagaSlippageBps, and the signed value may only RAISE it (0.1712ms)
✔ PHASE3.19 item 43 / D1: the markout gate (1.3217ms)
▶ PHASE3.19 H2/C14: the hedge's direction and its three-term clamp
  ✔ Case A: over-held BASE sells BASE; over-held QUOTE buys BASE (0.733ms)
  ✔ Case B: over-held BASE sells BASE; over-held QUOTE buys BASE (0.1128ms)
  ✔ a BALANCED buffer plans no hedge at all (0.5401ms)
  ✔ term 2: maxHedgePctBps caps ONE hedge below the imbalance (0.2202ms)
  ✔ C14 term 3 (R3.5's mutation): the hedge NEVER takes the asset the following mint needs (0.2209ms)
  ✔ the clamp reaching zero plans NO hedge rather than a dust swap (0.3214ms)
✔ PHASE3.19 H2/C14: the hedge's direction and its three-term clamp (2.8016ms)
▶ PHASE3.19 item 17: the funding conjunct
  ✔ an UNFILLED rung counts its own principal; a FILLED one does not (0.315ms)
  ✔ ABSENT balances FAIL CLOSED — a conjunct is not satisfied by a number nobody read (0.1217ms)
  ✔ an ABSENT minRungWei (no relay constant supplied) also fails closed (0.0785ms)
  ✔ a SELL rung's funding is measured on the BASE buffer, valued in WBNB (C8) (0.1467ms)
✔ PHASE3.19 item 17: the funding conjunct (0.9975ms)
▶ PHASE3.19 C9: every new owner-facing sentence survives sanitizeMessage
  ✔ the funding hold leads with side + shortfall and keeps its one-clause remedy (1.4187ms)
  ✔ the saga refusal names the disposition, terminal vs recoverable (0.2537ms)
  ✔ the hedge skip note names WHY, in each branch (0.2988ms)
  ✔ the mode-change refusal leads with the live count and both modes (0.1967ms)
✔ PHASE3.19 C9: every new owner-facing sentence survives sanitizeMessage (2.3516ms)
▶ PHASE3.19: the fifth grid kind joins every enumeration the worker owns
  ✔ the ladder decision maps to its OWN saga kind, never to protect (0.8137ms)
  ✔ its plan is the three-step shape the crash matrix is written against (0.8622ms)
  ✔ GRID_SEQUENCE_KINDS covers it, so the flag-off resume skip reaches it (0.1873ms)
✔ PHASE3.19: the fifth grid kind joins every enumeration the worker owns (2.9449ms)
▶ PHASE3.19: a held ladder motion under an OFF flag is SKIPPED
  ✔ never resumes, never standard-manages, and moves no money (23.6009ms)
  ✔ with the flag ON the same row is RESUMED, not skipped (16.8283ms)
✔ PHASE3.19: a held ladder motion under an OFF flag is SKIPPED (40.7059ms)
▶ PHASE3.19 C4: the persisted target is the resume's only source
  ✔ a resume with a persisted target does NOT refuse for want of one (7.3629ms)
  ✔ a NON-TERMINAL recenter row with NO persisted target is refused, never re-derived (2.4684ms)
  ✔ the refusal names the owner-signed exit rather than stranding the row (2.9003ms)
✔ PHASE3.19 C4: the persisted target is the resume's only source (13.2255ms)
▶ PHASE3.19 C4/N4: ONE book per ladder, located through the arm group
  ✔ a motion on the SIBLING resolves the anchor and does not open a second book (7.1094ms)
  ✔ a bookless row in NO arm group REFUSES rather than opening a second book (2.0394ms)
  ✔ a group whose every member is bookless REFUSES, naming the markout gate (4.2952ms)
✔ PHASE3.19 C4/N4: ONE book per ladder, located through the arm group (13.7113ms)
▶ PHASE3.19: the deps builder polices the MODE it was dispatched under
  ✔ a recenter row under a FIXED grid is refused, never run (2.1858ms)
  ✔ a recenter row on an agent with NO grid block is refused for want of geometry (2.1795ms)
✔ PHASE3.19: the deps builder polices the MODE it was dispatched under (4.5433ms)
▶ PHASE3.18 C3: the arm mints at the SIGNED rungs in policy mode too
  ✔ C12(d): a policy-mode arm mints the SIGNED buyRange, not a fresh derivation (100.9706ms)
  ✔ R2.6: the arm writes the DURABLE identity at row creation (17.0351ms)
  ✔ a FIXED-mode arm writes the columns too, so a later mode switch can verify (12.2642ms)
  ✔ an INCOHERENT policy is refused at signing, before any money (14.3688ms)
✔ PHASE3.18 C3: the arm mints at the SIGNED rungs in policy mode too (147.1759ms)
▶ PHASE3.18 C10: LP_MAX_TICK_WIDTH is checked on the POLICY
  ✔ a policy width over the deployment ceiling is refused (29.8009ms)
✔ PHASE3.18 C10: LP_MAX_TICK_WIDTH is checked on the POLICY (29.9639ms)
▶ PHASE3.18 R2.7/C2: the re-sign guard in policy mode
  ✔ check 2: a live rung REPRODUCIBLE from the new policy is admitted (41.9755ms)
  ✔ check 2: a live rung of the WRONG WIDTH is refused (32.6216ms)
  ✔ check 3: a live BUY rung on the side that no longer charges the quote is refused (30.033ms)
  ✔ C12(c): check 4 prices the SIGNED counter-rung — narrowing it REFUSES (23.1206ms)
  ✔ check 4's floor is the REQUOTE-INFLATED one (2 + 2R submissions) (29.5507ms)
✔ PHASE3.18 R2.7/C2: the re-sign guard in policy mode (157.8728ms)
▶ PHASE3.18 M7: the mode switch backfills identity, or refuses entirely
  ✔ a live level whose ticks still match is BACKFILLED at the re-sign (11.5274ms)
  ✔ a live level matching NO signed rung refuses the WHOLE re-sign (12.4841ms)
  ✔ a FIXED re-sign never backfills — the columns stay as they were (18.0654ms)
✔ PHASE3.18 M7: the mode switch backfills identity, or refuses entirely (42.4203ms)
▶ PHASE3.18 R2.5: policy mode is NON-RESTARTABLE BY IMPORT
  ✔ the import preview refuses with the MODE reason, not a tick mismatch (14.1422ms)
  ✔ POST /lp/import refuses a policy-mode grid by MODE (16.0943ms)
  ✔ a FIXED grid's import door is unchanged (15.0319ms)
✔ PHASE3.18 R2.5: policy mode is NON-RESTARTABLE BY IMPORT (45.5498ms)
▶ PHASE3.18: the requote re-centres on the SAME side, no swap
  ✔ Case A (WBNB is token1): two submissions, the sweep SKIPPED, the PERSISTED target minted (24.6811ms)
  ✔ Case A (WBNB is token1): the sweep records its SKIP note, so the disclosure persists (20.2389ms)
  ✔ Case B (WBNB is token0): two submissions, the sweep SKIPPED, the PERSISTED target minted (10.1737ms)
  ✔ Case B (WBNB is token0): the sweep records its SKIP note, so the disclosure persists (7.7724ms)
✔ PHASE3.18: the requote re-centres on the SAME side, no swap (66.2683ms)
▶ PHASE3.18 R2.9: G0 at the build rolls back, never holds
  ✔ Case A: THE RE-ENTRY RACE — drift back INTO range ⇒ zero-money rollback (1.5157ms)
  ✔ Case A: a FILL between trigger and build ⇒ zero-money rollback too (0.8329ms)
  ✔ Case B: THE RE-ENTRY RACE — drift back INTO range ⇒ zero-money rollback (0.8809ms)
  ✔ Case B: a FILL between trigger and build ⇒ zero-money rollback too (0.8959ms)
✔ PHASE3.18 R2.9: G0 at the build rolls back, never holds (4.5069ms)
▶ PHASE3.18 C4: the persisted target wins; a disagreement THROWS
  ✔ a resume at a DIFFERENT tick binds the SAME persisted target (21.2338ms)
  ✔ a run handed a target that DISAGREES with the row is refused, not overwritten (5.2879ms)
  ✔ an inverted or empty target is refused before any store read (1.2938ms)
✔ PHASE3.18 C4: the persisted target wins; a disagreement THROWS (28.122ms)
▶ PHASE3.18: G2 at the mint refuses into a RECOVERABLE hold
  ✔ the price landing INSIDE the target parks pending-mint, principal safe (4.4979ms)
✔ PHASE3.18: G2 at the mint refuses into a RECOVERABLE hold (4.6691ms)
▶ PHASE3.18 R2.6: grid_level and grid_role, in BOTH backends
  ✔ memory: written at row creation and read back (2.0273ms)
  ✔ memory: a row created without them reads NULL on both (0.4068ms)
  ✔ memory: the flip's tokenId write INVERTS the role atomically (0.5259ms)
  ✔ memory: an OMITTED role leaves the column exactly as it was (0.7114ms)
  ✔ memory: M7's backfill writes ONLY the two identity columns (0.4135ms)
  ✔ postgres(fake): written at row creation and read back (4.7787ms)
  ✔ postgres(fake): a row created without them reads NULL on both (1.3162ms)
  ✔ postgres(fake): the flip's tokenId write INVERTS the role atomically (5.0035ms)
  ✔ postgres(fake): an OMITTED role leaves the column exactly as it was (1.5505ms)
  ✔ postgres(fake): M7's backfill writes ONLY the two identity columns (2.9688ms)
✔ PHASE3.18 R2.6: grid_level and grid_role, in BOTH backends (21.6773ms)
▶ PHASE3.18 R2.3: the requote's target is persisted at CREATE
  ✔ memory: written in the create and read back off the row (0.7763ms)
  ✔ memory: every OTHER kind leaves both columns null (0.2702ms)
  ✔ memory: a NEGATIVE lower bound round-trips (the ordinary case) (0.325ms)
  ✔ postgres(fake): written in the create and read back off the row (4.5408ms)
  ✔ postgres(fake): every OTHER kind leaves both columns null (0.8754ms)
  ✔ postgres(fake): a NEGATIVE lower bound round-trips (the ordinary case) (0.7487ms)
✔ PHASE3.18 R2.3: the requote's target is persisted at CREATE (7.8777ms)
▶ PHASE3.18 C7: three lanes, and a requote occupies neither other one
  ✔ memory: C12(f) — all THREE kinds live at once, each counted once (1.1182ms)
  ✔ memory: the exit lane is untouched by a burst of re-centres (0.7149ms)
  ✔ memory: the FLIP lane is untouched by a burst of re-centres (0.5558ms)
  ✔ memory: the REQUOTE lane refuses on its own count, in its own words (1.0079ms)
  ✔ memory: an ABSENT maxRequotesPerDay fails CLOSED at zero (0.3917ms)
  ✔ memory: the spacing anchor STILL sees a requote reservation (0.3947ms)
  ✔ postgres(fake): C12(f) — all THREE kinds live at once, each counted once (7.9516ms)
  ✔ postgres(fake): the exit lane is untouched by a burst of re-centres (6.714ms)
  ✔ postgres(fake): the FLIP lane is untouched by a burst of re-centres (8.0299ms)
  ✔ postgres(fake): the REQUOTE lane refuses on its own count, in its own words (2.2593ms)
  ✔ postgres(fake): an ABSENT maxRequotesPerDay fails CLOSED at zero (2.9918ms)
  ✔ postgres(fake): the spacing anchor STILL sees a requote reservation (2.3598ms)
  ✔ the EXISTING two lane sentences are BYTE-IDENTICAL (the A6 text pin) (1.7665ms)
✔ PHASE3.18 C7: three lanes, and a requote occupies neither other one (37.1084ms)
▶ PHASE3.18: the raw statements, pinned at the TEXT level
  ✔ the quota aggregate has a THIRD filter and SUBTRACTS it out of the exit lane (2.5725ms)
  ✔ the FOURTH guarded DO block widens the kind CHECK idempotently (5.2837ms)
  ✔ the additive columns are `add column if not exists`, never a table rebuild (1.1798ms)
  ✔ the two column lists name the new columns — no `select *` anywhere (0.3435ms)
  ✔ the tokenId write sets the role with COALESCE, in ONE statement (0.2911ms)
✔ PHASE3.18: the raw statements, pinned at the TEXT level (10.1398ms)
▶ PHASE3.18 R2.2: grid.mode is an explicit signed field, absent ⇒ fixed
  ✔ absent mode parses and validates as "fixed" (wbnbIsToken0=true) (1.9458ms)
  ✔ a coherent policy grid validates (wbnbIsToken0=true) (0.553ms)
  ✔ absent mode parses and validates as "fixed" (wbnbIsToken0=false) (0.7433ms)
  ✔ a coherent policy grid validates (wbnbIsToken0=false) (0.3921ms)
  ✔ a requote block under mode fixed is REFUSED at signing (0.7572ms)
  ✔ a policy block under mode fixed is REFUSED at signing (0.3021ms)
  ✔ mode policy WITHOUT grid.policy is refused (0.188ms)
  ✔ C5: mode policy WITHOUT a requote block is refused — all cost, no motion (0.1945ms)
  ✔ an unknown mode string is refused (0.592ms)
✔ PHASE3.18 R2.2: grid.mode is an explicit signed field, absent ⇒ fixed (7.8281ms)
▶ PHASE3.18: the three new keys are present-only-when-set
  ✔ a FIXED grid's view carries no mode, policy or requote key (0.4806ms)
  ✔ an explicit mode:'fixed' is also dropped — it is the default value (0.2799ms)
  ✔ a POLICY grid round-trips view → parse with every field intact (3.2292ms)
  ✔ an unknown key inside policy or requote is refused structurally (0.4665ms)
✔ PHASE3.18: the three new keys are present-only-when-set (4.7233ms)
▶ PHASE3.18 R2.1/C6: the signed rungs must BE the policy's derivation
  ✔ a coherent single pair passes (wbnbIsToken0=true) (0.2818ms)
  ✔ a coherent CROSSED PAIR passes — the s+3g+w asymmetry is admitted (wbnbIsToken0=true) (0.1942ms)
  ✔ a rung moved by ONE SPACING is refused (wbnbIsToken0=true) (0.3548ms)
  ✔ a WIDTH that disagrees with the rungs is refused (wbnbIsToken0=true) (0.3372ms)
  ✔ a coherent single pair passes (wbnbIsToken0=false) (0.0919ms)
  ✔ a coherent CROSSED PAIR passes — the s+3g+w asymmetry is admitted (wbnbIsToken0=false) (0.1335ms)
  ✔ a rung moved by ONE SPACING is refused (wbnbIsToken0=false) (0.142ms)
  ✔ a WIDTH that disagrees with the rungs is refused (wbnbIsToken0=false) (0.0881ms)
  ✔ a gap/width off the spacing grid is refused before coherence is even asked (0.251ms)
✔ PHASE3.18 R2.1/C6: the signed rungs must BE the policy's derivation (2.3438ms)
▶ PHASE3.18 R2.10: bounds and the joint reachability rule
  ✔ driftPctOfGap is bounded 25..200 (0.4619ms)
  ✔ maxRequotesPerDay is bounded 1..24 — the same ceiling every daily count carries (0.38ms)
  ✔ the JOINT rule refuses a pair the agent-wide spacing gate cannot deliver (0.1939ms)
  ✔ the defaults FIT at the LP default spacing of 30 minutes (C9's own arithmetic) (0.2289ms)
✔ PHASE3.18 R2.10: bounds and the joint reachability rule (1.4387ms)
▶ PHASE3.18 C9/C12(g): the client's default clamp and its disclosure
  ✔ at the LP default spacing the defaults are NOT clamped (0.1997ms)
  ✔ above 43 minutes the default IS clamped, and the note SAYS SO (0.122ms)
  ✔ the clamped pair is one the SERVER accepts — the clamp and the rule agree (0.227ms)
  ✔ it never RAISES a default (0.1524ms)
✔ PHASE3.18 C9/C12(g): the client's default clamp and its disclosure (1.1705ms)
▶ PHASE3.18 C1: identity comes from the columns in policy mode only
  ✔ FIXED mode ignores the columns entirely — exact-tick match is the authority (0.4524ms)
  ✔ POLICY mode answers from the columns even for a rung matching NO signed range (0.2098ms)
  ✔ C12(b): a NULL column in policy mode answers null — the plane never guesses (0.1065ms)
  ✔ a level the NEW settings carry no pair for is refused, not invented (0.1509ms)
  ✔ the null-identity remedy names abandon+re-arm, never a re-sign to match ticks (0.2533ms)
✔ PHASE3.18 C1: identity comes from the columns in policy mode only (1.5852ms)
▶ PHASE3.18 C8: the gap's bps equivalent is position-independent
  ✔ priceDeviationBps over a tick separation depends only on the separation (0.4823ms)
✔ PHASE3.18 C8: the gap's bps equivalent is position-independent (0.6246ms)
▶ PHASE3.18 R2.8: near-edge drift, both orientations
  ✔ the near edge is chosen by SIDE, never by role name (wbnbIsToken0=true) (0.5926ms)
  ✔ a rung at the policy distance is NOT drifted (wbnbIsToken0=true) (0.1348ms)
  ✔ the price moving AWAY drifts it; moving toward it does not (wbnbIsToken0=true) (0.5399ms)
  ✔ a FILLED level never drifts — its motion is the flip (wbnbIsToken0=true) (0.5034ms)
  ✔ a tick INSIDE the rung is neither unfilled-drifted nor sided (wbnbIsToken0=true) (0.1409ms)
  ✔ the near edge is chosen by SIDE, never by role name (wbnbIsToken0=false) (0.0788ms)
  ✔ a rung at the policy distance is NOT drifted (wbnbIsToken0=false) (0.2113ms)
  ✔ the price moving AWAY drifts it; moving toward it does not (wbnbIsToken0=false) (0.1289ms)
  ✔ a FILLED level never drifts — its motion is the flip (wbnbIsToken0=false) (0.1481ms)
  ✔ a tick INSIDE the rung is neither unfilled-drifted nor sided (wbnbIsToken0=false) (0.0999ms)
  ✔ THE FLOOR: a freshly requoted rung can never immediately re-fire (the 3.13 F1 shape) (0.568ms)
✔ PHASE3.18 R2.8: near-edge drift, both orientations (3.5347ms)
▶ PHASE3.18: the requote target re-derives on the SAME side
  ✔ level 1 buy keeps its side and its OWN gap (wbnbIsToken0=true) (0.6604ms)
  ✔ level 1 sell keeps its side and its OWN gap (wbnbIsToken0=true) (0.2878ms)
  ✔ level 2 buy keeps its side and its OWN gap (wbnbIsToken0=true) (0.1371ms)
  ✔ level 2 sell keeps its side and its OWN gap (wbnbIsToken0=true) (0.0825ms)
  ✔ level 1 buy keeps its side and its OWN gap (wbnbIsToken0=false) (0.0642ms)
  ✔ level 1 sell keeps its side and its OWN gap (wbnbIsToken0=false) (0.181ms)
  ✔ level 2 buy keeps its side and its OWN gap (wbnbIsToken0=false) (0.4828ms)
  ✔ level 2 sell keeps its side and its OWN gap (wbnbIsToken0=false) (21.5811ms)
  ✔ a single-level grid derives BOTH rungs at the inner gap (0.1891ms)
✔ PHASE3.18: the requote target re-derives on the SAME side (24.3195ms)
▶ PHASE3.18 R2.9: G0 requires strictly-outside AND the stored role's side
  ✔ inside the rung ⇒ refused (wbnbIsToken0=true) (0.2449ms)
  ✔ a FILLED level ⇒ refused, with a side (wbnbIsToken0=true) (0.0957ms)
  ✔ the STORED role decides, so a role/side contradiction is caught (wbnbIsToken0=true) (0.0789ms)
  ✔ inside the rung ⇒ refused (wbnbIsToken0=false) (0.0534ms)
  ✔ a FILLED level ⇒ refused, with a side (wbnbIsToken0=false) (0.0334ms)
  ✔ the STORED role decides, so a role/side contradiction is caught (wbnbIsToken0=false) (0.032ms)
✔ PHASE3.18 R2.9: G0 requires strictly-outside AND the stored role's side (0.6919ms)
▶ PHASE3.18 C2: ONE pair definition — floating rung + SIGNED counter-rung
  ✔ the proposed rung lands in its role's slot; the counter is SIGNED data (0.45ms)
  ✔ in FIXED geometry the builder reduces to the signed pair exactly (0.3878ms)
  ✔ a level with no signed pair answers null rather than inventing one (0.1003ms)
  ✔ gridCycleSubmissions is 2 for a fixed grid and 2+2R for a policy one (0.129ms)
  ✔ the INFLATED floor is strictly harder, and the refusal text says how many (0.2311ms)
  ✔ the DEFAULT submissions count keeps the 3.15-3.17 floor byte-identical (0.1008ms)
✔ PHASE3.18 C2: ONE pair definition — floating rung + SIGNED counter-rung (1.5852ms)
▶ PHASE3.18 R2.8: the drift counter survives the round trip
  ✔ gridDriftConsecutive and gridDriftSide are rebuilt, not dropped (0.6438ms)
  ✔ absent fields come back ABSENT, never as undefined-valued keys (0.1877ms)
  ✔ an unrecognised drift side rejects the WHOLE observation (fail-safe) (0.085ms)
✔ PHASE3.18 R2.8: the drift counter survives the round trip (1.0197ms)
▶ PHASE3.18: the evaluator's drift hysteresis
  ✔ ONE observation never requotes (wbnbIsToken0=true) (1.7838ms)
  ✔ TWO consecutive comparable observations DO (wbnbIsToken0=true) (0.3909ms)
  ✔ a REVERSAL resets the count (wbnbIsToken0=true) (0.2283ms)
  ✔ ONE observation never requotes (wbnbIsToken0=false) (0.1174ms)
  ✔ TWO consecutive comparable observations DO (wbnbIsToken0=false) (0.175ms)
  ✔ a REVERSAL resets the count (wbnbIsToken0=false) (0.2692ms)
✔ PHASE3.18: the evaluator's drift hysteresis (3.1262ms)
▶ PHASE3.18: fixed-mode byte-identity
  ✔ a grid WITHOUT the block never emits grid-requote, at any drift (0.4773ms)
✔ PHASE3.18: fixed-mode byte-identity (0.5306ms)
▶ PHASE3.18 C12(b): a null column in policy mode HOLDS at the evaluator
  ✔ the hold names the identity remedy and emits no decision (0.1332ms)
✔ PHASE3.18 C12(b): a null column in policy mode HOLDS at the evaluator (0.1788ms)
▶ PHASE3.18 C12(a): the C1 kill test — a REQUOTED level still flips
  ✔ a rung matching NO signed range flips into its SIGNED counter-rung (0.2908ms)
✔ PHASE3.18 C12(a): the C1 kill test — a REQUOTED level still flips (0.334ms)
▶ PHASE3.18: the fourth grid kind joins every place that enumerates them
  ✔ the decision maps to its OWN saga kind, never to protect (0.9661ms)
  ✔ its plan is the FLIP's three positions, so the crash matrix carries over (0.9576ms)
  ✔ GRID_SEQUENCE_KINDS covers it, so the flag-off resume skip does too (0.1637ms)
  ✔ a policy grid under an OFF flag is SKIPPED, never standard-managed (6.451ms)
✔ PHASE3.18: the fourth grid kind joins every place that enumerates them (10.2125ms)
▶ PHASE3.18: the worker confirms a drift over two cycles and dispatches
  ✔ one cycle HOLDS; two consecutive comparable cycles dispatch grid-requote (20.0646ms)
  ✔ a FIXED grid at the same drift never dispatches one (3.8413ms)
  ✔ C12(b): NULL identity columns in policy mode HOLD, naming the remedy (7.7103ms)
✔ PHASE3.18: the worker confirms a drift over two cycles and dispatches (31.985ms)
▶ PHASE3.18 R2.10/C11: an unaffordable re-centre never starts
  ✔ an undersized WBNB cap refuses BEFORE any sequence exists (3.427ms)
  ✔ an ABSENT cap for the charged token refuses the same way (1.8625ms)
  ✔ the observation is STILL persisted, so the count is not lost to a refusal (1.8218ms)
✔ PHASE3.18 R2.10/C11: an unaffordable re-centre never starts (7.424ms)
▶ PHASE3.15: POST /lp/settings — the grid block's chain-and-config admission
  ✔ REFUSES a grid block while GRID_ENABLED is off, so nobody signs dead settings (78.4832ms)
  ✔ arms a first grid and reports the pool evidence and the entry instruction (26.3247ms)
  ✔ C1: a SIGNED orientation that disagrees with the pool is REFUSED, naming both (18.5667ms)
  ✔ C1: a SIGNED tickSpacing that disagrees with the pool is REFUSED (11.9666ms)
  ✔ the LP_MAX_TICK_WIDTH ceiling is CONFIG, so it is enforced at the route (9.5551ms)
  ✔ M3: the IDLE GATE applies at FIRST ARMING only (10.961ms)
  ✔ C2: a re-sign under a LIVE level must keep one range equal to it (29.4372ms)
  ✔ C2: a re-sign that narrows the spread below the gas floor is REFUSED (12.6217ms)
  ✔ clearing the block needs no chain read and is always allowed (9.3297ms)
✔ PHASE3.15: POST /lp/settings — the grid block's chain-and-config admission (209.2303ms)
▶ PHASE3.15 R2.1: POST /lp/import — the grid's ONLY entry path
  ✔ admits a hand-minted single-sided level and names the flip's target (13.0294ms)
  ✔ REFUSES a level whose ticks equal neither signed range, naming both (9.4557ms)
  ✔ REFUSES a level in a different pool from the signed grid (11.9121ms)
  ✔ M8 conjunct 1 — REFUSES while the tick is INSIDE the level (12.0535ms)
  ✔ M8 conjunct 3 — REFUSES when the price has gapped THROUGH the level (11.2227ms)
  ✔ REFUSES a nonzero basis — value-basis TP/SL is structurally disabled (15.6879ms)
  ✔ REFUSES while GRID_ENABLED is off, even for a signed grid block (7.1254ms)
  ✔ R2.10: the net-edge admission runs HERE, sized on the level's own exit value (16.4043ms)
  ✔ a NON-grid agent's import is completely unaffected (10.2625ms)
✔ PHASE3.15 R2.1: POST /lp/import — the grid's ONLY entry path (107.974ms)
▶ PHASE3.15 R2.11/L6: the grid section of GET /agents/:id/lp
  ✔ is ABSENT for a non-grid agent (17.5377ms)
  ✔ reports the signed ranges, the latency formula and the restart path (19.6585ms)
  ✔ reports the live level from the OBSERVATION, stamped with its age, and makes no chain read (25.699ms)
  ✔ reports cycles as a LOWER BOUND and PnL over recorded round trips only (8.5969ms)
  ✔ accepts the account bearer on the LP GET without widening LP mutations (26.487ms)
  ✔ distinguishes unavailable cycle history from a successful empty list (26.0854ms)
  ✔ H4: a held flip is reported with the abandon remedy, not as armed protection (13.5985ms)
✔ PHASE3.15 R2.11/L6: the grid section of GET /agents/:id/lp (138.1596ms)
▶ PHASE3.15 R2.12: the grid key is emitted ONLY when set
  ✔ the default VIEW carries no grid key at all (0.8701ms)
  ✔ DEFAULT_SETTINGS_DIGEST did not move — the tripwire, restated here (0.4877ms)
  ✔ a grid row round-trips through the view KEEPING the key, and hashes differently (4.5427ms)
  ✔ a stored row WITHOUT the key parses to null — the additive migration (0.3848ms)
  ✔ an explicit null CLEARS the block — the one-way-rollback procedure (0.2689ms)
✔ PHASE3.15 R2.12: the grid key is emitted ONLY when set (7.7546ms)
▶ PHASE3.15: the grid block's STRUCTURAL parse
  ✔ refuses an unknown key inside the block (the fence posture) (0.4305ms)
  ✔ refuses a non-integer tick, a non-object range and a bad address (0.3085ms)
  ✔ refuses a block missing one of the two ranges (0.229ms)
✔ PHASE3.15: the grid block's STRUCTURAL parse (1.1926ms)
▶ PHASE3.15 R2.2/H1: the ordering constraint is ORIENTATION-CONDITIONED
  ✔ Case A (wbnbIsToken0 false): the BUY range must be at or below the sell range (0.8326ms)
  ✔ Case B (wbnbIsToken0 true): the constraint INVERTS — buy sits ABOVE sell (0.3436ms)
  ✔ touching ranges are legal in BOTH orderings; overlapping ones are not (0.2333ms)
✔ PHASE3.15 R2.2/H1: the ordering constraint is ORIENTATION-CONDITIONED (1.5884ms)
▶ PHASE3.15 R2.8: spacing, width and the numeric bounds
  ✔ refuses a tick that is not aligned to the SIGNED spacing, in both orderings (0.2637ms)
  ✔ refuses a range narrower than one spacing (0.2527ms)
  ✔ refuses a malformed tickSpacing rather than deriving one from the fee tier (0.1158ms)
  ✔ bounds maxFlipsPerDay to 1..24 and minNetEdgeBps to 0..10000 (0.2625ms)
  ✔ refuses a pool whose legs are not in pool order, or an unknown fee tier (0.1795ms)
✔ PHASE3.15 R2.8: spacing, width and the numeric bounds (1.2572ms)
▶ PHASE3.15 C3/H8: an unreachable maxFlipsPerDay is REFUSED, not ignored
  ✔ refuses when minMinutesBetweenExits makes the flip count unreachable (0.1698ms)
  ✔ the refusal lives in the ONE validator, so the worker's parse enforces it too (0.2348ms)
✔ PHASE3.15 C3/H8: an unreachable maxFlipsPerDay is REFUSED, not ignored (0.5293ms)
▶ PHASE3.15: a grid agent may not also sign standard automation
  ✔ refuses grid + autoRotate and grid + autoHarvest, naming why (0.1782ms)
  ✔ exitToQuote and the price triggers stay meaningful alongside a grid (0.1038ms)
✔ PHASE3.15: a grid agent may not also sign standard automation (0.3508ms)
▶ PHASE3.22: runLpGridShift, the two-live motion
  ✔ submits ONE batch of 12 calls in the pinned order and re-points BOTH rows (41.1279ms)
  ✔ R2.27(a): the batch touches exactly THREE targets — NFPM, WBNB and the base (7.4656ms)
✔ PHASE3.22: runLpGridShift, the two-live motion (49.7278ms)
▶ PHASE3.22 R8 (AUDIT M2): the persisted-target authority guard
  ✔ THROWS when a run is handed a target that disagrees with the persisted one (15.5886ms)
  ✔ PHASE3.23 R3.2: a persisted-vs-handed cause disagreement refuses before any new call (6.352ms)
✔ PHASE3.22 R8 (AUDIT M2): the persisted-target authority guard (22.2044ms)
▶ PHASE3.23: one-target finish, replay and drift G0
  ✔ submits seven calls, updates only the target row, and replays after restart (11.0571ms)
  ✔ R3.4: the mirrored one-target SELL shape accepts exactly one id (7.3911ms)
  ✔ R3.4: two targets retain the one-id SELL-survivor depletion shape (6.2818ms)
  ✔ R3.1: targeted in-range drift is a zero-call rollback; cross is exempt (5.1876ms)
  ✔ R3.2: a never-submitted legacy NULL cause rolls back cleanly with zero calls (0.9346ms)
  ✔ R3.2: a COMMITTED legacy NULL-cause row keeps journal replay untouched (1.442ms)
✔ PHASE3.23: one-target finish, replay and drift G0 (32.9101ms)
▶ PHASE3.25 R6.2 (memory): zero-drift resume partition
  ✔ rolls back and releases a clean pre-existing drift reservation (1.3226ms)
  ✔ rolls back and releases when the recorded step has no journal row (1.1144ms)
  ✔ rolls back and releases a clean ROLLED_BACK journal row (3.7718ms)
  ✔ retains a submitted-and-ROLLED_BACK row's reservation (6.8346ms)
  ✔ leaves a PENDING drift row held and charged (1.1374ms)
  ✔ leaves an ambiguous submitted drift row held and charged (0.9846ms)
  ✔ replays a committed drift row without rebuilding or releasing it (0.9258ms)
  ✔ does not gate a post-3.25 row with a nonzero signed drift count (9.1947ms)
✔ PHASE3.25 R6.2 (memory): zero-drift resume partition (26.116ms)
▶ PHASE3.25 R6.2 (postgres(fake)): zero-drift resume partition
  ✔ rolls back and releases a clean pre-existing drift reservation (8.7374ms)
  ✔ rolls back and releases when the recorded step has no journal row (7.7478ms)
  ✔ rolls back and releases a clean ROLLED_BACK journal row (2.2038ms)
  ✔ retains a submitted-and-ROLLED_BACK row's reservation (10.3168ms)
  ✔ leaves a PENDING drift row held and charged (7.1107ms)
  ✔ leaves an ambiguous submitted drift row held and charged (3.3553ms)
  ✔ replays a committed drift row without rebuilding or releasing it (3.0486ms)
  ✔ does not gate a post-3.25 row with a nonzero signed drift count (14.3575ms)
✔ PHASE3.25 R6.2 (postgres(fake)): zero-drift resume partition (57.6232ms)
▶ PHASE3.22 R2.13 (AUDIT M4): the sell<buy belt
  ✔ REFUSES a receipt whose ids violate the pinned sell-then-buy order (5.8254ms)
  ✔ REFUSES a minted position that matches NEITHER persisted target (15.0432ms)
  ✔ REFUSES two mints that both claim the SAME target — the bijection rule (3.9392ms)
✔ PHASE3.22 R2.13 (AUDIT M4): the sell<buy belt (25.0241ms)
▶ PHASE3.22 (AUDIT A1): the COMMITTED finish is re-runnable on a FRESH invocation
  ✔ a transient RPC failure in `after` is recovered by the next resume (6.5529ms)
  ✔ the replay is idempotent: a third run changes nothing (9.3686ms)
✔ PHASE3.22 (AUDIT A1): the COMMITTED finish is re-runnable on a FRESH invocation (16.1027ms)
▶ PHASE3.22 R4.2: the one-sided motion
  ✔ mints only the fundable side and CLOSES the depleted row as shift-depleted (8.1174ms)
  ✔ BOTH sides below floor is a zero-money terminal ROLLBACK, not a hold (1.7568ms)
✔ PHASE3.22 R4.2: the one-sided motion (10.0557ms)
▶ PHASE3.22 R12: the two failure states
  ✔ a FAILED receipt rolls the sequence back with both rows untouched (4.7789ms)
  ✔ an UNKNOWN submit parks HELD carrying the shift-ambiguous marker (6.9492ms)
✔ PHASE3.22 R12: the two failure states (12.0315ms)
▶ PHASE3.22 R1: the shift block's signed surface
  ✔ WBNB token1: a coherent shift grid validates and round-trips through the wire (4.4598ms)
  ✔ WBNB token0: a coherent shift grid validates and round-trips through the wire (0.7312ms)
  ✔ R1: `grid.shift` emits ONLY when set, so DEFAULT_SETTINGS_DIGEST does not move (0.5975ms)
  ✔ R2/M10: a non-zero stopLossPct or takeProfitPct is REFUSED under shift mode (0.8105ms)
  ✔ R5.8/D9: shift mode REQUIRES maxFlipsPerDay 1, so the field is never a dead number (0.2947ms)
  ✔ R5.8/decision 8: shiftsPerDay is bounded 1..288 with NO policy cap (0.6676ms)
  ✔ R5.8/D9: the reachability conjunct is `1 + shiftsPerDay <= floor(1440/spacing)` (0.356ms)
  ✔ R2.18: every other mode's block is REFUSED beside a shift block, and vice versa (0.7441ms)
  ✔ R1/R2.25: gapTicks must be STRICTLY positive, unlike the ladder's `>= 0` (0.3897ms)
  ✔ PHASE3.23 R2.8: drift zero is legal only for SHIFT (0.7478ms)
  ✔ §10: buyRange2/sellRange2 are REFUSED — a shift ladder is two rows on ONE pair (0.3037ms)
✔ PHASE3.22 R1: the shift block's signed surface (12.2135ms)
▶ PHASE3.22 N6/R3.4: the two constants are NOT the same number
  ✔ the sizing reserve is 2 and the admission cycle count is 1 (0.2146ms)
  ✔ PHASE3.25 R5.2: gridCycleSubmissions is cadence-invariant (0.23ms)
  ✔ the two constants are stated SIDE BY SIDE in the shipped comment (0.8973ms)
  ✔ R2.18: the mode-keyed seams answer for `shift` rather than inheriting (0.1978ms)
  ✔ R2.6: `grid-shift` is NOT a liquidity-removing STEP kind (0.1009ms)
  ✔ C6: the import refusal is EXHAUSTIVE, and ladder no longer falls through (0.8181ms)
✔ PHASE3.22 N6/R3.4: the two constants are NOT the same number (2.736ms)
▶ PHASE3.25 R5: signed drift pair and cadence split
  ✔ round-trips all four signed forms and preserves the legacy digest (1.6817ms)
  ✔ validates both signed wei bounds at the exported validator (0.5298ms)
  ✔ derives drift motions only from signed bytes, floors, disables, and clamps (0.2883ms)
  ✔ adds the padded physical shift term and accepts the R6.1 capacity vectors (0.6867ms)
✔ PHASE3.25 R5: signed drift pair and cadence split (3.3951ms)
▶ PHASE3.22 R4.2.1: gridShiftFunding, the ONE authority at both seams
  ✔ BOTH sides fundable ⇒ two mints, SELL FIRST (the R2.2 pin) (0.5569ms)
  ✔ ONE side below floor ⇒ the motion PROCEEDS one-sided (decision 9) (0.2286ms)
  ✔ BOTH sides below floor ⇒ HOLD: nothing can mint, so the pair holds (0.2555ms)
  ✔ an ABSENT balance FAILS CLOSED — a conjunct nobody read cannot be satisfied (0.1832ms)
  ✔ the FREED term is what makes the motion self-funding (0.2138ms)
  ✔ the decay is GEOMETRIC — `mint_i = d x available_i`, the 'teo dần' of decision 5 (0.1827ms)
  ✔ gridShiftSideFloors: an unpriceable geometry makes BOTH floors unreachable (0.2797ms)
  ✔ the hold and one-sided texts come from ONE builder and survive the 280-char cap (0.3061ms)
✔ PHASE3.22 R4.2.1: gridShiftFunding, the ONE authority at both seams (2.5182ms)
▶ PHASE3.22 R2.14: gridShiftEconomics, one builder for three call sites
  ✔ it prices on the SHIFT arm of gridCycleSubmissions, not the flip's 2 (0.6204ms)
  ✔ minBudgetWei is minRungWei inverted through deployPctBps (the L2 correction) (0.1536ms)
  ✔ PHASE3.25 R2.2: minBudgetWei is flat in cadence and drift budget (0.2418ms)
  ✔ R2.14: resilience REUSES the ladder's geometric model verbatim (0.1534ms)
✔ PHASE3.22 R2.14: gridShiftEconomics, one builder for three call sites (1.477ms)
▶ PHASE3.22 R9: ONE refusal builder for both G-gate seams
  ✔ it names the seam, the failed conjunct and the figures, inside the cap (0.75ms)
  ✔ R2.25: the derivation's clearance is what the gate inherits (0.1664ms)
✔ PHASE3.22 R9: ONE refusal builder for both G-gate seams (1.0423ms)
▶ PHASE3.22 D6/P6: gridShiftGroupLock is MODE FIRST
  ✔ a LADDER pair is untouched, which is the whole byte-identity argument (0.285ms)
  ✔ it applies to a shift pair, and only when the row carries a group (0.1042ms)
✔ PHASE3.22 D6/P6: gridShiftGroupLock is MODE FIRST (0.4962ms)
▶ PHASE3.22 R2.21 (memory): the shift lane
  ✔ PHASE3.23 N2: shift cause and one-target shape round-trip together (1.3419ms)
  ✔ a grid-shift reservation charges the SHIFT lane and NOT the exit lane (0.6435ms)
  ✔ the lane is bounded by shiftsPerDay and FAILS CLOSED at zero without it (0.7926ms)
  ✔ an ABSENT maxShiftsPerDay refuses at zero — never a default nobody signed (0.3244ms)
  ✔ PHASE3.25 R5.3: settlement and drift counts are independent (0.7765ms)
  ✔ PHASE3.25 R5.3: drift exhaustion does not consume settlement allowance (1.1294ms)
  ✔ PHASE3.25 R5.3: settlement exhaustion does not consume drift allowance (0.5672ms)
  ✔ PHASE3.23 R3.3: ladder recenter and shift lanes never cross-charge (0.5525ms)
✔ PHASE3.22 R2.21 (memory): the shift lane (6.4485ms)
▶ PHASE3.22 R2.21 (postgres(fake)): the shift lane
  ✔ PHASE3.23 N2: shift cause and one-target shape round-trip together (5.7179ms)
  ✔ a grid-shift reservation charges the SHIFT lane and NOT the exit lane (5.2125ms)
  ✔ the lane is bounded by shiftsPerDay and FAILS CLOSED at zero without it (8.9434ms)
  ✔ an ABSENT maxShiftsPerDay refuses at zero — never a default nobody signed (1.3462ms)
  ✔ PHASE3.25 R5.3: settlement and drift counts are independent (4.9479ms)
  ✔ PHASE3.25 R5.3: drift exhaustion does not consume settlement allowance (3.4469ms)
  ✔ PHASE3.25 R5.3: settlement exhaustion does not consume drift allowance (2.59ms)
  ✔ PHASE3.23 R3.3: ladder recenter and shift lanes never cross-charge (4.1953ms)
✔ PHASE3.22 R2.21 (postgres(fake)): the shift lane (37.0419ms)
▶ PHASE3.22 R6: the quota hold's own sentence
  ✔ it names the CONSEQUENCE, which for a shift is symmetric staleness (1.1115ms)
  ✔ PHASE3.25 R6.5: maximum-width T5/T6 survive sanitizeMessage whole (0.3276ms)
  ✔ PHASE3.25 R6.5: T1/T2 exact quota errors survive sanitizing (11.5586ms)
✔ PHASE3.22 R6: the quota hold's own sentence (13.3565ms)
▶ PHASE3.22 D2 (memory): the shift-ambiguous recovery member
  ✔ BOOT AND WRITE: the store accepts the marker and reads it back (0.8168ms)
  ✔ the marker makes an ambiguous park HELD, which is what opens every door (0.8246ms)
✔ PHASE3.22 D2 (memory): the shift-ambiguous recovery member (1.8889ms)
▶ PHASE3.22 D2 (postgres(fake)): the shift-ambiguous recovery member
  ✔ BOOT AND WRITE: the store accepts the marker and reads it back (2.4359ms)
  ✔ the marker makes an ambiguous park HELD, which is what opens every door (2.8493ms)
✔ PHASE3.22 D2 (postgres(fake)): the shift-ambiguous recovery member (5.4882ms)
▶ PHASE3.22 D2: the six enumeration sites, pinned
  ✔ the member appears at the union, the runtime set, the DDL and the migration (2.0455ms)
  ✔ the evidence unions and the landing finalizer are WIDENED, with the reason (0.9579ms)
  ✔ (6) the step's recoveryAfterConfirm IS the marker, not `none` (1.1648ms)
  ✔ D3: the marker is written STRICTLY BEFORE the journal begin (1.1875ms)
  ✔ PHASE3.23 REVIEW2 N2: every append-only shift_cause persistence seam is present (2.1241ms)
  ✔ PHASE3.23 R3.3: Postgres serializes the shared shift quota scope (1.4859ms)
✔ PHASE3.22 D2: the six enumeration sites, pinned (9.2949ms)
▶ PHASE3.22 D1/R5.1: the declared-ambiguity abandon arm
  ✔ a UNKNOWN grid-shift step is ACCEPTED and closes BOTH rows (2.7418ms)
  ✔ a PENDING grid-shift step is ACCEPTED and closes BOTH rows (0.2658ms)
  ✔ a IN_PROGRESS grid-shift step is ACCEPTED and closes BOTH rows (0.1072ms)
  ✔ THE MUTATION: flipping the kind guard must NOT make a rotate abandonable (0.1825ms)
  ✔ a ROLLED_BACK grid-shift falls THROUGH to the ordinary disposition (0.1653ms)
✔ PHASE3.22 D1/R5.1: the declared-ambiguity abandon arm (3.7813ms)
▶ PHASE3.22 D4/R4.3: the COMMITTED grid-shift abandon is two-tiered
  ✔ TIER 1: the refusal stands while the finish is still worth resuming (0.2092ms)
  ✔ TIER 2: a PERMANENTLY throwing finish quiesces the row and opens the door (0.1429ms)
  ✔ an ABSENT threshold keeps tier 2 SHUT — fail-closed (0.0878ms)
  ✔ D4(b): abandonSequence stays PURE — it never imports the worker (0.9523ms)
✔ PHASE3.22 D4/R4.3: the COMMITTED grid-shift abandon is two-tiered (1.5424ms)
▶ PHASE3.22 R4.2.3 (memory): the dormant side re-opens
  ✔ a depleted row CLOSES with its reason, and a later motion re-creates it (2.3679ms)
  ✔ a CLOSED dormant row does not block a re-arm (REVIEW4 §C's strongest argument) (2.238ms)
✔ PHASE3.22 R4.2.3 (memory): the dormant side re-opens (5.3994ms)
▶ PHASE3.22 R4.2.3 (postgres(fake)): the dormant side re-opens
  ✔ a depleted row CLOSES with its reason, and a later motion re-creates it (11.2003ms)
  ✔ a CLOSED dormant row does not block a re-arm (REVIEW4 §C's strongest argument) (1.1577ms)
✔ PHASE3.22 R4.2.3 (postgres(fake)): the dormant side re-opens (12.5497ms)
▶ PHASE3.22 D7/R5.7: restore-open never resurrects a closed row
  ✔ the abandon route's restore-open arm filters on `state !== "closed"` (5.4882ms)
✔ PHASE3.22 D7/R5.7: restore-open never resurrects a closed row (5.9029ms)
▶ PHASE3.22 D5/R5.5: the dynamic dispatcher
  ✔ the BUY row dispatches while live; the SELL row when it is not; NEVER both (0.2503ms)
  ✔ the evaluator gates its shift branch on the snapshot, and holds without one (3.084ms)
  ✔ D8: the sibling's evidence is read ONLY for a LIVE sibling (1.6204ms)
✔ PHASE3.22 D5/R5.5: the dynamic dispatcher (5.3549ms)
▶ PHASE3.22 R2.27: the commissioned properties
  ✔ (a) the batch touches exactly THREE targets: NFPM, WBNB and the base token (10.9257ms)
  ✔ (b) a SUBMITTED-and-reverted shift consumes its lane slot and releases nothing (4.6703ms)
  ✔ (c)/(d) the group lock is enforced at the manual-exit ROUTE, not in driveSequence (6.1764ms)
✔ PHASE3.22 R2.27: the commissioned properties (22.3965ms)
▶ PHASE3.22 R2: the three shipped modes are untouched
  ✔ a non-shift grid's reachability refusal carries NO shift clause (3.2217ms)
  ✔ gridCycleSubmissions answers 2 for a fixed grid, as it always has (0.4999ms)
✔ PHASE3.22 R2: the three shipped modes are untouched (4.0409ms)
▶ PHASE3.22 §13.1: the round-trip journey
  ✔ PHASE3.23 R2.1: mid-fill drift targets only the clean rung; clean drift targets both (6.7756ms)
  ✔ PHASE3.25 R5.7: drift exhaustion is a HOLD before any sequence exists (1.9997ms)
  ✔ PHASE3.23 R2.5: an unfundable selected rung holds even when untouched funding is rich (0.645ms)
  ✔ PHASE3.23 R2.8/R3.6: zero disables drift readiness but still emits relation (0.4137ms)
  ✔ PHASE3.23 R3.6: fixed, policy, ladder and no-role observation bytes omit relation (1.6843ms)
  ✔ TRIGGER: two observations arm a shift, ONE decision per direction, gap preserved (1.3822ms)
  ✔ STORE (memory): both tokenIds change TOGETHER, one sequence per shift (26.5409ms)
  ✔ STORE (postgres(fake)): both tokenIds change TOGETHER, one sequence per shift (5.1275ms)
✔ PHASE3.22 §13.1: the round-trip journey (45.4611ms)
▶ PHASE3.22 §9: the owner view's shift block
  ✔ R2.4/P7: the SIBLING's blocker is derived from the ARM GROUP, mode-first (1.4754ms)
  ✔ R2.4/M10: the doubled blast radius is stated, not left to inference (1.2172ms)
  ✔ C11: the two revert paths read DIFFERENTLY — slot burned vs nothing burned (3.5585ms)
  ✔ R3.2 point 3: the true sentence is in the view — the THIRD of three places (2.9024ms)
  ✔ §9: lanes, two-sidedness and the three one-sided causes are reported (1.5194ms)
  ✔ a shift pair's levels are partitioned by ROLE, not by level (0.7975ms)
✔ PHASE3.22 §9: the owner view's shift block (12.0553ms)
▶ PHASE3.23 R3.5: owner-view pair geometry
  ✔ isolates re-arms and reconstructs the latest one-target shape after restart (0.3828ms)
  ✔ clears asymmetry when the latest completed shift targets both rungs (0.1132ms)
✔ PHASE3.23 R3.5: owner-view pair geometry (0.5882ms)
▶ PHASE3.22 §8: the client's shift width default
  ✔ width defaults to exactly ONE tick spacing under shift mode (0.1581ms)
  ✔ --width-ticks overrides it and is quantized UP like every other tick value (0.1306ms)
  ✔ PHASE3.23 R2.11: drift-off conflicts before signing and every transcript shape is distinct (0.4821ms)
  ✔ PHASE3.23 R2.11: a one-rung confirmation never claims both positions move (0.218ms)
✔ PHASE3.22 §8: the client's shift width default (1.0996ms)
▶ GRID-GAS-RESERVE P2: gridShiftGasGate holds a shift the relay could not be paid for
  ✔ requires MAX_SUBMISSIONS_PER_GRID_SHIFT fee units — the sizing constant, so gate and sizing agree (0.1537ms)
  ✔ holds on the 2026-09-03 incident figure: 0.000098693 BNB against the metered shift (0.3024ms)
  ✔ fails CLOSED on an unread pot and on an absent fee constant (0.1407ms)
  ✔ one wei under the line holds; the line itself passes (0.0741ms)
  ✔ is wired into the shift branch BEFORE the funding conjunct, on the worker's native read (2.0407ms)
✔ GRID-GAS-RESERVE P2: gridShiftGasGate holds a shift the relay could not be paid for (2.8558ms)
▶ PHASE3.22 AUDIT A2: the worker-seam group lock
  ✔ the SIBLING does not dispatch while the pair's shift is held (25.7623ms)
  ✔ the SIBLING does not dispatch while the pair's shift is abandoning (22.7537ms)
  ✔ the sibling DOES dispatch once the shift goes terminal — a lock, not a disarm (69.9251ms)
  ✔ MODE FIRST: a LADDER pair with the same arm group is untouched (8.3729ms)
✔ PHASE3.22 AUDIT A2: the worker-seam group lock (128.4784ms)
▶ PHASE3.22 FINDINGS (bc): the worker builds the shift buffer input
  ✔ dispatches grid-shift once drift is confirmed and the buffer funds both rungs (21.4946ms)
  ✔ still reads the buffer for a LADDER grid — the gate widened, it did not move (5.9654ms)
✔ PHASE3.22 FINDINGS (bc): the worker builds the shift buffer input (27.7594ms)
▶ FINDINGS (be): drift must not exit a rung that is mid-conversion
  ✔ dispatches only the clean sibling on mid-fill drift (10.7604ms)
  ✔ DOES still dispatch on drift when both rungs are fully outside the price (8.4305ms)
✔ FINDINGS (be): drift must not exit a rung that is mid-conversion (19.5336ms)
▶ PHASE3.15 M1: the grid hysteresis round-trips in BOTH backends
  ✔ memory: gridCrossConsecutive and gridCrossSide survive put/get (2.1888ms)
  ✔ memory: an absent pair comes back ABSENT, never defaulted (0.5508ms)
  ✔ memory: still owner-scoped — a cross-tenant read is null (0.2349ms)
  ✔ postgres(fake): gridCrossConsecutive and gridCrossSide survive put/get (12.0537ms)
  ✔ postgres(fake): an absent pair comes back ABSENT, never defaulted (0.4639ms)
  ✔ postgres(fake): still owner-scoped — a cross-tenant read is null (0.3631ms)
  ✔ an UNRECOGNISED side rejects the WHOLE observation — the fail-safe direction (0.2484ms)
✔ PHASE3.15 M1: the grid hysteresis round-trips in BOTH backends (18.1734ms)
▶ PHASE3.15 R2.9/OQ3: the lp_sequences kind CHECK accepts grid-flip
  ✔ memory: a grid-flip sequence is created and read back (1.4249ms)
  ✔ memory: an UNKNOWN kind is still rejected (0.7024ms)
  ✔ postgres(fake): a grid-flip sequence is created and read back (2.8531ms)
  ✔ postgres(fake): an UNKNOWN kind is still rejected (3.0495ms)
  ✔ C10: the REAL DDL widens the constraint through a guarded, idempotent DO block (1.9995ms)
✔ PHASE3.15 R2.9/OQ3: the lp_sequences kind CHECK accepts grid-flip (10.4219ms)
▶ PHASE3.15 R2.7: the quota lanes are separate in BOTH backends
  ✔ memory: a grid flip does NOT occupy the rotate/harvest count (1.3304ms)
  ✔ memory: the GRID lane refuses on its own count, naming the grid (0.6138ms)
  ✔ memory: an ABSENT maxGridFlipsPerDay fails CLOSED at zero (0.936ms)
  ✔ memory: the SPACING anchor still sees BOTH lanes (PHASE3.5 M3) (0.4938ms)
  ✔ memory: quotaUsage reports the two lanes separately (0.7051ms)
  ✔ postgres(fake): a grid flip does NOT occupy the rotate/harvest count (4.8434ms)
  ✔ postgres(fake): the GRID lane refuses on its own count, naming the grid (1.7802ms)
  ✔ postgres(fake): an ABSENT maxGridFlipsPerDay fails CLOSED at zero (1.1528ms)
  ✔ postgres(fake): the SPACING anchor still sees BOTH lanes (PHASE3.5 M3) (2.0785ms)
  ✔ postgres(fake): quotaUsage reports the two lanes separately (3.7323ms)
  ✔ A6: the REAL quotaUsage keeps its pinned filters and gains the grid lane (1.8934ms)
✔ PHASE3.15 R2.7: the quota lanes are separate in BOTH backends (20.2777ms)
▶ PHASE3.15 R2.11: the grid cycle ledger, in BOTH backends
  ✔ memory: records, round-trips the bigints, and lists oldest first (2.6164ms)
  ✔ memory: is IDEMPOTENT on sequenceId — one flip, one row (0.2953ms)
  ✔ memory: is owner-scoped — another owner sees nothing (0.1476ms)
  ✔ postgres(fake): records, round-trips the bigints, and lists oldest first (0.6897ms)
  ✔ postgres(fake): is IDEMPOTENT on sequenceId — one flip, one row (0.2429ms)
  ✔ postgres(fake): is owner-scoped — another owner sees nothing (0.9979ms)
✔ PHASE3.15 R2.11: the grid cycle ledger, in BOTH backends (5.2518ms)
▶ PHASE3.15 R2.2: which asset a side charges, in POOL ORDER
  ✔ "above" charges token0 and "below" charges token1 — so the quote flips with the orientation (0.8492ms)
✔ PHASE3.15 R2.2: which asset a side charges, in POOL ORDER (1.847ms)
▶ PHASE3.15 R2.3/OQ2: the G-gate helper is swaplessRotationSide, not swapSplitIsTotal
  ✔ answers undefined INSIDE the range, and a side strictly outside it (0.3035ms)
  ✔ REFUSES at t === tickLower, where the rotate's own bind admits — the intended divergence (0.14ms)
✔ PHASE3.15 R2.3/OQ2: the G-gate helper is swaplessRotationSide, not swapSplitIsTotal (0.6287ms)
▶ PHASE3.15 §3.2: a FULL CROSS, in both pool orderings
  ✔ Case A: a buy level fills when the tick drops below its lower bound (3.1355ms)
  ✔ Case B: the SAME buy level fills in the OPPOSITE tick direction (0.1513ms)
  ✔ a SELL level is the mirror of a buy level in each ordering (0.1487ms)
✔ PHASE3.15 §3.2: a FULL CROSS, in both pool orderings (3.6671ms)
▶ PHASE3.15: which signed level the live position IS
  ✔ matches VERBATIM, and answers null on a near miss (0.2516ms)
  ✔ a filled buy targets the sell range, and vice versa, in both orderings (0.1384ms)
✔ PHASE3.15: which signed level the live position IS (0.5258ms)
▶ PHASE3.15: the cross hysteresis needs TWO comparable observations
  ✔ Case A: one observation HOLDS, the second FLIPS (1.5904ms)
  ✔ Case A: a REVERSAL back inside the level resets the count to zero (0.3393ms)
  ✔ Case B: one observation HOLDS, the second FLIPS (0.1802ms)
  ✔ Case B: a REVERSAL back inside the level resets the count to zero (0.2606ms)
  ✔ two looks at the SAME finalized block are one look (0.1709ms)
  ✔ a re-signed settings digest discards the count — a new pair of ranges inherits nothing (0.146ms)
✔ PHASE3.15: the cross hysteresis needs TWO comparable observations (2.8475ms)
▶ PHASE3.15 R2.3: G1 — no flip while the tick is INSIDE the target
  ✔ holds — with a reason that reads as strategy, not as an error (0.1614ms)
  ✔ and the settings validator refuses that pair, so the branch is unreachable by signing (0.7452ms)
  ✔ on the LEGAL geometry a confirmed fill always leaves the tick clear of the target, both orderings (0.289ms)
✔ PHASE3.15 R2.3: G1 — no flip while the tick is INSIDE the target (1.3453ms)
▶ PHASE3.15: protect keeps priority for a position with nothing in flight
  ✔ a confirmed price stop-loss outranks a confirmed cross (0.3809ms)
✔ PHASE3.15: protect keeps priority for a position with nothing in flight (0.4804ms)
▶ PHASE3.15: a level matching neither signed range HOLDS, fail-closed
  ✔ names the remedy rather than guessing at a target (0.2807ms)
✔ PHASE3.15: a level matching neither signed range HOLDS, fail-closed (0.3402ms)
▶ PHASE3.15: the evaluator refuses to run for a non-grid agent
  ✔ throws rather than inventing a strategy (0.1833ms)
✔ PHASE3.15: the evaluator refuses to run for a non-grid agent (0.2719ms)
▶ PHASE3.15 R2.10: the net-edge admission
  ✔ measures the gross edge on priceDeviationBps, the SAME scale as rangeWidthBps (0.285ms)
  ✔ is ORIENTATION-NEUTRAL: Case A and Case B produce the same bps (0.1149ms)
  ✔ rounds the cost floor UP, so bigint truncation never understates it (C6) (0.0848ms)
  ✔ uses TWO submissions, not the sizing reserve's three (0.0715ms)
  ✔ fails CLOSED on a zero-value level rather than dividing by zero (0.1258ms)
  ✔ refuses when the owner's own minNetEdgeBps is not covered, and says so honestly (0.2368ms)
  ✔ admits a wide grid at a normal size (0.1312ms)
✔ PHASE3.15 R2.10: the net-edge admission (1.2679ms)
▶ PHASE3.15 R2.3: one builder for the skip and the refusal
  ✔ the SKIP names the residue and says no conversion was made (0.1899ms)
  ✔ each REFUSAL names the conjunct that failed and keeps the principal safe (0.2262ms)
✔ PHASE3.15 R2.3: one builder for the skip and the refusal (0.497ms)
▶ PHASE3.15: the midpoint used by the net edge
  ✔ is the geometric midpoint tick, floored (0.1291ms)
✔ PHASE3.15: the midpoint used by the net edge (0.1876ms)
▶ PHASE3.20 D1: the evidence decides the lane
  ✔ Case A (WBNB token1): a confirmed FILL charges the SETTLEMENT lane (2.3923ms)
  ✔ Case A (WBNB token1): a confirmed DRIFT charges the DRIFT lane (0.5736ms)
  ✔ Case B (WBNB token0): a confirmed FILL charges the SETTLEMENT lane (0.2504ms)
  ✔ Case B (WBNB token0): a confirmed DRIFT charges the DRIFT lane (0.2123ms)
  ✔ §5(2): a DRIFT cannot take the last SETTLEMENT slot (0.9101ms)
✔ PHASE3.20 D1: the evidence decides the lane (5.2417ms)
▶ PHASE3.20 item 11: the mismatch predicate is gridCrossReading(...).filled
  ✔ a range holds the QUOTE exactly when its side charges the quote, both orderings (0.2869ms)
  ✔ Case A: mismatch == filled for BOTH roles, and an in-range tick is neither (0.3009ms)
  ✔ Case B: mismatch == filled for BOTH roles, and an in-range tick is neither (0.5808ms)
✔ PHASE3.20 item 11: the mismatch predicate is gridCrossReading(...).filled (1.8826ms)
▶ PHASE3.20 C7: the stranding clock sets, carries and clears on three rules
  ✔ SET on the first mismatched observation, and KEPT thereafter (0.6928ms)
  ✔ 28(10): a settings re-sign does NOT reset it, while the anti-wick counters DO (0.3742ms)
  ✔ C7: an IN-RANGE reading CARRIES the stamp forward — clearing it would defeat the bound in a chop (0.2874ms)
  ✔ C7: a rung affirmatively back on its OWN side CLEARS the stamp (0.3484ms)
  ✔ a FIXED-mode grid never carries the key, so its observation bytes do not move (0.3436ms)
✔ PHASE3.20 C7: the stranding clock sets, carries and clears on three rules (2.3313ms)
▶ PHASE3.20 B4: gridMismatchSinceMs validates as loosely as rotationBreachStartedAtMs
  ✔ a NON-INTEGER millisecond survives — the field must never reject a whole observation (0.6192ms)
  ✔ absent stays ABSENT, and a negative or non-finite value is still refused (0.1571ms)
  ✔ the field ROUND-TRIPS, so a stamp written into the jsonb is not dropped on read (0.0818ms)
✔ PHASE3.20 B4: gridMismatchSinceMs validates as loosely as rotationBreachStartedAtMs (0.9888ms)
▶ PHASE3.20 D2: the stranding bound fires on the clock, not on the counters
  ✔ §5(3): a rung stranded past the bound is settled even with the DRIFT lane spent (0.9905ms)
  ✔ BEFORE the bound, the same state HOLDS — the clock is the whole trigger (0.2217ms)
  ✔ item 15: a stranded rung that cannot FUND its re-place holds on FUNDING, not on the clock (0.2991ms)
✔ PHASE3.20 D2: the stranding bound fires on the clock, not on the counters (1.6475ms)
▶ PHASE3.20 D3: the pre-check HOLDS instead of churning
  ✔ a spent SETTLEMENT lane holds, and the sentence names the lane and its remedy (0.6576ms)
  ✔ H4: the SPACING gate is checked from the SAME value, and names itself (0.6106ms)
  ✔ 28(8): an ABSENT lane count is usage = LIMIT, never zero (0.8217ms)
  ✔ C9: `latestReservedAtMs: null` is NO ANCHOR — permissive, and distinct from unread (0.5302ms)
  ✔ an ABSENT usage object leaves the 3.19 path byte-identical (0.1913ms)
✔ PHASE3.20 D3: the pre-check HOLDS instead of churning (3.0557ms)
▶ PHASE3.20 item 16 / B2: the last settlement slot goes to the OLDER stranding
  ✔ this row WINS when its stamp is older (0.5339ms)
  ✔ 28(9): this row LOSES to an older sibling and HOLDS — reversing the comparator must die (1.7348ms)
  ✔ B2: EQUAL stamps break on the positionId — a strict comparator LIVELOCKS both rows (1.052ms)
  ✔ a sibling with NO stamp never blocks — a closed row reads that way (0.4205ms)
  ✔ the arbitration runs on the LAST SLOT ONLY — with room to spare BOTH dispatch (0.2539ms)
✔ PHASE3.20 item 16 / B2: the last settlement slot goes to the OLDER stranding (5.2364ms)
▶ PHASE3.20 item 26: gridLadderBlockedBy is ONE classifier for hold and view
  ✔ a two-sided ladder is blocked by nothing (0.2169ms)
  ✔ FUNDING outranks the two gates — a defunded rung must not take the last slot (0.0727ms)
  ✔ then the LANE, then the SPACING gate (0.0891ms)
  ✔ an in-flight motion is NOT a blocker (0.0641ms)
  ✔ UNMEASURED funding with both gates open falls to the terminal state B1 names (0.1017ms)
✔ PHASE3.20 item 26: gridLadderBlockedBy is ONE classifier for hold and view (0.7128ms)
▶ PHASE3.20 R3.1: gridLadderResilience implements A.2's closed form
  ✔ at the printed MINIMUM budget the ladder settles ZERO fills (0.2883ms)
  ✔ the A.2 table, at the default deployPctBps (0.1918ms)
  ✔ raising deployPctBps LOWERS the resilience — the cheaper geometry is the fragile one (0.0963ms)
  ✔ a geometry with NO economic rung answers null rather than a number (0.075ms)
✔ PHASE3.20 R3.1: gridLadderResilience implements A.2's closed form (0.7784ms)
▶ PHASE3.20 C10: ladderMotionCounts is the ONE legacy interpretation
  ✔ a LEGACY block reads as settlements = maxMovesPerDay, drift = 0 (1.427ms)
  ✔ a NEW-form block reads its own two numbers (0.1128ms)
  ✔ the new form WINS even when only one of its two keys is present (0.0841ms)
✔ PHASE3.20 C10: ladderMotionCounts is the ONE legacy interpretation (1.761ms)
▶ PHASE3.20 C11: maxStrandedMinutes' floor, default and ceiling are COMPUTED
  ✔ at the plane's DEFAULT spacing of 30 the literal 45 would be below its own floor (0.1616ms)
  ✔ above 120 the nominal 5..240 range would be EMPTY; the ceiling is lifted too (0.0809ms)
  ✔ at the ladder client's own spacing of 5 the default is the nominal 45 (0.0701ms)
  ✔ ABSENT means the computed default — the bound is NEVER silently disabled (0.1154ms)
✔ PHASE3.20 C11: maxStrandedMinutes' floor, default and ceiling are COMPUTED (0.601ms)
▶ PHASE3.20 D1: exactly one motion form is accepted
  ✔ BOTH forms present is refused, naming the remedy (1.3916ms)
  ✔ NEITHER form present is refused — no default is invented on the wire (0.2312ms)
  ✔ 28(11): the LEGACY form alone still validates (0.5523ms)
  ✔ `driftMovesPerDay: 0` is LEGAL — settle fills, never chase (0.3625ms)
  ✔ item 9: the reachability rule is FOUR-WAY and names all four limits (0.1956ms)
  ✔ C11: a maxStrandedMinutes under its computed floor is refused, naming both numbers (0.1654ms)
✔ PHASE3.20 D1: exactly one motion form is accepted (3.1413ms)
▶ PHASE3.20 C4: the digest pin is a STORED-SETTINGS round trip, not the default digest
  ✔ a LEGACY-signed ladder's recomputed digest is BYTE-IDENTICAL to the pre-change build's (0.984ms)
  ✔ a NEW-form ladder emits its own three keys and NOT maxMovesPerDay (N9) (0.9438ms)
  ✔ DEFAULT_SETTINGS_DIGEST is a FLOOR here, not the pin — it cannot move at all (0.2752ms)
✔ PHASE3.20 C4: the digest pin is a STORED-SETTINGS round trip, not the default digest (2.6093ms)
▶ PHASE3.20 item 22: checkLpNativeCapSizing takes the two counts
  ✔ `driftMovesPerDay: 0` is accepted — the single legacy argument would refuse it (0.533ms)
  ✔ each field carries its OWN malformed message (0.2895ms)
  ✔ the pair SUMS into the one recenter reserve — 8 + 4 is the shipped 12 (0.2094ms)
✔ PHASE3.20 item 22: checkLpNativeCapSizing takes the two counts (1.2011ms)
▶ PHASE3.20 items 6-8: the ladder's lane is a property of the ROW
  ✔ memory: the evidence written at CREATE decides the lane at RESERVE (1.8792ms)
  ✔ memory: a DRIFT cannot spend the SETTLEMENT budget, and vice versa (2.6506ms)
  ✔ memory: C6 — a NULL evidence reserves in the SETTLEMENT lane (0.5334ms)
  ✔ memory: 28(12)/B1 — a MIXED window keeps settlement + drift === recenter (1.7883ms)
  ✔ memory: B1 — a NULL row is REFUSED against the settlement limit (0.6971ms)
  ✔ memory: 28(11) — a LEGACY quota keeps settling and never drifts (0.4895ms)
  ✔ postgres(fake): the evidence written at CREATE decides the lane at RESERVE (7.7135ms)
  ✔ postgres(fake): a DRIFT cannot spend the SETTLEMENT budget, and vice versa (2.5115ms)
  ✔ postgres(fake): C6 — a NULL evidence reserves in the SETTLEMENT lane (1.4244ms)
  ✔ postgres(fake): 28(12)/B1 — a MIXED window keeps settlement + drift === recenter (3.9642ms)
  ✔ postgres(fake): B1 — a NULL row is REFUSED against the settlement limit (1.5807ms)
  ✔ postgres(fake): 28(11) — a LEGACY quota keeps settling and never drifts (1.454ms)
✔ PHASE3.20 items 6-8: the ladder's lane is a property of the ROW (27.387ms)
▶ PHASE3.20 item 27: the new owner-facing sentences survive sanitizeMessage
  ✔ the FUNDING hold keeps side, shortfall, the hedge clause AND the three remedies (1.0934ms)
  ✔ the QUOTA hold names the bound, its figures and its remedy — in that order (0.2096ms)
  ✔ the SPACING hold names the gate's agent-wide scope and its remedy (0.4257ms)
  ✔ the STRANDING dispatch reason names the elapsed time and the bound (0.1477ms)
✔ PHASE3.20 item 27: the new owner-facing sentences survive sanitizeMessage (2.0618ms)
▶ PHASE3.20 items 17-19: the trigger reads the lane usage PER POSITION
  ✔ with the lane OPEN the filled rung dispatches, and its lane is persisted (48.6962ms)
  ✔ §5(4): a SPENT settlement lane HOLDS at the trigger — no row, no reservation, no churn (7.6031ms)
  ✔ H4: the SPACING half comes from the SAME read and names itself (8.3536ms)
✔ PHASE3.20 items 17-19: the trigger reads the lane usage PER POSITION (66.0596ms)
▶ PHASE3.15: resolveGridEnabled is the tri-state, plus the L3 pair
  ✔ defaults OFF and honours exactly 'true'/'false' (0.9026ms)
  ✔ a TYPO fails the boot, exactly as LP_ENABLED's does (2.3763ms)
  ✔ L3: grid ON while LP is OFF is refused, naming why (0.2648ms)
  ✔ C4: the landing-evidence incompatibility is ENFORCED at boot, not merely written (1.0055ms)
  ✔ C4: dev-stack and the LP worker daemon both reach the flag (0.7149ms)
✔ PHASE3.15: resolveGridEnabled is the tri-state, plus the L3 pair (6.5065ms)
▶ PHASE3.15 R2.7/H6: the grid term in the native-cap sizing invariant
  ✔ is INERT for a non-grid agent — the term is absent, not zero-valued (0.5624ms)
  ✔ a grid agent reserves N_grid x 3 submissions MORE (0.6088ms)
  ✔ the shortfall NAMES the grid term, so an owner can see which quota costs them (0.2583ms)
  ✔ a malformed grid count is REFUSED rather than sized on (0.2ms)
  ✔ the padding is DELIBERATE and named: 3 reserved against 2 really submitted (1.097ms)
  ✔ C7: EVERY production call site threads the term (2.8246ms)
✔ PHASE3.15 R2.7/H6: the grid term in the native-cap sizing invariant (5.9311ms)
▶ PHASE3.15 H7: the decision map is EXHAUSTIVE, not a catch-all ternary
  ✔ maps every money decision to its own saga kind — no silent protect (0.9118ms)
  ✔ a hold dispatches nothing, and says so rather than defaulting (0.969ms)
  ✔ an unmapped decision THROWS rather than routing to the exit path (0.2115ms)
  ✔ LP_SAGA_PLANS reports the flip's full three positions (0.8476ms)
✔ PHASE3.15 H7: the decision map is EXHAUSTIVE, not a catch-all ternary (4.2783ms)
▶ PHASE3.15 R2.6: GRID_ENABLED off SKIPS a grid agent, never standard-manages it
  ✔ skips the evaluate path with the named reason and touches no chain reader (10.6087ms)
  ✔ skips a non-terminal grid-flip RESUME too, and leaves the row exactly as it was (3.3997ms)
  ✔ an ABSENT gridEnabled reads as off — the fail-closed default (1.9724ms)
✔ PHASE3.15 R2.6: GRID_ENABLED off SKIPS a grid agent, never standard-manages it (16.5844ms)
▶ PHASE3.15 R2.6: the evaluator dispatch is exclusive and settings-decided
  ✔ a grid agent under an ON flag is evaluated by the GRID evaluator (4.9178ms)
  ✔ two comparable cycles on a filled level DISPATCH the flip, not a rotate or a protect (21.0716ms)
  ✔ a dry run reports the flip's plan and writes NOTHING durable (2.5236ms)
✔ PHASE3.15 R2.6: the evaluator dispatch is exclusive and settings-decided (28.9438ms)
▶ PHASE3.15: the NON-GRID path is unchanged
  ✔ an agent with no grid block still runs the STANDARD evaluator, with unchanged inputs (2.521ms)
  ✔ the flag being ON changes nothing for a non-grid agent (1.7393ms)
✔ PHASE3.15: the NON-GRID path is unchanged (4.6693ms)
▶ Phase 3.9c PostgreSQL quota lock discipline
  ✔ pins the quota prefix ahead of ordinary locks on every charged insert/delete path (1.2102ms)
  ✔ models the rewind/resolver interleaving without a PostgreSQL deadlock cycle (1.2866ms)
✔ Phase 3.9c PostgreSQL quota lock discipline (3.5152ms)
▶ Phase 3.9c durable coverage boundary
  ✔ persists final calls before the immutable prepared-intent CAS (6.9466ms)
  ✔ orders prepare -> durable bind -> sign -> send and fails key/bind mutations before send (71.7593ms)
  ✔ keeps evidence egress off and curated at boot (27.3866ms)
  ✔ pins curated evidence DNS to distinct public destinations and rejects rebinding targets (8.6448ms)
  ✔ decodes and pairs the pinned Porto transaction only with its exact receipt event (12.6097ms)
  ✔ is inclusive at begunAtBlock and requires strict post-expiry finalized time (2.0867ms)
  ✔ returns one exactly paired candidate and invalidates it across a generation rewind (22.961ms)
  ✔ reports two exact identity matches as ambiguous on both durable backends (10.8435ms)
  ✔ reserves a chunk's longest mutable future projection (0.267ms)
  ✔ uses one reusable base lane and fences cross-process scan handover (3.609ms)
  ✔ persists the per-version hourly backfill equality boundary (2.0715ms)
  ✔ compacts only a sole zero-expiry identity and carries its prefix across a shallow generation (24.0478ms)
  ✔ rolls back every Memory rewind quota gate before safe or unavailable prefix publication (259.8553ms)
  ✔ keeps Postgres/FakeSql zero-prefix compaction and charged-counter CAS parity (31.8091ms)
  ✔ keeps Postgres/FakeSql cursor, candidate and generation CAS parity (7.7107ms)
  ✔ carries canonical raw prefixes through repeated shallow rewinds on both stores (18.0981ms)
  ✔ rolls back every carried chunk mutation when the rewind cursor CAS fails (57.2242ms)
  ✔ keeps split-rewind floors contiguous at first/middle/last and exact age boundaries (222.3894ms)
  ✔ holds the Memory generation fence across every awaited disposition mutation (2.9488ms)
  ✔ survives successive split rewinds and still refuses candidate-bearing compaction (177.4161ms)
  ✔ commits only all-required finalized agreement and turns disagreement into a gap (3083.5534ms)
  ✔ advances past unrelated traffic and scopes failed intents to matching-identity ambiguity (263.6297ms)
  ✔ uses the cold cap for initial catch-up, not as a lifetime cursor-height limit (3586.1839ms)
✔ Phase 3.9c durable coverage boundary (7908.3098ms)
▶ Phase 3.9c resolution tombstone — memory
  ✔ retains the permanent response while exactly-once cleanup frees the requirement slot (3.4802ms)
✔ Phase 3.9c resolution tombstone — memory (3.7246ms)
▶ Phase 3.9c resolution tombstone — postgres(fake)
  ✔ retains the permanent response while exactly-once cleanup frees the requirement slot (11.7761ms)
✔ Phase 3.9c resolution tombstone — postgres(fake) (12.0415ms)
✔ atomically debits exact owned and raw charges when a retained lane becomes unshared (11.4521ms)
▶ Phase 3.9c exhaustive disposition/accounting pins
  ✔ pins atomic step-8 lock/write order with sequence release last (3.6721ms)
  ✔ revalidates the durable requirement before every disposition phase (2.8374ms)
  ✔ makes a missing requirement a strict Memory/Postgres authorization veto (1.493ms)
  ✔ keeps the v1 signed schema exact and nonce-consuming (0.3657ms)
  ✔ defines every legal kind/step/outcome row (0.6629ms)
  ✔ releases only a never-spent quota reservation on absent (0.1897ms)
✔ Phase 3.9c exhaustive disposition/accounting pins (9.5596ms)
▶ lpMaxObservationAgeMs (Rev2 item 21)
  ✔ golden vectors at 30 s / 60 s / 600 s (1.5996ms)
  ✔ the ceiling holds even if the interval band is ever widened (0.3153ms)
  ✔ the override is LOWER-ONLY: it can shrink the bound, never widen it (0.1728ms)
  ✔ INERT_PIN: the widest gap in the untouched trigger suite is under the bound (0.226ms)
✔ lpMaxObservationAgeMs (Rev2 item 21) (4.8498ms)
▶ resolveLpMaxObservationAgeMs: boot validation (Rev2 item 22)
  ✔ absent ⇒ undefined; a lower value passes through (0.7183ms)
  ✔ a value ABOVE the derived bound refuses the BOOT, never a request (0.7109ms)
  ✔ a malformed value refuses the boot (0.2735ms)
✔ resolveLpMaxObservationAgeMs: boot validation (Rev2 item 22) (2.0199ms)
▶ a stale previous observation is DISCARDED, not trusted (Rev2 item 18)
  ✔ two looks one interval apart confirm a protect (4.869ms)
  ✔ a look BEYOND the bound restarts the count, says why, and is not silent (0.5812ms)
  ✔ EXACTLY at the bound is still comparable; one millisecond past is not (0.4209ms)
  ✔ the lower-only override tightens the discard (0.3873ms)
  ✔ a tokenId change (a rotation) and a poolAddress change each discard (0.2906ms)
  ✔ the same finalized block twice is still ONE look (0.1445ms)
✔ a stale previous observation is DISCARDED, not trusted (Rev2 item 18) (7.1253ms)
▶ rotate's min-hold clock across a process gap
  ✔ CARRIES `rotationBreachStartedAtMs` across a gap UNDER the bound — deliberately widened (0.325ms)
  ✔ RESTARTS it across a gap OVER the bound (0.1608ms)
✔ rotate's min-hold clock across a process gap (0.5789ms)
▶ lpProtectionStatus
  ✔ reports armed with the age, the count and the eligibility instant (0.3134ms)
  ✔ reports a held observation that has gone STALE — the crash-loop residual (0.0798ms)
  ✔ no observation held ⇒ nothing to confirm against, and it says so (0.0869ms)
  ✔ is FALSE for each of the four today-silent disarm conditions (0.232ms)
  ✔ the digest failure outranks every other reason (0.0958ms)
✔ lpProtectionStatus (0.9394ms)
▶ live-lp recovery operator contract
  ✔ abandon previews the worker fence, position/basis and predicted disposition before signing (1.0534ms)
  ✔ runtime help exposes abandon and describes both resolve dispositions honestly (0.3678ms)
  ✔ the operator harvest drives the shared saga on a real pool tick (0.202ms)
✔ live-lp recovery operator contract (2.6701ms)
▶ LP prepare-only diagnostic
  ✔ refuses malformed proof data and the forbidden proof+ciphertext pair (3.2185ms)
  ✔ keeps the diagnostic module graph off the staged submit capability (17.9553ms)
  ✔ routes the live-lp subcommand through the isolated read-only entry (2.2067ms)
  ✔ contains the descriptor failure before prepare and rejects forged printable results (1.954ms)
  ✔ renders pre-prepare admission refusal as closed telemetry (0.2017ms)
  ✔ renders bootstrap failure families without raw bootstrap details (0.2323ms)
  ✔ orchestrates hostile bootstrap errors to exact closed stdout with zero prepare (1.1562ms)
  ✔ has only prepare capability and never signs, sends, binds, or writes (10.5589ms)
  ✔ classifies a bounded prepare timeout without exposing relay details (35.7293ms)
  ✔ contains hostile relay response shapes inside the closed printable outcome (12.7232ms)
  ✔ shares staged witnesses across reordered permissions and nontrivial calls (1.3518ms)
  ✔ admits a persisted grant or the read-only chain fallback, then preflights exact calls (2.5514ms)
  ✔ forbids every non-token LP role before any chain admission read (0.412ms)
  ✔ every forbidden category stops before pool, planner-derived preflight, or prepare (0.6552ms)
  ✔ uses one admitted snapshot for the plan boundary; no later state can reach prepare (0.2974ms)
✔ LP prepare-only diagnostic (93.5668ms)
▶ GRID-GAS-RESERVE P1: portoQuoteDeficits, the pure reading of the relay's own verdict
  ✔ is not short when the fee token deficit is zero and no asset is listed (1.647ms)
  ✔ names the fee token shortfall and every asset deficit, native as 'native' (0.3393ms)
✔ GRID-GAS-RESERVE P1: portoQuoteDeficits, the pure reading of the relay's own verdict (3.5411ms)
▶ GRID-GAS-RESERVE P1: the staged adapter refuses a deficit quote BEFORE bind
  ✔ a clean quote still goes prepare -> bind -> sign -> send (5.3632ms)
  ✔ a fee-token deficit is a PROVEN pre-bind refusal: bind, sign and send never run (2.5151ms)
  ✔ an asset deficit alone refuses the same way (2.0863ms)
✔ GRID-GAS-RESERVE P1: the staged adapter refuses a deficit quote BEFORE bind (10.3208ms)
▶ resolveLpRailConfig: all keys required, typed holds, no defaults
  ✔ resolves a fully-populated environment (1.6735ms)
  ✔ holds with LP_RAILS_UNCONFIGURED for EVERY individually missing key (0.5791ms)
  ✔ reports every missing key of an empty environment at once (0.1934ms)
  ✔ holds with LP_RAILS_INVALID for malformed values (0.2973ms)
  ✔ assertValidLpRailConfig enforces the same bar on injected configs (13.6469ms)
✔ resolveLpRailConfig: all keys required, typed holds, no defaults (17.5704ms)
▶ checkManipulationRails: each rail trips individually
  ✔ passes clean evidence, including at exact boundaries (0.5204ms)
  ✔ trips on an unfinalized observation (0.2013ms)
  ✔ trips on low observation cardinality (0.1641ms)
  ✔ trips on low pool liquidity (0.1625ms)
  ✔ trips on spot/TWAP deviation past the ceiling (0.2843ms)
  ✔ trips on quoted price impact past the ceiling (0.148ms)
  ✔ reports the FIRST failure when several rails trip at once (0.2524ms)
✔ checkManipulationRails: each rail trips individually (2.1039ms)
▶ price arithmetic
  ✔ priceDeviationBps is 0 for equal prices and symmetric in its arguments (0.2567ms)
  ✔ pins a 100-tick gap to ~100 bps (1.0001^100 - 1) (0.0889ms)
  ✔ rejects non-positive prices (0.3911ms)
  ✔ spotSwapOutput inverts by direction at a known price (0.1288ms)
  ✔ quotePriceImpactBps measures shortfall vs spot and clamps at zero (0.0777ms)
  ✔ amountInAfterPoolFee deducts the tier in MILLIONTHS (PHASE3 Rev2 item 38) (0.1116ms)
  ✔ refuses a fee tier that is not a positive millionths value (0.2195ms)
  ✔ pins the DEFECT: raw amountIn reports the fee as impact — 1 / 5 / 25 / 103 bps (0.1286ms)
  ✔ pins the FIX: deducting the tier first reads 0 / 0 / 0 / 3 bps of GENUINE impact (0.1048ms)
  ✔ the 1% pool crosses the deployment's own LP_MAX_PRICE_IMPACT_BPS=100 only when the fee is counted (0.0738ms)
  ✔ keeps the STRICT > boundary the A2 fix-review established (0.0619ms)
  ✔ arithmeticMeanTick floors toward negative infinity like the oracle (0.1229ms)
✔ price arithmetic (2.0624ms)
▶ saga floors (Rev2 item 23): derived, never zero, never defaulted
  ✔ sagaSwapMinOut keeps 10000 - slippage bps of a fresh quote, ceiled (0.2147ms)
  ✔ sagaSwapMinOut refuses a zero/absent quote — a floor of zero is no floor (0.1646ms)
  ✔ sagaMintFloors returns two positive floors below the expected charge (0.2458ms)
  ▶ PHASE3.13 B19: sagaSingleSidedMintFloors
    ✔ zeroes the absent leg and floors the present one, both sides (0.2171ms)
    ✔ REFUSES a range that contains the tick — the placement check F5 asked for (0.1573ms)
    ✔ REFUSES when the EXPECTED present leg is zero, or the side is inverted (0.1311ms)
    ✔ leaves sagaMintFloors untouched — the two-sided guard still refuses a one-legged mint (0.09ms)
  ✔ PHASE3.13 B19: sagaSingleSidedMintFloors (0.7229ms)
  ✔ sagaMintFloors refuses a price outside the range (a one-legged mint) (0.1453ms)
  ✔ sagaDecreaseFloors floors positive legs at 1 wei and leaves a zero leg at zero (0.2192ms)
  ✔ sagaDecreaseFloors refuses when BOTH expected legs are zero (0.1049ms)
✔ saga floors (Rev2 item 23): derived, never zero, never defaulted (2.1287ms)
▶ lpRankedDiscoveryToken — persisted canonical LP universe
  ✔ returns the one non-WBNB token carrying approve plus cap (1.8411ms)
  ✔ deduplicates the same token across cap periods (0.3629ms)
  ✔ refuses zero candidates when the non-WBNB cap lacks approve authority (0.1827ms)
  ✔ refuses a non-canonical persisted grant with multiple discovery tokens (0.2518ms)
✔ lpRankedDiscoveryToken — persisted canonical LP universe (4.3607ms)
▶ lp readers: finality discipline
  ✔ poolState pins every state read to the finalized block (20.0431ms)
  ✔ pins UNKNOWN-resolution position evidence to the finalized height it read (3.343ms)
✔ lp readers: finality discipline (25.7455ms)
▶ lp readers: burned-revert mapping
  ✔ maps the burned-token revert to 'burned' — positive confirmation (6.8665ms)
  ✔ a transport failure THROWS — an outage never reads as burned (14.6015ms)
  ✔ positionFees simulates collect(max,max) and maps the burned revert too (13.5022ms)
✔ lp readers: burned-revert mapping (36.557ms)
▶ lp readers: receipt parsers
  ✔ mintedTokenId reads the NFPM's ERC-721 Transfer from the zero address (1.2375ms)
  ✔ mintedTokenId throws when no NFPM mint Transfer is present (0.9474ms)
  ✔ collectAmounts reads the one NFPM Collect event and refuses two (2.9098ms)
  ✔ swapAmounts orients the legs by the pool the Pancake Swap topic locates (1.1161ms)
  ✔ swapAmounts refuses a receipt without exactly one Pancake pool Swap (1.5472ms)
  ✔ PHASE3.24 C3: expectedPoolSwap implements the complete receipt truth table (5.4327ms)
✔ lp readers: receipt parsers (13.6915ms)
▶ lp readers: the native day meter
  ✔ returns the zero-address DAY row (serialized period 2) (28.9543ms)
  ✔ throws when the account enforces no daily native limit (2.0358ms)
✔ lp readers: the native day meter (31.1743ms)
▶ resolveLpRpcUrls
  ✔ leads with the dataseed endpoints and keeps the SDK default last (0.2626ms)
  ✔ puts an explicit LP_RPC_URL override first without dropping the fallbacks (0.0938ms)
  ✔ honours SPIKE_RPC_URL when LP_RPC_URL is unset — one override name per repo (0.0663ms)
  ✔ prefers LP_RPC_URL over SPIKE_RPC_URL when both are set (0.0675ms)
  ✔ ignores a blank override rather than passing an empty endpoint (0.0695ms)
  ✔ adds no chain-56 endpoint to another chain — the list is keyed on the RESOLVED chain id (0.0849ms)
  ✔ never repeats an endpoint when the override equals a default (0.0837ms)
✔ resolveLpRpcUrls (0.9352ms)
▶ B1/B12 (memory, unmapped numeric 300): harvest stuck at zap-in-increase terminates
  ✔ submits -> IN_PROGRESS -> reconcile writes UNKNOWN -> the owner-signed resolve reaches a TERMINAL state (17.3749ms)
✔ B1/B12 (memory, unmapped numeric 300): harvest stuck at zap-in-increase terminates (30.8846ms)
▶ B1/B12 (memory, unmapped numeric 300): exit stuck at sweep-token terminates
  ✔ submits -> IN_PROGRESS -> reconcile writes UNKNOWN -> the owner-signed resolve reaches a TERMINAL state (28.9561ms)
✔ B1/B12 (memory, unmapped numeric 300): exit stuck at sweep-token terminates (29.2308ms)
▶ B1/B12 (memory, unmapped string "QUEUED"): harvest stuck at zap-in-increase terminates
  ✔ submits -> IN_PROGRESS -> reconcile writes UNKNOWN -> the owner-signed resolve reaches a TERMINAL state (26.0331ms)
✔ B1/B12 (memory, unmapped string "QUEUED"): harvest stuck at zap-in-increase terminates (26.3306ms)
▶ B1/B12 (memory, unmapped string "QUEUED"): exit stuck at sweep-token terminates
  ✔ submits -> IN_PROGRESS -> reconcile writes UNKNOWN -> the owner-signed resolve reaches a TERMINAL state (19.6222ms)
✔ B1/B12 (memory, unmapped string "QUEUED"): exit stuck at sweep-token terminates (20.0642ms)
▶ B1/B12 (postgres(fake sql), unmapped numeric 300): harvest stuck at zap-in-increase terminates
  ✔ submits -> IN_PROGRESS -> reconcile writes UNKNOWN -> the owner-signed resolve reaches a TERMINAL state (46.8889ms)
✔ B1/B12 (postgres(fake sql), unmapped numeric 300): harvest stuck at zap-in-increase terminates (47.3378ms)
▶ B1/B12 (postgres(fake sql), unmapped numeric 300): exit stuck at sweep-token terminates
  ✔ submits -> IN_PROGRESS -> reconcile writes UNKNOWN -> the owner-signed resolve reaches a TERMINAL state (28.3257ms)
✔ B1/B12 (postgres(fake sql), unmapped numeric 300): exit stuck at sweep-token terminates (28.6563ms)
▶ B1/B12 (postgres(fake sql), unmapped string "QUEUED"): harvest stuck at zap-in-increase terminates
  ✔ submits -> IN_PROGRESS -> reconcile writes UNKNOWN -> the owner-signed resolve reaches a TERMINAL state (14.2546ms)
✔ B1/B12 (postgres(fake sql), unmapped string "QUEUED"): harvest stuck at zap-in-increase terminates (14.624ms)
▶ B1/B12 (postgres(fake sql), unmapped string "QUEUED"): exit stuck at sweep-token terminates
  ✔ submits -> IN_PROGRESS -> reconcile writes UNKNOWN -> the owner-signed resolve reaches a TERMINAL state (20.8999ms)
✔ B1/B12 (postgres(fake sql), unmapped string "QUEUED"): exit stuck at sweep-token terminates (21.2847ms)
▶ B2 — every non-terminal state reconcile can write is accepted by some surface
  ✔ accepts an UNKNOWN lp row written as "No callsId recorded; the submit window is ambiguous." (callsId: true) (1.1039ms)
  ✔ accepts an UNKNOWN lp row written as "No callsId recorded; the submit window is ambiguous." (callsId: false) (0.8721ms)
  ✔ accepts an UNKNOWN lp row written as "Execution still pending after await." (callsId: true) (1.615ms)
  ✔ accepts an UNKNOWN lp row written as "Execution still pending after await." (callsId: false) (0.5813ms)
  ✔ accepts an UNKNOWN lp row written as "reconcile error" (callsId: true) (0.5406ms)
  ✔ accepts an UNKNOWN lp row written as "reconcile error" (callsId: false) (0.5167ms)
  ✔ declares, by name, the outcomes this phase's resolver does NOT cover (0.181ms)
✔ B2 — every non-terminal state reconcile can write is accepted by some surface (5.7394ms)
▶ B3 — a relay CONFIRMED at resolve time advances, closing only a liquidity-removing step
  ✔ a stuck zap-out advances and CLOSES the position (1.3793ms)
  ✔ a stuck zap-in-increase advances and LEAVES THE POSITION OPEN (F2.3) (0.8028ms)
  ✔ REFUSES to advance on a CONFIRMED that carries no transaction hash (F2.2 residual) (0.7866ms)
✔ B3 — a relay CONFIRMED at resolve time advances, closing only a liquidity-removing step (3.1466ms)
▶ B4 — a relay FAILED at resolve time abandons, and is recorded as the discriminating evidence
  ✔ abandons even when the wallet no longer holds the legs (which the inference path would refuse) (0.7102ms)
✔ B4 — a relay FAILED at resolve time abandons, and is recorded as the discriminating evidence (0.8101ms)
▶ B5 — an unreachable, unmapped or still-pending relay falls through to the audited inference
  ✔ the reader throws (relay outage): the inference decides and no refusal is attributable to the relay (0.6566ms)
  ✔ the relay answers an unmapped status: the inference decides and no refusal is attributable to the relay (0.5379ms)
  ✔ the relay answers an honest PENDING: the inference decides and no refusal is attributable to the relay (0.5951ms)
  ✔ records that it did NOT look when no reader is wired — declining to look is not the same as looking (0.5103ms)
  ✔ records that there was nothing to ask when the row carries no callsId (0.5534ms)
✔ B5 — an unreachable, unmapped or still-pending relay falls through to the audited inference (3.059ms)
▶ B6 — a row reconcile still OWNS is refused not_unknown, and the message does not name reconcile
  ✔ refuses a PENDING row (which IS reconcile's, and which reconcile will resolve) (0.528ms)
  ✔ refuses a IN_PROGRESS row (which IS reconcile's, and which reconcile will resolve) (0.3635ms)
✔ B6 — a row reconcile still OWNS is refused not_unknown, and the message does not name reconcile (0.9771ms)
▶ B7 — a prior step COMMITTED with a callsId and no txHash is not read as a skip (F3)
  ✔ refuses inputs_missing, naming the receipt-less relay answer (0.5489ms)
  ✔ a skip with neither callsId nor txHash is skipped, not refused (0.5866ms)
✔ B7 — a prior step COMMITTED with a callsId and no txHash is not read as a skip (F3) (1.2217ms)
▶ B8 — a row with a landingResolutionId is refused, naming the path that owns it
  ✔ refuses rather than rolling a sequence back underneath a fenced lease (0.6027ms)
✔ B8 — a row with a landingResolutionId is refused, naming the path that owns it (0.6629ms)
▶ B9 — a second resolve of the same row re-applies the recorded decision
  ✔ is reEntry, writes no second journal record, and does NOT ask the relay again (0.8862ms)
✔ B9 — a second resolve of the same row re-applies the recorded decision (0.9528ms)
▶ B10 — PHASE3.3's audited refusals still fire, on a row that now carries a callsId
  ✔ too_young (0.6888ms)
  ✔ native_spend (0.5551ms)
  ✔ sequence_kind_unsupported, still naming out-of-band custody recovery (0.6472ms)
  ✔ step_not_current (0.4712ms)
  ✔ sequence_terminal (0.6908ms)
✔ B10 — PHASE3.3's audited refusals still fire, on a row that now carries a callsId (3.2825ms)
▶ B11 — the sequence view sends an UNKNOWN step to the resolver and a PENDING one to reconcile
  ✔ UNKNOWN: names the owner-signed resolveUnknown and says reconcile has disowned it (0.4037ms)
  ✔ PENDING: still says to wait for reconcile, because that is still true (0.1473ms)
  ✔ IN_PROGRESS: still says to wait for reconcile, because that is still true (0.0622ms)
✔ B11 — the sequence view sends an UNKNOWN step to the resolver and a PENDING one to reconcile (0.8558ms)
▶ R-C stays blocked: an unmapped relay status is PENDING, and the journey still terminates
  ✔ maps 300 to PENDING, not FAILED — guessing it would roll back a step the relay may yet land (11.9772ms)
  ✔ and the deadlock is closed anyway, without knowing what 300 means (19.6078ms)
✔ R-C stays blocked: an unmapped relay status is PENDING, and the journey still terminates (31.8715ms)
▶ F6 — an abandon of a row that reached the relay says so, per step kind
  ✔ harvest zap-in-increase: benign, and named as benign (0.9332ms)
  ✔ zap-out: the PHANTOM OPEN position is named as an OPEN RESIDUAL of the phase (1.1076ms)
  ✔ carries the sequence's recovery marker forward — the abandon retires the row that held it (0.654ms)
  ✔ a row with NO callsId carries no later-landing disclosure — it never reached a relay (0.6499ms)
✔ F6 — an abandon of a row that reached the relay says so, per step kind (3.6675ms)
▶ Phase 3.9c resolver end-to-end — memory parity
  ✔ retires a proven-absent open atomically in the prescribed logical order (19.1761ms)
  ✔ resumes a proven landed mint, pins finalized lineage, and never rereads evidence on replay (9.8589ms)
  ✔ fences invalidation before every Memory disposition phase (11.5731ms)
  ✔ rolls back every Memory terminal write and releases the sequence last (49.0482ms)
  ✔ restores the exact pre-disposition origin on an evidence lookup failure (2.7084ms)
✔ Phase 3.9c resolver end-to-end — memory parity (93.9301ms)
▶ Phase 3.9c owner route
  ✔ is capability-gated, nonce-authenticated, terminal, and exactly replayable (105.2003ms)
✔ Phase 3.9c owner route (105.3958ms)
▶ resolveUnknown owner action: taxonomy
  ✔ is MUTATING, so the nonce is consumed and a captured signature is single-use (0.7059ms)
✔ resolveUnknown owner action: taxonomy (1.6789ms)
▶ parseLpResolveParams
  ✔ accepts a decision id and an observed block as a decimal string (1.1676ms)
  ✔ REFUSES a txHash — there is no landed direction in v1 (Rev2 item 1) (0.2077ms)
  ✔ refuses a missing or malformed observedBlock (0.2131ms)
  ✔ refuses an empty decision id (0.1433ms)
✔ parseLpResolveParams (2.0176ms)
▶ lpSequenceIdOfStepDecision
  ✔ round-trips lpStepDecisionId (0.4323ms)
  ✔ answers null for anything that is not an LP step decision id (0.3233ms)
✔ lpSequenceIdOfStepDecision (0.9827ms)
▶ resolveLpRuntimeConfig: RESOLVE_MIN_AGE_SEC
  ✔ defaults to 1800 seconds with the discriminating multiple at 1.2x (0.5151ms)
  ✔ accepts a value inside [900, 86400] (0.1496ms)
  ✔ FAILS THE BOOT below the floor, above the ceiling, or on a typo — never a request (0.572ms)
  ✔ refuses a discriminating multiple below 1.00x — a leg cannot be closer than exact (0.1842ms)
  ✔ PHASE3.24 R3.6: conversion compatibility is default-empty and boot-strict (0.5734ms)
✔ resolveLpRuntimeConfig: RESOLVE_MIN_AGE_SEC (2.2545ms)
▶ resumedResolution
  ✔ is TRUE only for a ROLLED_BACK row that carries this action's own evidence (0.2689ms)
  ✔ PHASE3.9a: is TRUE for a COMMITTED row carrying it too — an interrupted ADVANCE (0.0756ms)
  ✔ is FALSE for an UNKNOWN row, and for terminal rows with no evidence of THIS action (0.0733ms)
✔ resumedResolution (0.5303ms)
▶ lpProtectionStatus: blockedBySequence
  ✔ reports armed: false naming the blocking kind (0.4877ms)
  ✔ does not disarm on a PROTECT sequence — that IS the protect running (0.1577ms)
  ✔ is absent by default, so the worker's call sites are unchanged (0.0664ms)
  ✔ DOES disarm on a protect that cannot advance — its current step row is UNKNOWN (0.0964ms)
  ✔ does NOT disarm on a held protect whose rows are settled — held → active is the resume (0.0684ms)
  ✔ keeps the kind rule for every other kind, stuck or not (0.1075ms)
  ✔ lpBlockingSequenceCanProgress is the one definition of the rule (0.0722ms)
  ✔ comes LAST: a zero basis or an unconfigured stop is reported ahead of it (0.1123ms)
✔ lpProtectionStatus: blockedBySequence (1.3647ms)
[server] unhandled_error: injected begin fault
[server] unhandled_error: injected position fault
[server] unhandled_error: injected target fault
[server] unhandled_error: injected reservation fault
[server] unhandled_error: injected action fault
[server] unhandled_error: injected sequence fault
[server] unhandled_error: injected begin fault
[server] unhandled_error: injected position fault
[server] unhandled_error: injected target fault
[server] unhandled_error: injected reservation fault
[server] unhandled_error: injected action fault
[server] unhandled_error: injected sequence fault
[server] unhandled_error: injected before transaction
[server] unhandled_error: crash before finalizer transaction
[server] unhandled_error: crash before finalizer transaction
[server] unhandled_error: crash before finalizer transaction
[server] unhandled_error: crash before finalizer transaction
[server] unhandled_error: crash before finalizer transaction
[server] unhandled_error: crash before finalizer transaction
▶ F3 pre-bind retirement route
  ✔ is a no-reader, no-submit local finalizer and exact retries return the stored result (91.6818ms)
  ✔ rolls back each finalizer write on Memory and PostgreSQL/FakeSql, then completes an exact retry (270.8616ms)
  ✔ renews a stale exact retirement lease before entering its atomic finalizer (22.3894ms)
  ✔ lets a newly signed action reclaim an expired untouched lease on Memory and PostgreSQL/FakeSql (52.9094ms)
  ✔ refuses a new signature before the untouched retirement lease expires without writing its action (52.9904ms)
  ✔ refuses a new signature after the disposition latch is durable, even when its lease is expired (26.6562ms)
  ✔ completes a deterministic fresh-action reclaim CAS loser after the other action finalizes (66.7131ms)
  ✔ does not create a second action for a new signature after the terminal result (48.6246ms)
  ✔ rejects malformed retirement action descriptors before either journal backend writes a row (1.3371ms)
  ✔ refuses an incompatible prepared row without creating an action claim (8.1509ms)
  ✔ keeps the dedicated retirement fence identical in Memory and Postgres/FakeSql (9.8424ms)
✔ F3 pre-bind retirement route (654.0562ms)
▶ PHASE3.13 B12: the default-settings digest golden vector (F11)
  ✔ DEFAULT_SETTINGS_DIGEST equals the literal, and adding rotateMode did not move it (1.0455ms)
  ✔ the default VIEW carries no rotateMode key at all (M10 dies here) (0.5201ms)
✔ PHASE3.13 B12: the default-settings digest golden vector (F11) (3.4308ms)
▶ PHASE3.13 B12: rotateMode parses, round-trips and migrates
  ✔ a stored row WITHOUT the key parses to "swapped" — the additive migration (2.1788ms)
  ✔ a swapless row round-trips through the view KEEPING the key (0.8736ms)
  ✔ a swapped row DROPS the key from the view, and re-parses to the same value (0.2655ms)
  ✔ the view is the MERGE BASE, so a swapless owner's partial re-sign keeps the mode (M4) (0.1679ms)
  ✔ refuses any literal but the two, at the WIRE and at the validator (1.044ms)
  ✔ accepts both literals explicitly (0.2571ms)
✔ PHASE3.13 B12: rotateMode parses, round-trips and migrates (5.2893ms)
▶ Phase 3.9c-0 RPC capability measurement
  ✔ pins the public Porto staged exports and selected-key hash boundary (65.2219ms)
  ✔ inventories multiple URLs without mistaking one operator's aliases for independence (0.4125ms)
  ✔ measures finalized, receipt, exact logs and ordered historical ranges (71.9915ms)
  ✔ records an RPC refusal per capability and continues without turning it into absence (5.9985ms)
  ✔ does not call an empty receipt/log intersection complete (6.6467ms)
  ✔ refuses malformed configuration before making a request (0.6754ms)
  ✔ decodes the Porto 0.5.5 layout from a synthetic decoder unit vector (1.0514ms)
  ✔ recomputes every claimed field from the pinned public transaction and receipt witness (8.2869ms)
  ✔ rejects unknown calldata selectors instead of guessing an intent layout (1.4431ms)
  ✔ decodes every member of the Porto execute(bytes[]) overload (2.3566ms)
✔ Phase 3.9c-0 RPC capability measurement (166.8006ms)
▶ lp sagas: happy paths
  ✔ protect completes [zap-out, sweep-token] and closes the position (basis reset) (18.4567ms)
  ✔ rotate completes [zap-out, sweep, mint], records the new tokenId on the SAME lineage with the basis untouched (R7) (17.8627ms)
  ✔ harvest completes [collect, sweep, increase] on the SAME tokenId (29.6657ms)
  ✔ a balanced harvest records the sweep as SKIPPED, not omitted — indexes stay stable (11.9357ms)
✔ lp sagas: happy paths (80.2187ms)
▶ lp sagas: floors and money amounts
  ✔ every submitted rotate call carries non-zero server-derived floors and the 120s deadline (13.027ms)
  ✔ the sweep's amountIn is the CONFIRMED collect delta — never a balance re-read (11.6914ms)
✔ lp sagas: floors and money amounts (25.0466ms)
▶ lp sagas: crash matrix
  ✔ protect: kill BEFORE submit ⇒ resume holds; the recorded key is never submitted (2.69ms)
  ✔ protect: kill INSIDE the submit ⇒ UNKNOWN holds; never resubmitted (5.0024ms)
  ✔ rotate: kill BEFORE submit ⇒ resume holds; the recorded key is never submitted (1.5424ms)
  ✔ rotate: kill INSIDE the submit ⇒ UNKNOWN holds; never resubmitted (7.6569ms)
  ✔ harvest: kill BEFORE submit ⇒ resume holds; the recorded key is never submitted (2.1672ms)
  ✔ harvest: kill INSIDE the submit ⇒ UNKNOWN holds; never resubmitted (3.4566ms)
  ✔ rotate: crash after the zap-out confirms ⇒ resume skips it, finishes, no key submitted twice (14.1312ms)
  ✔ rotate: crash after the sweep confirms ⇒ resume runs only the mint (12.3968ms)
  ✔ harvest: crash after the collect confirms ⇒ resume finishes from pending-increase (16.5574ms)
  ✔ protect: crash after the last confirm (before `completed`) ⇒ resume replays nothing and completes (6.099ms)
  ✔ a PENDING submit holds IN_PROGRESS until reconcile resolves it, then the sequence advances (17.3506ms)
  ✔ protect: kill BETWEEN appendStep and begin ⇒ resume RETRIES with a FRESH step record (audit A1) (15.4248ms)
  ✔ rotate: kill BETWEEN appendStep and begin ⇒ resume RETRIES with a FRESH step record (audit A1) (9.2033ms)
  ✔ harvest: kill BETWEEN appendStep and begin ⇒ resume RETRIES with a FRESH step record (audit A1) (12.7079ms)
  ✔ a rotate orphaned in the appendStep→begin window never traps the position: the resume rolls it back and the owner's manual exit completes — under pause (audit A1) (7.2189ms)
  ✔ rotate: orphan at the SWEEP slot mid-sequence ⇒ resume replays the confirmed zap-out and retries the sweep fresh (audit A1) (22.2751ms)
  ✔ a recorded step whose row EXISTS but is UNKNOWN still holds — the A1 reclassification touches only the missing-row case (2.231ms)
✔ lp sagas: crash matrix (159.7627ms)
▶ lp exit: converting the freed leg into the quote asset
  ✔ protect runs TWO submissions and the second is the router exit swap, priced off the CONFIRMED collect delta (10.2589ms)
  ✔ the owner's manual exit converts too — the same plan, a different kind (6.6411ms)
  ✔ PHASE3.24 C3: committed inline conversion never sells the collected base leg again (WBNB token1) (5.6419ms)
  ✔ PHASE3.24 C3: committed inline conversion never sells the collected base leg again (WBNB token0) (5.6338ms)
  ✔ PHASE3.24 C3: replay of a committed inline exit cannot double-sell after the between-step crash (14.6992ms)
  ✔ AUDIT A1: persisted inline consent still witnesses the committed Swap after ambient compatibility removal (4.866ms)
  ✔ PHASE3.24 C3: zero Swap logs preserve the exact collect-based second-step amount (7.5341ms)
  ✔ PHASE3.24 C3: an unavailable/non-table Swap witness holds committed money (5.5352ms)
  ✔ PHASE3.24 C2: a resume whose inline consent disagrees with the row refuses (1.0063ms)
  ✔ the position is CLOSED and its basis ZEROED the moment step 0 confirms — before step 1 builds (Rev2 item 13) (12.177ms)
  ✔ exitToQuote: false reproduces Phase 3's call list BYTE-FOR-BYTE and records why (26.717ms)
  ✔ skips as DUST when the fresh quote is at or below one submission's relay fee (Rev2 item 17) (15.1448ms)
  ✔ skips when the exit's price impact exceeds the rail — completed WITH A REASON, never held (Rev2 item 11) (4.3382ms)
  ✔ the POOL FEE is no longer counted as impact: a quote at the fee-adjusted spot price still swaps (Rev2 item 16) (39.225ms)
  ✔ A6: on a 1% pool at LP_MAX_PRICE_IMPACT_BPS=100 the exit swaps under the fix and would SKIP under the defect (7.6313ms)
  ✔ A6: the same fixture pins makeSweepStep's call site — a rotate sweep on a 1% pool (24.6559ms)
  ✔ converts on a deployment whose configured WBNB is NOT the DEFAULT_QUOTE_TOKEN literal (9.6796ms)
  ✔ skips when the exit frees no non-quote leg, and when the quote reader is down (13.4904ms)
✔ lp exit: converting the freed leg into the quote asset (216.4628ms)
▶ lp exit: the optional step's behaviour table (Rev2 item 12)
  ✔ a BUILD throw is a recorded skip, and the sequence completes (8.1755ms)
  ✔ a PREFLIGHT refusal is a recorded skip: the row rolls back and the plan position closes at the next index (7.9037ms)
  ✔ a CONFIRMED REVERT completes, and the reverting swap is NOT resubmitted on the next cycle (14.491ms)
  ✔ an EXPIRED session is a recorded skip on the optional step (7.719ms)
  ✔ a between-step RAILS failure is a recorded skip on the optional step (5.3471ms)
  ✔ a GLOBAL HALT still HOLDS the optional step — a halt is transient, not a behaviour switch (6.9108ms)
  ✔ a SETTINGS DIGEST MISMATCH still HOLDS the optional step, then re-arms (7.3842ms)
  ✔ an UNKNOWN submit on the optional step HOLDS and is never replayed (12.8648ms)
  ✔ A1: a TRANSIENT quote failure HOLDS and retries — it never permanently returns the token (10.6806ms)
  ✔ A1/F2: the budget is ATTEMPTS, and the skip only comes after every one of them ran (9.0124ms)
  ✔ F2: a sequence that reaches its optional step LATE still gets its full retry budget (7.8608ms)
  ✔ G1: an unrelated GLOBAL_HALT row does NOT spend the transient retry budget (42.5218ms)
  ✔ F1: a socket reset, a DNS failure, viem's fetch failed and its TimeoutError all HOLD (62.7746ms)
  ✔ F3: an optional step resolved by RECONCILE completes with its hold note CLEARED (8.4398ms)
  ✔ F3: a SKIPPED optional step keeps its note across a resume (11.6145ms)
  ✔ F1: the same connection failure on the PREFLIGHT holds too (12.5324ms)
  ✔ A1: a TRANSIENT preflight failure holds too, while a policy refusal still skips on the first try (18.6218ms)
  ✔ G1: the PREFLIGHT site's own rows are still charged to the budget, one per attempt (23.683ms)
  ✔ G2: a DETERMINISTIC revert out of the fresh quote skips on the FIRST attempt (8.0345ms)
  ✔ A4: a SKIPPED step 0 plus a HOLD-class refusal on step 1 never re-opens the empty position (4.3337ms)
  ✔ A13: a replay-path `after` failure HOLDS instead of escaping the saga (9.6984ms)
  ✔ the optional step PROCEEDS under an owner pause (Rev2 item 20) (8.0177ms)
✔ lp exit: the optional step's behaviour table (Rev2 item 12) (311.1407ms)
▶ lp exit: the upgrade path
  ✔ a Phase-3 exit sequence with ONE recorded, COMMITTED zap-out drives the new step 1 and completes (14.9381ms)
  ✔ PLAN_MISMATCH is unreachable across an exitToQuote flip — the plan length never varies (Rev2 item 10) (15.4904ms)
✔ lp exit: the upgrade path (30.6404ms)
▶ lp sagas: sweep price-impact rail (audit A2)
  ✔ a rotate sweep quoted OVER the rail holds (money already moved) and resumes once the quote heals (21.2738ms)
  ✔ a harvest sweep quoted over the rail holds the same way (4.9176ms)
  ✔ G2: a harvest whose fresh read is out of the compoundable interior rolls back before the collect (2.6109ms)
  ✔ G2: the refusal's remedy is CONDITIONAL on the owner's own autoRotate (F12) (0.9356ms)
  ✔ G2: the dispatch→build gap is closed — the saga's own read decides, not the trigger's (16.7512ms)
✔ lp sagas: sweep price-impact rail (audit A2) (47.2883ms)
▶ lp sagas: pause and halt
  ✔ protect PROCEEDS under pause — the FINDINGS (s) carve-out (7.0786ms)
  ✔ the owner's manual exit PROCEEDS under pause (6.1085ms)
  ✔ no NEW rotate starts under pause: a fresh rotate rolls back with zero submits (9.8668ms)
  ✔ an in-flight rotate finishes its zap-out, then HOLDS at pending-mint under pause (12.4279ms)
  ✔ an in-flight harvest holds at pending-increase under pause (5.2251ms)
  ✔ a global HALT blocks everything, protect included (0.991ms)
  ✔ a global HALT holds an in-flight rotate rather than rolling back moved funds (16.2924ms)
✔ lp sagas: pause and halt (58.8401ms)
▶ lp sagas: between-step gates
  ✔ a settings-digest mismatch aborts BETWEEN steps: the in-flight rotate holds, nothing more submits (18.9707ms)
  ✔ a fresh saga under a digest mismatch rolls back before any money moves (0.8372ms)
  ✔ quota refuses a rotate BEFORE any money moves; protect is exempt (Rev2 item 13) (30.4176ms)
  ✔ a rails failure on fresh evidence refuses between steps and the stated recovery state survives (8.2724ms)
✔ lp sagas: between-step gates (59.4305ms)
▶ lp sagas: brain seam
  ✔ a protect+rotate-both-eligible cycle makes ZERO brain calls — structurally (11.8049ms)
  ✔ a fenced-out rotate proposal falls back to the deterministic centered range (26.9001ms)
  ✔ an unreachable brain never blocks a triggered rotate (13.6313ms)
  ✔ an accepted holdInstead parks the in-flight rotate at pending-mint (5.0734ms)
✔ lp sagas: brain seam (57.8752ms)
▶ lp open: crash between appendStep and begin (audit A1)
  ✔ an orphaned open step (row never created) is retried fresh, never held (26.4159ms)
✔ lp open: crash between appendStep and begin (audit A1) (26.6334ms)
▶ Phase 3.9c F1 — PostgreSQL agent facts reach the staged LP adapter
  ✔ survives recursive JSONB reordering through PostgresAgentStore -> runLpOpen -> PortoStagedLpAdapter (17.6255ms)
✔ Phase 3.9c F1 — PostgreSQL agent facts reach the staged LP adapter (18.2991ms)
▶ Phase 3.9c F2 — the staged boundary survives the shared LP callers
  ✔ classifies every adapter boundary through runLpOpen, and never replays UNKNOWN (75.7255ms)
  ✔ uses the same complete matrix in a multi-step saga: only pre-bind releases (60.777ms)
  ✔ journals BOTH the pre-bind family name AND the underlying cause, at both sites (10.3324ms)
✔ Phase 3.9c F2 — the staged boundary survives the shared LP callers (147.4149ms)
▶ lp quota release: the wiring above the store (PHASE3.5)
  ✔ a rotate refused under pause GIVES THE SLOT BACK (1.0521ms)
  ✔ and the freed slot is REALLY free: the next rotate is admitted at the limit (8.3323ms)
  ✔ a COMPLETED rotate does NOT release — the M2 stale-evidence regression (10.4189ms)
  ✔ an open refused before any submit releases too (M4: runLpOpen is its own site) (0.886ms)
  ✔ a RESUMED rollback holds the slot on the RE-READ alone (fixreview N1) (0.9163ms)
  ✔ a THROWING release leaves the saga result unchanged (M8, both sites) (1.2266ms)
✔ lp quota release: the wiring above the store (PHASE3.5) (23.2436ms)
▶ PHASE3.11 R-D: the resume advances the recovery marker from the plan
  ✔ B1: the reconcile-then-replay path ends HELD + the sweep's declared recovery (6.9046ms)
  ✔ B2: the marker is written BEFORE the replayed `after` — a POST_VERIFY_FAILED lands NAMED (5.6517ms)
  ✔ B3: a confirmed PREFIX is marked before the pre-replay hold (case (c)) (7.5318ms)
  ✔ B4: a resume that finds the right marker writes NOTHING (5.9627ms)
  ✔ B4: a fully confirming resume completes with exactly the writes the live path makes (7.0939ms)
  ✔ B9: a resolver fence on the marker write ABORTS the resume instead of failing it (4.3589ms)
✔ PHASE3.11 R-D: the resume advances the recovery marker from the plan (37.8857ms)
▶ PHASE3.11 F2: an exit saga can reach HELD
  ✔ B8: a protect whose optional sweep holds parks HELD + wbnb-stranded (12.9506ms)
✔ PHASE3.11 F2: an exit saga can reach HELD (13.0726ms)
▶ PHASE3.13 B14/B16: the swapless rotate parks, submits no sweep, and says so
  ✔ skips the sweep with ZERO submissions for it and mints single-sided into the adjacent range (10.2791ms)
  ✔ carries the residue amount into the persisted note when there IS one (5.7076ms)
  ✔ SWEEPS as today when the off-side leg is ABOVE the bound (B14's other branch) (18.4403ms)
✔ PHASE3.13 B14/B16: the swapless rotate parks, submits no sweep, and says so (34.6484ms)
▶ PHASE3.13 B17 (F4): an in-range near-boundary rotate takes the SWAPPED shape
  ✔ sweeps and mints centered even though the freed principal is ~single-sided (7.27ms)
✔ PHASE3.13 B17 (F4): an in-range near-boundary rotate takes the SWAPPED shape (7.3754ms)
▶ PHASE3.13 B10/B18: the mint's bind refuses rather than minting a fraction
  ✔ REFUSES when the world moved between the skip and the mint, and holds at pending-mint (3.626ms)
  ✔ REFUSES at the mint when the residue re-values ABOVE the bound (B20/M5) (9.5744ms)
  ✔ the SWAPPED path keeps its both-legs-positive throw, byte for byte (B18) (5.3647ms)
✔ PHASE3.13 B10/B18: the mint's bind refuses rather than minting a fraction (18.797ms)
▶ PHASE3.13 B9: the same physical placement under both leg orderings
  ✔ places the SAME range and strands the SAME leg whichever way the pool sorts (12.6376ms)
✔ PHASE3.13 B9: the same physical placement under both leg orderings (12.7575ms)
▶ PHASE3.13 B21 (OQ2): a swapless rotate leaves basisWei byte-identical
  ✔ does not touch the lineage basis (owner-budget) (5.8854ms)
  ✔ does not touch the lineage basis (imported with basisWei 0) (5.5493ms)
✔ PHASE3.13 B21 (OQ2): a swapless rotate leaves basisWei byte-identical (11.6011ms)
▶ PHASE3.13 B13: a rotateMode flip between cycles never wedges and never mints a fraction
  ✔ armed SWAPPED with the zap-out committed, resumed SWAPLESS: no PLAN_MISMATCH (8.1655ms)
  ✔ a REPLAYED swapless skip re-verifies the bind and refuses when it no longer holds (4.007ms)
✔ PHASE3.13 B13: a rotateMode flip between cycles never wedges and never mints a fraction (12.4848ms)
▶ PHASE3.13 M16: the shared sweep constructor is untouched by the rotate's mode
  ✔ a harvest still SUBMITS its sweep, and so does an exit, whatever the owner signed (12.8224ms)
✔ PHASE3.13 M16: the shared sweep constructor is untouched by the rotate's mode (12.9355ms)
▶ decimalNumberToScaledBigInt
  ✔ converts APR percentage and USD through canonical decimal strings (3.0745ms)
  ✔ rounds half up and handles canonical exponent notation (0.3998ms)
  ✔ accepts 78 result digits and refuses larger or hostile shapes without throwing (0.4132ms)
✔ decimalNumberToScaledBigInt (4.927ms)
▶ parsePoolsTopEnvelope
  ✔ normalizes a live-shaped envelope and retains validated coverage/provenance (1.8035ms)
  ✔ refuses malformed envelopes, incomplete coverage, and a future lane (0.5452ms)
  ✔ drops each malformed row beside a valid row and counts the exact field reason (1.0514ms)
  ✔ covers all null/non-finite/nonpositive numeric row defects (1.182ms)
  ✔ retains zero volume/APR and keeps the first valid duplicate (0.2934ms)
  ✔ keeps optional lane metadata only when internally valid (0.2168ms)
✔ parsePoolsTopEnvelope (5.626ms)
▶ classifyLpRankingTimestamp
  ✔ distinguishes fresh, stale, and hostile-future observations (1.0812ms)
✔ classifyLpRankingTimestamp (1.2601ms)
▶ selectLpPool
  ✔ orders carried APR, TVL, volume, then address as a total deterministic order (0.7583ms)
  ✔ uses address ascending when every numeric rank input ties (0.2411ms)
  ✔ honors admission gates and the owner floor against carried APR (0.188ms)
  ✔ retains zero APR at a zero floor and refuses an empty normalized set (0.2315ms)
✔ selectLpPool (2.0843ms)
▶ lpSequenceView: G4 — a retried conversion must not read as several swaps
  ✔ says which entries SUBMITTED, so six sweep-token rows are not six swaps (2.8956ms)
  ✔ H5: the PREFLIGHT site's rolled-back rows carry a callsHash and still read submitted:false (2.2366ms)
  ✔ H5: the BUILD site renders identically, so one view means one thing (2.3474ms)
  ✔ H5: an UNKNOWN row is `null` — the one case where nobody knows (0.6604ms)
  ✔ carries the journal's own state for every entry, and invents none (0.8363ms)
  ✔ keeps the identity fields the view has always had (0.7221ms)
  ✔ distinguishes a row that was never CREATED from one that could not be READ (0.3042ms)
✔ lpSequenceView: G4 — a retried conversion must not read as several swaps (11.4627ms)
▶ Marketplace agent detail additive LP wire
  ✔ serializes observation bigint fields and preserves valuation identity above 2^53 (0.6547ms)
  ✔ exposes only confirmed transaction hashes and grid-recenter evidence (0.6372ms)
✔ Marketplace agent detail additive LP wire (1.5437ms)
▶ the LP step-read fan-out stays bounded (I3)
  ✔ pins the concurrency cap, so deleting the bound fails here (0.204ms)
✔ the LP step-read fan-out stays bounded (I3) (0.304ms)
▶ getSqrtRatioAtTick golden vectors
  ✔ pins the published Uniswap V3 boundary constants (2.2321ms)
  ✔ pins tick 0 to exactly 2^96 (0.2909ms)
  ✔ pins the published v3-sdk tick +1 / -1 values (0.1361ms)
  ✔ pins regression vectors across the tick range (0.2203ms)
  ✔ cross-checks against the independent float derivation 1.0001^(tick/2) (0.3824ms)
  ✔ is strictly monotonic in the tick (0.1506ms)
  ✔ throws outside [MIN_TICK, MAX_TICK] and on non-integers (0.4644ms)
✔ getSqrtRatioAtTick golden vectors (5.1577ms)
▶ nearestUsableTick
  ✔ floors to the spacing across all four Pancake V3 spacings (0.2649ms)
  ✔ keeps the 0G clamp quirk: extremes return MIN/MAX_TICK even off-spacing (0.1334ms)
  ✔ rejects invalid spacing and non-integer ticks (0.3576ms)
✔ nearestUsableTick (1.0127ms)
▶ computeSwapAmount (single-sided zap split)
  ✔ splits linearly in tick distance with ceil bias (0.2434ms)
  ✔ returns 0 or the full amount outside the range (0.0877ms)
  ✔ rejects an inverted range and negative amounts (0.1264ms)
✔ computeSwapAmount (single-sided zap split) (0.5898ms)
▶ swapSplitIsTotal (the harvest range gate's predicate)
  ✔ is the STRICT INTERIOR: the lower bound is in range but not compoundable (0.1943ms)
  ✔ agrees with computeSwapAmount's early returns at every tick, both orderings (1.3993ms)
  ✔ is total on both sides well outside the range, and rejects an inverted one (0.2346ms)
✔ swapSplitIsTotal (the harvest range gate's predicate) (1.9927ms)
▶ minLpOutFor + the 1-wei floor
  ✔ ceils: the floor is never looser than the stated percentage (0.244ms)
  ✔ flooredAtOneWei lifts only sub-1 values (0.3068ms)
  ✔ rejects out-of-range bps (0.2045ms)
  ✔ ceilDiv matches Solidity's (a + b - 1) / b (0.1103ms)
✔ minLpOutFor + the 1-wei floor (1.0944ms)
▶ liquidity/amount round-trips
  ✔ in-range: burn (floor) <= mint (ceil), both within rounding of each other (0.4235ms)
  ✔ below-range price is single-sided token0; above-range is token1 (0.2133ms)
  ✔ liquidity round-trips through amounts: ceil-charged amounts fund at least L, within ppm (0.1348ms)
  ✔ an asymmetric price picks the binding (smaller) liquidity side (0.0998ms)
✔ liquidity/amount round-trips (1.0194ms)
▶ settings validation (spec table + Rev2 item 39)
  ✔ accepts the defaults (3.7521ms)
  ✔ enforces every range in the table (1.7166ms)
  ✔ refuses the v1-fenced upgrade seams by name (0.4609ms)
  ✔ evaluateLpTriggers refuses invalid settings and inputs outright (8.4913ms)
✔ settings validation (spec table + Rev2 item 39) (15.9943ms)
▶ protect matrix
  ✔ holds an in-range position with no breached threshold (0.9272ms)
  ✔ excludes a zero lineage basis from both protect directions (0.372ms)
  ✔ does not let a zero basis suppress an independently valid harvest (0.2974ms)
  ✔ requires two finalized stop-loss observations, strictly newer by block and >= 1 interval apart (0.5161ms)
  ✔ requires two observations for take-profit as well (0.294ms)
  ✔ a breach that flips direction between observations restarts the count (0.5689ms)
  ✔ an observation from another position or pool is never comparable (0.518ms)
  ✔ rejects a confirmed protect when the spot/TWAP rail fails (0.7675ms)
  ✔ prioritizes a confirmed protect over a simultaneously confirmed rotate (0.4238ms)
✔ protect matrix (5.3293ms)
▶ Rev2 item 17: the lineage basis survives rotation
  ✔ fires a 10% stop-loss on cumulative loss across a 2-rotation 4%-per-rotation bleed (0.3964ms)
✔ Rev2 item 17: the lineage basis survives rotation (0.657ms)
▶ rotation matrix
  ✔ does not rotate while the current tick remains in range (0.5826ms)
  ✔ treats the upper bound as EXCLUSIVE: currentTick === tickUpper is out of range (0.1939ms)
  ✔ never rotates when autoRotate is off, however far out of range (0.277ms)
  ✔ requires the band, two cycles, and the minimum hold from breach start (0.2853ms)
  ✔ holds a confirmed breach until rotateMinHoldMinutes has elapsed since the breach began (0.402ms)
  ✔ holds an out-of-range observation below the configured deviation band (0.2541ms)
  ✔ a re-entry into range resets the breach clock and count (0.2271ms)
  ✔ rejects a confirmed rotation when the price-impact rail trips (0.2423ms)
✔ rotation matrix (2.8963ms)
▶ harvest matrix
  ✔ harvests only with both positive fee legs at or above the value floor (0.7113ms)
  ✔ does not harvest when autoHarvest is off (0.5062ms)
  ✔ refuses a harvest above the range and names the tick, the range and the remedy (0.4584ms)
  ✔ refuses the same harvest with autoRotate ON, and points at the rotate instead (3.3846ms)
  ✔ refuses a harvest ON the lower bound, which is in range but not compoundable (0.6504ms)
  ✔ still harvests everywhere inside the range, including both adjacent-to-bound ticks (0.5829ms)
  ✔ leaves a confirmed rotate on an out-of-range position untouched (0.2161ms)
  ✔ rejects harvest when a manipulation rail is breached (0.149ms)
  ✔ a confirmed rotate outranks an eligible harvest (one action per cycle) (0.1714ms)
✔ harvest matrix (7.5122ms)
▶ quota-agnosticism and receipts
  ✔ decisions are independent of the exit quotas (the journal owns those) (0.5313ms)
  ✔ the trigger reason is a sanitized string record carrying the decision evidence (0.6873ms)
✔ quota-agnosticism and receipts (1.349ms)
▶ PHASE3.13 B15 (F1): a parked swapless position does not re-rotate
  ✔ two consecutive cycles on the default band do NOT decide rotate (0.9548ms)
  ✔ says WHY, in the owner's own vocabulary, instead of "no trigger is ready" (0.9256ms)
  ✔ the SAME position under the DEFAULT swapped mode rotates on cycle 2 — the floor is mode-scoped (0.3285ms)
  ✔ re-rotates once the price has travelled a full range-width away (5.9857ms)
  ✔ takes the LARGER of the owner's band and the width floor (0.299ms)
  ✔ is inert while autoRotate is off (0.2144ms)
✔ PHASE3.13 B15 (F1): a parked swapless position does not re-rotate (9.1464ms)
▶ resolveLpEnabled — the tri-state master switch
  ✔ defaults OFF, honours exactly 'true'/'false', and a typo fails the boot (1.0734ms)
✔ resolveLpEnabled — the tri-state master switch (2.0426ms)
▶ resolveLpAddresses — boot throws, never a request
  ✔ chain 56 resolves the bytecode-verified defaults (0.3838ms)
  ✔ a malformed override fails the boot with the variable named (0.5322ms)
  ✔ a chain with no defaults and no overrides refuses to start (0.3525ms)
✔ resolveLpAddresses — boot throws, never a request (1.52ms)
▶ the 404 posture without LP deps
  ✔ LP routes answer the same not_found an unknown path gets (46.8449ms)
✔ the 404 posture without LP deps (47.0237ms)
▶ lp worker cycle
  ✔ R5 cannot submit a stale position's manual exit using a canceled draft's retained key (13.7563ms)
  ✔ no positions is a no-op with zero provider calls (0.7643ms)
  ✔ does not enter readers, evaluators, providers, appends, or ordinary mutations behind a pre-bind retirement fence (7.7461ms)
  ✔ a non-terminal sequence is resumed before any new trigger work (11.0566ms)
  ✔ claims a HELD sequence active before the first context chain read (5.3281ms)
  ✔ dispatches a protect after two comparable finalized observations (9.141ms)
  ✔ pause: the protect still dispatches (FINDINGS (s) carve-out) and a halt blocks it (8.155ms)
  ✔ pause: no NEW rotate work starts (Rev2 item 16) (4.6845ms)
  ✔ protect and rotate both eligible: exactly one saga, and zero brain calls (9.8945ms)
  ✔ dry-run logs the full decision and executes nothing (2.1127ms)
  ✔ a stored settings digest that does not recompute skips the position (1.3149ms)
  ✔ a burned position token is skipped with the reason logged (1.661ms)
✔ lp worker cycle (77.963ms)
▶ lp worker boot config
  ✔ refuses to start when LP_ENABLED is not true (1.0619ms)
  ✔ refuses to start on missing rails â€” never a silent hold (1.9961ms)
  ✔ resolves and clamps the interval into [30s, 10min] (1.1376ms)
✔ lp worker boot config (4.4601ms)
▶ lp worker store queue
  ✔ listOpenPositionsForWorker / listNonTerminalSequencesForWorker agree across backends (3.0512ms)
✔ lp worker store queue (3.1762ms)
▶ lp worker: the trigger observation is durable (PHASE3.2)
  ✔ ACCEPTANCE â€” two SEPARATE invocations one interval apart DISPATCH a protect (11.5994ms)
  ✔ PRE-FIX PROOF â€” the same two invocations against process-local state HOLD for ever (1.8584ms)
  ✔ a gap beyond maxObservationAgeMs restarts the count, and the next pair confirms (4.735ms)
  ✔ losing the table entirely degrades to one extra cycle, never a wrong decision (6.7874ms)
✔ lp worker: the trigger observation is durable (PHASE3.2) (25.2957ms)
▶ lp worker: an observation store outage is never a new way to hold a stop-loss
  ✔ a READ failure means NO previous observation â€” one extra cycle, never a skip (2.9626ms)
  ✔ a WRITE failure does not stop an otherwise-confirmed protect from dispatching (6.9019ms)
  ✔ a HOLD whose write fails still reports the hold and flags the write (1.1112ms)
✔ lp worker: an observation store outage is never a new way to hold a stop-loss (11.2639ms)
▶ lp worker: the cycle clock is frozen (FINDINGS (af))
  ✔ two cycles exactly one interval apart produce stamps exactly one interval apart (12.8454ms)
✔ lp worker: the cycle clock is frozen (FINDINGS (af)) (12.9761ms)
▶ lp worker cadence: anchored on the cycle START, re-checked
  ✔ nextCycleDelayMs anchors on the start and never goes negative (0.5645ms)
  ✔ an EARLY setTimeout is re-checked rather than trusted (0.3901ms)
  ✔ an overrunning cycle waits zero, and cycle STARTS stay one interval apart (0.3103ms)
  ✔ a stop request breaks the wait without sleeping the remainder (0.568ms)
✔ lp worker cadence: anchored on the cycle START, re-checked (2.1054ms)
▶ lp worker: retention and protection status
  ✔ a protect that CLOSES the lineage retires the observation row with it (5.8446ms)
  ✔ every evaluated outcome carries the protection status the read side shows (0.8757ms)
  ✔ the settings-digest SKIP now reports armed:false with the same message (0.6048ms)
  ✔ a position with no tokenId reports armed:false rather than only skipping (0.6212ms)
✔ lp worker: retention and protection status (8.652ms)
▶ lp worker: the position's NFT left the wallet
  ✔ first confirmed mismatch: skips, increments a DURABLE count, and does NOT close (1.0999ms)
  ✔ second consecutive confirmation CLOSES the row, which is what frees the tokenId (0.9037ms)
  ✔ a transfer BACK resets the count, so an unrelated later mismatch starts from one (0.7796ms)
  ✔ a READ FAILURE holds and writes nothing — an outage is not a lost NFT (0.6911ms)
  ✔ the close DEFERS while a non-terminal sequence exists — a frozen saga is the operator's first (0.968ms)
  ✔ a RESUME is frozen too — this is the money half (M8) (0.5395ms)
  ✔ reports armed:false with the not-owned reason, not a settings or basis problem (0.7718ms)
  ✔ a BURNED token counts as a confirmed mismatch (0.5926ms)
✔ lp worker: the position's NFT left the wallet (6.6463ms)
▶ lp worker: the ownership gate under --dry-run (audit A1)
  ✔ reads, reports, and writes NOTHING on a mismatch (1.8502ms)
  ✔ TWO rehearsals do not close the position or zero its basis (0.9247ms)
  ✔ still REPORTS armed:false, so the rehearsal tells the truth about what it saw (0.5744ms)
  ✔ a dry-run MATCH does not clear a durable count a live cycle recorded (1.1517ms)
✔ lp worker: the ownership gate under --dry-run (audit A1) (4.876ms)
▶ lp worker: the two confirmations must be separated (audit A2)
  ✔ two cycles inside one interval do NOT close the position (1.1837ms)
  ✔ and DO close once a full interval has passed (1.4241ms)
✔ lp worker: the two confirmations must be separated (audit A2) (2.7693ms)
▶ lp worker: the ownership close survives in-cycle latency (F1)
  ✔ closes on the second SEPARATED confirmation even though each cycle burns latency (2.1098ms)
  ✔ the anchor does not move while the mismatch persists (1.5498ms)
  ✔ a transfer back clears the anchor, so a later run starts its own clock (1.9219ms)
  ✔ a row predating the anchor column still closes, one cycle later (1.2662ms)
  ✔ the DRY-RUN report does not promise a close the live cycle would refuse (F2) (1.7386ms)
✔ lp worker: the ownership close survives in-cycle latency (F1) (9.0876ms)
▶ lp worker: a price trigger is reported as armed (audit A2)
  ✔ the cycle output says armed:true on the cycle it records a price breach (1.2725ms)
✔ lp worker: a price trigger is reported as armed (audit A2) (1.371ms)
▶ PHASE3.11 F1: the stall latch
  ✔ B7: a latched sequence is SKIPPED, and the cycle writes nothing to its row (3.2983ms)
  ✔ the position is still claimed by the deferred sequence, so no trigger fires behind it (1.583ms)
  ✔ the backoff EXPIRES: the same sequence is resumed again once the gap has passed (13.1041ms)
  ✔ a held resume that parks again RECORDS the stall it parked with (7.0668ms)
✔ PHASE3.11 F1: the stall latch (25.4152ms)
▶ abandon claim CAS — memory
  ✔ rejects generic HELD -> abandoning while dedicated claim and stale reclaim remain legal (3.6586ms)
  ✔ atomically fences a stale worker snapshot and stays non-terminal (1.0886ms)
  ✔ releases only before disposition; after the marker it must finish forward (0.8352ms)
  ✔ reclaims a stale crash lease, preserves the disposition marker, and rejects the old owner (0.579ms)
✔ abandon claim CAS — memory (7.3761ms)
▶ abandon claim CAS — postgres(fake sql)
  ✔ rejects generic HELD -> abandoning while dedicated claim and stale reclaim remain legal (9.3386ms)
  ✔ atomically fences a stale worker snapshot and stays non-terminal (2.4753ms)
  ✔ releases only before disposition; after the marker it must finish forward (2.135ms)
  ✔ reclaims a stale crash lease, preserves the disposition marker, and rejects the old owner (1.4967ms)
✔ abandon claim CAS — postgres(fake sql) (15.9018ms)
▶ PHASE3.11 F1: abandon against a cycling worker — memory
  ✔ B7: the owner's claim succeeds once the stalled sequence stops being resumed (1.187ms)
  ✔ B7 control: the same owner, against the pre-F1 worker, never gets the claim (1.6036ms)
  ✔ the latch counts only CONSECUTIVE identical parks; any change restarts it (0.4687ms)
  ✔ a fresh sequence is never deferred, and a latched one is resumed again after the backoff (0.3706ms)
✔ PHASE3.11 F1: abandon against a cycling worker — memory (3.9279ms)
▶ PHASE3.11 F1: abandon against a cycling worker — postgres(fake sql)
  ✔ B7: the owner's claim succeeds once the stalled sequence stops being resumed (4.1897ms)
  ✔ B7 control: the same owner, against the pre-F1 worker, never gets the claim (16.9661ms)
  ✔ the latch counts only CONSECUTIVE identical parks; any change restarts it (3.2394ms)
  ✔ a fresh sequence is never deferred, and a latched one is resumed again after the backoff (2.5664ms)
✔ PHASE3.11 F1: abandon against a cycling worker — postgres(fake sql) (27.2708ms)
[server] unhandled_error: crash between the two writes
▶ PHASE3.8 F4a: POST /agents/:id/lp/sequences/:sequenceId/abandon
  ✔ abandons a held sequence whose steps all settled, and stops it blocking (86.9028ms)
  ✔ AUDIT A1: a crash between the two writes is CURABLE by re-signing (12.8402ms)
  ✔ AUDIT M15: a rotate whose zap-out committed really CLOSES the position (12.0135ms)
  ✔ AUDIT A1: the FIRST write is the position, so a crash leaves a re-signable action (33.9817ms)
  ✔ AUDIT M17: a row at index steps.length refuses — the probe is not off by one (13.7483ms)
  ✔ FIXREVIEW N1: worker held->active after the route snapshot wins the CAS and is not abandoned (11.3549ms)
  ✔ FIXREVIEW N3: route persists restore-open and returns the position to the worker queue (11.6651ms)
  ✔ refuses when the signed sequenceId does not match the path (10.861ms)
  ✔ 404s an unknown sequence, and another owner's sequence identically (38.5199ms)
  ✔ a REPLAYED identical signature is idempotent, not a second abandon (12.814ms)
  ✔ rejects an unsigned request (2.1078ms)
  ✔ NOW_SEC is the harness clock the signatures are stamped against (0.1151ms)
✔ PHASE3.8 F4a: POST /agents/:id/lp/sequences/:sequenceId/abandon (250.7789ms)
▶ the disposition is scoped by the sequence KIND (2026-09-03: NFT 7316794)
  ✔ a single-position sequence governs its own row only, whatever the arm group holds (1.4585ms)
  ✔ keeps the group scope for the two kinds whose plan really does touch both rungs (0.3441ms)
✔ the disposition is scoped by the sequence KIND (2026-09-03: NFT 7316794) (3.0076ms)
▶ PHASE3.8 F4a: a sequence is abandonable only when nothing is outstanding
  ✔ THE (aq) CASE: two COMMITTED steps and nothing at the next index ⇒ ABANDON (0.4521ms)
  ✔ an UNKNOWN row at index N-1 with nothing at N ⇒ REFUSE, naming resolveUnknown (0.3319ms)
  ✔ a PENDING row at index N-1 ⇒ REFUSE, naming reconcile and the 3.7 age guard (0.1811ms)
  ✔ an IN_PROGRESS row anywhere ⇒ REFUSE, even when later steps settled (0.13ms)
  ✔ a row already present at index steps.length ⇒ REFUSE: a saga is mid-flight (0.131ms)
  ✔ a ROLLED_BACK row does NOT block — the hole REVIEW M3 found (0.1761ms)
  ✔ a RECORDED step with no row is settled by absence (0.2125ms)
  ✔ a zero-step HELD sequence abandons (0.2146ms)
  ✔ an already-terminal sequence refuses: there is nothing to abandon (0.2564ms)
  ▶ AUDIT A2: the disposition is EVIDENCE, not a recovery-state proxy
    ✔ a rotate whose zap-out COMMITTED closes the position — under EITHER label (0.241ms)
    ✔ a harvest holding wbnb-stranded LEAVES the position open — same label, opposite meaning (0.0913ms)
    ✔ a rotate whose zap-out ROLLED BACK leaves the position alone (0.1276ms)
    ✔ an abandoned OPEN closes the never-funded lineage (0.3704ms)
    ✔ PHASE3.11 B8: an exit whose zap-out COMMITTED is abandonable, and CLOSES the position (0.1415ms)
    ✔ AUDIT A8: an exit that never removed liquidity RESTORES a closing position (0.0872ms)
  ✔ AUDIT A2: the disposition is EVIDENCE, not a recovery-state proxy (1.2769ms)
  ▶ AUDIT A3: only a HELD, IDLE sequence may be abandoned
    ✔ an ACTIVE sequence refuses — a saga may be mid-drive (0.1422ms)
    ✔ a sequence touched within one worker interval refuses (0.1019ms)
    ✔ exactly one interval of idleness is enough (0.081ms)
  ✔ AUDIT A3: only a HELD, IDLE sequence may be abandoned (0.4169ms)
  ▶ AUDIT A4: a missing LOOKUP is not a missing ROW
    ✔ throws rather than treating an unlooked-up key as evidence (0.5522ms)
  ✔ AUDIT A4: a missing LOOKUP is not a missing ROW (0.6395ms)
  ✔ AUDIT M17: the next-index probe is steps.length, not steps.length + 1 (0.2374ms)
✔ PHASE3.8 F4a: a sequence is abandonable only when nothing is outstanding (5.2707ms)
▶ PHASE3.4 M11: one TP/SL predicate, and its boundary
  ✔ EXACTLY at the stop-loss threshold IS a breach (the `<=`) (0.8769ms)
  ✔ EXACTLY at the take-profit threshold IS a breach (the `>=`) (0.195ms)
  ✔ a ZERO basis is never a breach — it is the no-TP/SL option, not a wipeout (0.1086ms)
  ✔ stop-loss wins when overlapping thresholds both hold (0.1127ms)
  ✔ uses exact integer arithmetic — no rounding at large magnitudes (0.1517ms)
✔ PHASE3.4 M11: one TP/SL predicate, and its boundary (5.2135ms)
▶ PHASE3.4 M2: canonical decimal
  ✔ accepts canonical values and refuses every non-canonical spelling (0.5252ms)
  ✔ "07" and "7" would be TWO rows in a text index — which is why the parser refuses it (0.3765ms)
  ✔ parses a valid pair and keeps tokenId a STRING (0.2826ms)
  ✔ accepts basisWei 0 and refuses unknown keys (0.2477ms)
✔ PHASE3.4 M2: canonical decimal (3.075ms)
▶ PHASE3.4 M3: lpImport is LOCAL-ONLY
  ✔ is in LOCAL_ONLY_KINDS, so an interrupted import is closed out, not parked UNKNOWN (0.2677ms)
✔ PHASE3.4 M3: lpImport is LOCAL-ONLY (0.3947ms)
▶ PHASE3.4 M10: the staker default is pinned, not empty
  ✔ ships MasterChefV3 for chain 56 (1.1152ms)
  ✔ uses the chain default when unset, and an explicit list when set (0.5033ms)
  ✔ "none" is the explicit empty override, distinguishable from unset (0.1788ms)
  ✔ a malformed address fails the BOOT rather than a request (0.4624ms)
  ✔ an unknown chain gets an empty list rather than another chain's farm (0.0883ms)
✔ PHASE3.4 M10: the staker default is pinned, not empty (2.6282ms)
▶ PHASE3.4 M9: the worst-case conversion is measured at the right edge
  ✔ token is token1 ⇒ the token leg maxes at tickUPPER (0.3784ms)
  ✔ token is token0 ⇒ the token leg maxes at tickLOWER, and both exceed the mid-range mix (0.1467ms)
  ✔ no liquidity ⇒ no conversion to disclose (0.0654ms)
✔ PHASE3.4 M9: the worst-case conversion is measured at the right edge (0.7108ms)
▶ PHASE3.4 decision 7: the probe reads the EXIT's impact, not the open's
  ✔ a 1% pool quoting at spot-after-fee reads ~0 bps, where the open's reading would read ~100 (0.3266ms)
  ✔ genuine impact above the rail is refused (0.1619ms)
  ✔ a zero amount is vacuously within the rail — there is no swap to refuse (0.0852ms)
✔ PHASE3.4 decision 7: the probe reads the EXIT's impact, not the open's (0.6692ms)
▶ lp observation store: both backends answer identically (F3)
  ✔ round-trips a full observation, bigint blockNumber exact (15.478ms)
  ✔ an ABSENT optional field survives the round trip as ABSENT (1.1667ms)
  ✔ PHASE3.23 R3.6: gridRangeRelation round-trips through the shared JSONB parser (1.7711ms)
  ✔ a cross-tenant read is null and a cross-tenant write is refused (1.9594ms)
  ✔ delete is owner-scoped, idempotent, and removes the row (retention) (0.9874ms)
  ✔ the last write wins — one upsert per position per cycle (0.9967ms)
✔ lp observation store: both backends answer identically (F3) (34.8953ms)
▶ lp observation store: a structurally invalid row is null, never a throw
  ✔ parseLpTriggerObservation refuses every broken shape (0.8082ms)
  ✔ a corrupt persisted row reads as null rather than throwing (0.8697ms)
✔ lp observation store: a structurally invalid row is null, never a throw (2.1177ms)
▶ Postgres SQL literals: lp_observations is pinned
  ✔ creates the table and the owner index, and types the columns as specced (0.5521ms)
  ✔ every statement carries the full three-part owner scope (1.2309ms)
✔ Postgres SQL literals: lp_observations is pinned (2.1961ms)
▶ PHASE3.6: the price comparison
  ✔ is INCLUSIVE at the exact tick, both directions (0.7108ms)
  ✔ matches a pool by its TRIPLE, case-insensitively on the legs (0.254ms)
  ✔ a trigger for another pool is IGNORED entirely, not merely un-fired (1.5177ms)
✔ PHASE3.6: the price comparison (3.5375ms)
▶ PHASE3.6 M3: the observation parser must know the new kinds
  ✔ round-trips a price breach, so the second cycle can confirm it (0.9687ms)
  ✔ an UNKNOWN breach kind parses as null — one extra cycle, never a throw (0.174ms)
  ✔ rejects an out-of-range currentTick rather than reporting it (0.191ms)
✔ PHASE3.6 M3: the observation parser must know the new kinds (1.6086ms)
▶ PHASE3.6 M7: the confirmation compares the breach CLASS
  ✔ classifies all four kinds (0.368ms)
  ✔ price-stop then VALUE-stop DISPATCHES, and names the cycle-2 kind (0.5365ms)
  ✔ stop then take-profit does NOT confirm — different classes (0.345ms)
✔ PHASE3.6 M7: the confirmation compares the breach CLASS (1.6007ms)
▶ PHASE3.6 M2: lpProtectionStatus knows about price triggers
  ✔ a ZERO-BASIS position with a matched price stop is ARMED (0.6381ms)
  ✔ …and is NOT armed when the trigger belongs to another pool (0.7475ms)
  ✔ reports the observed tick and the signed distance (0.1559ms)
✔ PHASE3.6 M2: lpProtectionStatus knows about price triggers (1.6996ms)
▶ PHASE3.6 M8: an armed trigger must not liquidate the NEXT position
  ✔ names the already-satisfied trigger (0.1655ms)
  ✔ answers null when unsatisfied, and when the pool does not match (0.0841ms)
✔ PHASE3.6 M8: an armed trigger must not liquidate the NEXT position (0.3382ms)
▶ PHASE3.6: inert when unset
  ✔ the DEFAULT settings digest does not move (M5) (0.6591ms)
  ✔ the evaluator's answer is identical with the keys unset (0.1979ms)
  ✔ a stored row without the keys still parses (0.5038ms)
  ✔ null clears a trigger through the wire (0.3192ms)
✔ PHASE3.6: inert when unset (1.8352ms)
▶ PHASE3.6: validation
  ✔ refuses an out-of-range tick, a bad direction, and mis-ordered legs (0.5912ms)
  ✔ accepts a well-formed trigger on both slots (0.1086ms)
  ✔ refuses unknown keys inside the trigger at the wire (0.1616ms)
✔ PHASE3.6: validation (0.9885ms)
▶ PHASE3.6: price <-> tick
  ✔ reproduces the FINDINGS (ao) pair to five significant figures (0.248ms)
  ✔ the decimals term is LIVE — the 18/18 vector alone proves nothing (0.0659ms)
  ✔ rounds so the signed tick is never MORE aggressive than the request (0.3829ms)
  ✔ round trips: price -> tick -> price brackets the input (0.2006ms)
  ✔ refuses a non-positive or non-finite price (0.156ms)
✔ PHASE3.6: price <-> tick (1.2079ms)
▶ PHASE3.6 audit A5: the decimals SIGN is load-bearing
  ✔ an inverted exponent changes the answer, so a regression cannot hide (0.1158ms)
  ✔ a USDC-style 6/18 pool round-trips (0.196ms)
✔ PHASE3.6 audit A5: the decimals SIGN is load-bearing (0.3953ms)
▶ PHASE3.6 audit A6: the bounds refuse rather than saturate
  ✔ a price beyond the representable range throws instead of returning a bound (0.4042ms)
✔ PHASE3.6 audit A6: the bounds refuse rather than saturate (0.4777ms)
▶ PHASE3.6 audit A7: a count is only carried under the SAME settings
  ✔ a newly-signed trigger does NOT inherit a count earned by another instrument (0.4221ms)
  ✔ an unchanged digest still carries the count (0.236ms)
✔ PHASE3.6 audit A7: a count is only carried under the SAME settings (0.7328ms)
▶ PHASE3.6 audit A4: the receipt names the threshold that fired
  ✔ carries triggerTick and triggerWhen on a price breach (0.1628ms)
✔ PHASE3.6 audit A4: the receipt names the threshold that fired (0.2344ms)
▶ PHASE3.6 fixreview: the audit fixes are load-bearing
  ✔ A2: a status computed WITHOUT the pool reports the opposite answer (0.1796ms)
  ✔ A3: the protection VIEW carries the distance, not the raw record (0.4329ms)
  ✔ N3: a settings re-sign resets the PROTECT count and NOT the rotate clock (0.4809ms)
✔ PHASE3.6 fixreview: the audit fixes are load-bearing (1.2531ms)
▶ PHASE3.6 fixreview2 P1: the intent -> direction derivation
  ✔ all four combinations, derived from the pool's own mechanics (0.1469ms)
  ✔ the FINDINGS (ao) case is at-or-above, and it must be signable (0.1351ms)
  ✔ is independent of `when`, of the market and of the rounding (0.521ms)
✔ PHASE3.6 fixreview2 P1: the intent -> direction derivation (1.1086ms)
▶ PHASE3.5 M1: the release predicate is narrower than the retry join's
  ✔ zero recorded steps releases (1.2203ms)
  ✔ an ABSENT row releases — it died in the appendStep->begin window (0.2371ms)
  ✔ a bare ROLLED_BACK row releases (0.2097ms)
  ✔ ROLLED_BACK carrying a callsId does NOT release — the FAILED-receipt rollback (0.1926ms)
  ✔ ROLLED_BACK carrying a txHash does NOT release — reconcile's FAILED resolution (0.1912ms)
  ✔ ROLLED_BACK carrying a resolution does NOT release — the resolveUnknown abandon (0.1403ms)
  ✔ a PENDING row does NOT release (0.1236ms)
  ✔ a IN_PROGRESS row does NOT release (0.1655ms)
  ✔ a UNKNOWN row does NOT release (0.1193ms)
  ✔ a COMMITTED row does NOT release (0.1448ms)
  ✔ ONE spent step among many holds the whole sequence (0.2425ms)
✔ PHASE3.5 M1: the release predicate is narrower than the retry join's (5.6634ms)
▶ PHASE3.5 M3: count vs spacing — memory
  ✔ a released row frees a COUNT slot (3.7303ms)
  ✔ a released row STILL anchors the spacing gate (0.964ms)
  ✔ release is IDEMPOTENT and a no-op when no reservation exists (1.1283ms)
  ✔ release is owner-AND-agent scoped (2.5231ms)
  ✔ NO DRIFT among quota-bound kinds: three rotates still exhaust a cap of three (1.5877ms)
  ✔ PHASE3.7 F2: an EXEMPT kind no longer occupies the cap it is exempt from (1.0107ms)
  ✔ PHASE3.7 F2 (REVIEW M7): quotaUsage.used agrees with the gate about exempt rows (0.3971ms)
  ✔ AUDIT A6: the REAL Postgres statements carry the F2 conjuncts (2.7659ms)
  ✔ FIXREVIEW N1/A7: another OWNER's reservations neither count nor pace (1.5893ms)
  ✔ PHASE3.5 M3 survives F2: the SPACING anchor still sees exempt rows (2.1841ms)
  ✔ quotaUsage reports the split the enforcement uses (0.7654ms)
  ✔ rows outside the 24h window count for nothing (0.9702ms)
✔ PHASE3.5 M3: count vs spacing — memory (20.5908ms)
▶ PHASE3.5 M3: count vs spacing — postgres(fake sql)
  ✔ a released row frees a COUNT slot (10.6593ms)
  ✔ a released row STILL anchors the spacing gate (2.3209ms)
  ✔ release is IDEMPOTENT and a no-op when no reservation exists (1.6851ms)
  ✔ release is owner-AND-agent scoped (2.4526ms)
  ✔ NO DRIFT among quota-bound kinds: three rotates still exhaust a cap of three (3.5045ms)
  ✔ PHASE3.7 F2: an EXEMPT kind no longer occupies the cap it is exempt from (4.0332ms)
  ✔ PHASE3.7 F2 (REVIEW M7): quotaUsage.used agrees with the gate about exempt rows (1.8637ms)
  ✔ AUDIT A6: the REAL Postgres statements carry the F2 conjuncts (1.5409ms)
  ✔ FIXREVIEW N1/A7: another OWNER's reservations neither count nor pace (3.9207ms)
  ✔ PHASE3.5 M3 survives F2: the SPACING anchor still sees exempt rows (1.5734ms)
  ✔ quotaUsage reports the split the enforcement uses (2.4974ms)
  ✔ rows outside the 24h window count for nothing (1.873ms)
✔ PHASE3.5 M3: count vs spacing — postgres(fake sql) (38.845ms)
▶ PHASE3.5 decision 4: the quota view
  ✔ reports remaining, exhaustion and the next-eligible time (0.4945ms)
  ✔ never reports negative headroom (0.1507ms)
✔ PHASE3.5 decision 4: the quota view (0.7791ms)
▶ LpSequenceStore positions — memory
  ✔ creates and reads back a position; lineage fields default per R7 (2.8567ms)
  ✔ carries a supplied lineageId forward (item 40's migration seam) (0.5502ms)
  ✔ rotate changes the tokenId on the SAME lineage with the basis untouched; close resets it (R7) (1.5161ms)
  ✔ cross-tenant position reads return null; mutations throw not-found (0.8052ms)
✔ LpSequenceStore positions — memory (6.968ms)
▶ LpSequenceStore sequences — memory
  ✔ enforces ONE non-terminal sequence per position at create (1.125ms)
  ✔ carries a nullable note, round-trips it, and still allows it on a TERMINAL sequence (PHASE3.1 Rev2 item 15) (0.6396ms)
  ✔ PHASE3.24 C2/C3: persists normalized consent and an idempotent inline residue (0.6468ms)
  ✔ a held sequence with a pending recovery still blocks new sequences; held with none does not (0.6473ms)
  ✔ refuses a sequence on an unknown or foreign position (0.2986ms)
  ✔ cross-tenant sequence reads return null; mutations throw not-found (0.8886ms)
  ✔ guards sequence state transitions; held → active is the resume path (0.52ms)
  ✔ records steps as identity only, with the decision-id format pinned (Rev2 item 9) (0.7278ms)
  ✔ round-trips every recovery state (0.4699ms)
✔ LpSequenceStore sequences — memory (6.479ms)
▶ LpSequenceStore reservations — memory
  ✔ trips rotate/harvest at the daily limit and NEVER protect/manual-exit (Rev2 item 13) (1.5168ms)
  ✔ expires reservations out of the rolling 24h window (4.3509ms)
  ✔ minMinutesBetweenExits blocks a rotate and not a protect (1.2063ms)
  ✔ scopes reservations: cross-tenant getReservation returns null (0.6432ms)
✔ LpSequenceStore reservations — memory (8.0215ms)
▶ LpSequenceStore landing resolver fence — memory
  ✔ claims an exact ACTIVE snapshot, excludes generic workers, and restores before disposition (1.0316ms)
  ✔ reclaims an expired HELD lease, fences the old owner, and terminalizes only after disposition (0.9462ms)
✔ LpSequenceStore landing resolver fence — memory (2.1528ms)
▶ LpSequenceStore positions — postgres(fake sql)
  ✔ creates and reads back a position; lineage fields default per R7 (4.4261ms)
  ✔ carries a supplied lineageId forward (item 40's migration seam) (0.9173ms)
  ✔ rotate changes the tokenId on the SAME lineage with the basis untouched; close resets it (R7) (2.6328ms)
  ✔ cross-tenant position reads return null; mutations throw not-found (1.2635ms)
✔ LpSequenceStore positions — postgres(fake sql) (9.5686ms)
▶ LpSequenceStore sequences — postgres(fake sql)
  ✔ enforces ONE non-terminal sequence per position at create (2.8762ms)
  ✔ carries a nullable note, round-trips it, and still allows it on a TERMINAL sequence (PHASE3.1 Rev2 item 15) (2.0355ms)
  ✔ PHASE3.24 C2/C3: persists normalized consent and an idempotent inline residue (2.1206ms)
  ✔ a held sequence with a pending recovery still blocks new sequences; held with none does not (2.486ms)
  ✔ refuses a sequence on an unknown or foreign position (0.9928ms)
  ✔ cross-tenant sequence reads return null; mutations throw not-found (1.5736ms)
  ✔ guards sequence state transitions; held → active is the resume path (1.7534ms)
  ✔ records steps as identity only, with the decision-id format pinned (Rev2 item 9) (10.5189ms)
  ✔ round-trips every recovery state (2.0277ms)
✔ LpSequenceStore sequences — postgres(fake sql) (27.169ms)
▶ LpSequenceStore reservations — postgres(fake sql)
  ✔ trips rotate/harvest at the daily limit and NEVER protect/manual-exit (Rev2 item 13) (6.5583ms)
  ✔ expires reservations out of the rolling 24h window (2.3309ms)
  ✔ minMinutesBetweenExits blocks a rotate and not a protect (2.3273ms)
  ✔ scopes reservations: cross-tenant getReservation returns null (1.3251ms)
✔ LpSequenceStore reservations — postgres(fake sql) (12.8939ms)
▶ LpSequenceStore landing resolver fence — postgres(fake sql)
  ✔ claims an exact ACTIVE snapshot, excludes generic workers, and restores before disposition (2.283ms)
  ✔ reclaims an expired HELD lease, fences the old owner, and terminalizes only after disposition (2.4044ms)
✔ LpSequenceStore landing resolver fence — postgres(fake sql) (4.9741ms)
▶ isTerminalLpSequence truth table
  ✔ completed and rolled-back are terminal regardless of recovery (0.3642ms)
  ✔ active is never terminal (0.4353ms)
  ✔ abandoning is never terminal (0.1553ms)
  ✔ held is terminal ONLY with no recovery owed (0.0884ms)
✔ isTerminalLpSequence truth table (1.3615ms)
▶ deriveLpSequenceProgress: joining caller-supplied journal outcomes
  ✔ advances past confirmed steps: all COMMITTED ⇒ record the next step (2.0146ms)
  ✔ an empty sequence advances at index 0 (0.186ms)
  ✔ holds on an UNKNOWN step — ambiguity never auto-replays (0.2533ms)
  ✔ holds on a step still PENDING or IN_PROGRESS (0.1436ms)
  ✔ holds on a MISSING journal row — the submit window is ambiguous (0.1173ms)
  ✔ reports a ROLLED_BACK step distinctly — the step provably did not land (0.1096ms)
  ✔ the FIRST non-confirmed step decides: an UNKNOWN before a rolled-back step holds (0.2123ms)
✔ deriveLpSequenceProgress: joining caller-supplied journal outcomes (3.3338ms)
▶ both backends answer identically (PHASE2 F3 regression shape)
  ✔ one-active enforcement, quota refusal and progress inputs agree across backends (3.1903ms)
✔ both backends answer identically (PHASE2 F3 regression shape) (3.3217ms)
✔ AUDIT A7: a legacy PostgreSQL inline_convert NULL decodes as false (2.7051ms)
▶ Postgres SQL literals: the non-terminal predicate is pinned (audit A9)
  ✔ the partial unique index DDL carries the predicate (1.5807ms)
  ✔ serializes the legacy state-constraint migration before inspecting it (1.6573ms)
  ✔ lpSequences.create names the predicate in its ON CONFLICT target (2.5751ms)
  ✔ nonTerminalByPosition filters by the predicate (1.7043ms)
  ✔ listNonTerminalWorker filters by the predicate (2.8871ms)
  ✔ the abandon claim is one SQL CAS with separate timestamp and bigint cutoffs (9.0135ms)
  ✔ disposition CAS predicates make release-before-start and completion-after-start exclusive (2.8997ms)
✔ Postgres SQL literals: the non-terminal predicate is pinned (audit A9) (23.8476ms)
▶ Postgres SQL literals: the note column's migration is pinned (PHASE3.1 Rev2 item 15)
  ✔ issues `alter table lp_sequences add column if not exists note text` at create (2.6102ms)
  ✔ issues both `lp_positions` ownership columns and the live-token index at create (PHASE3.4 M5/M6) (2.0591ms)
  ✔ selects and updates the note column by name — no `select *` anywhere (4.3704ms)
✔ Postgres SQL literals: the note column's migration is pinned (PHASE3.1 Rev2 item 15) (9.4544ms)
▶ Postgres SQL literals: the lpSettings upsert owner predicate is pinned (audit A9)
  ✔ the UPDATE arm carries the owner-match predicate (1.0533ms)
✔ Postgres SQL literals: the lpSettings upsert owner predicate is pinned (audit A9) (1.2195ms)
▶ PHASE3.4: the live-token index on BOTH backends (audit A3)
  ▶ memory
    ✔ createPosition throws LpTokenIdInUseError on a second live row (0.9406ms)
    ✔ updatePositionTokenId throws it too — the saga-hook site R1 is about (0.9596ms)
    ✔ a CLOSED row releases its claim, so a re-import succeeds (0.5865ms)
    ✔ a POSITION-ID collision is NOT reported as a token collision (0.8736ms)
    ✔ getPositionByTokenId is owner-AND-agent scoped and ignores closed rows (0.6115ms)
    ✔ setOwnershipMismatch round-trips, and zero clears everything (0.5949ms)
    ✔ a fresh row starts at zero mismatches (0.4372ms)
    ✔ basisSource defaults to owner-budget and honours an explicit 'imported' (0.3021ms)
    ✔ getAnyNonTerminalSequence answers the agent-scoped predicate (audit A5) (0.4664ms)
    ✔ a HELD sequence still owing a recovery is non-terminal here too (0.5439ms)
  ✔ memory (6.8982ms)
  ▶ postgres(fake sql)
    ✔ createPosition throws LpTokenIdInUseError on a second live row (9.1163ms)
    ✔ updatePositionTokenId throws it too — the saga-hook site R1 is about (1.0572ms)
    ✔ a CLOSED row releases its claim, so a re-import succeeds (0.7984ms)
    ✔ a POSITION-ID collision is NOT reported as a token collision (0.6241ms)
    ✔ getPositionByTokenId is owner-AND-agent scoped and ignores closed rows (0.984ms)
    ✔ setOwnershipMismatch round-trips, and zero clears everything (1.3331ms)
    ✔ a fresh row starts at zero mismatches (0.5302ms)
    ✔ basisSource defaults to owner-budget and honours an explicit 'imported' (0.5509ms)
    ✔ getAnyNonTerminalSequence answers the agent-scoped predicate (audit A5) (1.2732ms)
    ✔ a HELD sequence still owing a recovery is non-terminal here too (0.9219ms)
  ✔ postgres(fake sql) (17.6288ms)
✔ PHASE3.4: the live-token index on BOTH backends (audit A3) (24.6926ms)
▶ marketplace agent detail sanitized local-harness captures
  ✔ pins the owner projection without any transport credential (1.2409ms)
  ✔ pins the empty-arm LP availability and lower-bound note (1.0844ms)
✔ marketplace agent detail sanitized local-harness captures (3.4298ms)
▶ NonceStore — memory
  ✔ keeps one action-bound provision claim with stable timestamps (2.0756ms)
  ✔ serializes a held provision decision and persists terminal transitions (0.6882ms)
  ✔ keeps a failed materialization claim discoverable and prunes only after its full authority boundary (1.3953ms)
  ✔ consumes a nonce once: first true, second false (0.3376ms)
  ✔ resolves concurrent identical consumes to exactly one true (0.5823ms)
  ✔ scopes nonces by owner: same nonce string, different owners both win (0.8922ms)
  ✔ treats owner casing as the same scope (0.461ms)
  ✔ prunes expired nonces and leaves live ones (0.3633ms)
✔ NonceStore — memory (8.4664ms)
▶ NonceStore — postgres(fake)
  ✔ keeps one action-bound provision claim with stable timestamps (3.5697ms)
  ✔ serializes a held provision decision and persists terminal transitions (0.4962ms)
  ✔ keeps a failed materialization claim discoverable and prunes only after its full authority boundary (0.405ms)
  ✔ consumes a nonce once: first true, second false (0.2433ms)
  ✔ resolves concurrent identical consumes to exactly one true (0.3516ms)
  ✔ scopes nonces by owner: same nonce string, different owners both win (0.292ms)
  ✔ treats owner casing as the same scope (0.2094ms)
  ✔ prunes expired nonces and leaves live ones (0.2923ms)
✔ NonceStore — postgres(fake) (6.1646ms)
▶ ABI fragments
  ✔ carry at most one entry per function name (1.2299ms)
  ✔ does not carry the forbidden 2-arg sellToken or the recipient overloads (0.9868ms)
  ✔ pins the TokenManagerHelper3 read signatures to their on-chain selectors (1.3591ms)
  ✔ pins the flap Portal signatures to their on-chain selectors (0.7549ms)
  ✔ decodes getTokenV5 in the field order the chain returns (0.4793ms)
  ✔ declares every helper read as a view, so none can ever be submitted (0.1417ms)
  ✔ decodes the helper output tuples in the order the chain returns them (0.2413ms)
✔ ABI fragments (6.6497ms)
▶ buildApprove
  ✔ encodes approve(spender, amount) exactly (1.4368ms)
✔ buildApprove (1.6379ms)
▶ buildPancakeBuy
  ✔ encodes one payable swap with the caller's floor and our recipient (0.8561ms)
✔ buildPancakeBuy (1.084ms)
▶ buildPancakeSell
  ✔ is exactly [approve(0), approve(amount), swap] (4.3865ms)
  ✔ never encodes an infinite allowance (1.4385ms)
✔ buildPancakeSell (6.0932ms)
▶ pancake V2 with caller-supplied hops
  ✔ buys along [WBNB, ...hops, token] (1.2301ms)
  ✔ sells along the EXACT REVERSE of the buy path (0.9671ms)
  ✔ keeps the direct pair when no hops are supplied (1.6211ms)
✔ pancake V2 with caller-supplied hops (4.279ms)
▶ encodeV3Path
  ✔ packs token | uint24 fee | token, big-endian, 43 bytes for one pool (0.6072ms)
  ✔ packs two pools as 66 bytes, keeping each tier next to its own pool (0.6518ms)
  ✔ refuses a path with the wrong number of tiers (0.8297ms)
  ✔ bounds a route at MAX_ROUTE_HOPS hops and one tier per pool (0.3564ms)
✔ encodeV3Path (2.8329ms)
▶ buildPancakeV3Buy
  ✔ wraps exactInputSingle + refundETH in multicall(bytes[]), value = amountIn (2.0233ms)
  ✔ uses exactInput — never a 1-pool exactInput — once there is a hop (4.3584ms)
✔ buildPancakeV3Buy (7.2242ms)
▶ buildPancakeV3Sell
  ✔ is exactly [approve(0), approve(amount), multicall] and carries no value (1.1213ms)
  ✔ keeps the swap output in the ROUTER and unwraps to the wallet (8.7831ms)
  ✔ reverses the hops AND the fee tiers (2.1139ms)
  ✔ does not mutate the caller's route arrays (1.8395ms)
✔ buildPancakeV3Sell (14.1831ms)
▶ V3 slippage discipline
  ✔ puts minOutWei in amountOutMinimum on EVERY leg, and in the unwrap floor (12.1434ms)
  ✔ never encodes a non-zero sqrtPriceLimitX96 on exactInputSingle (0.8049ms)
  ✔ never encodes an infinite allowance (0.4674ms)
✔ V3 slippage discipline (13.5941ms)
▶ the Four.Meme fee arithmetic is gone
  ✔ no longer exists in src/ops/fourmeme.ts (4.8356ms)
✔ the Four.Meme fee arithmetic is gone (5.0602ms)
▶ buildFlapBuy
  ✔ is ONE call whose value equals inputAmount, native in (0.6212ms)
✔ buildFlapBuy (0.7405ms)
▶ buildFlapSell
  ✔ is approve(0), approve(amount), swap — with value 0 and empty permitData (0.3921ms)
  ✔ never emits permitData, on either side (0.3387ms)
✔ buildFlapSell (0.8313ms)
▶ buildFourMemeBuy
  ✔ encodes buyTokenAMAP(token, funds, minAmount) with the gross as value (0.363ms)
✔ buildFourMemeBuy (0.4742ms)
▶ buildFourMemeSell
  ✔ encodes the six-arg sellToken with the slippage floor (0.4437ms)
  ✔ puts minOutWei in the minFunds slot, not somewhere the chain ignores (0.203ms)
✔ buildFourMemeSell (0.7319ms)
▶ resolveVenues
  ✔ ships the verified mainnet defaults (3.8669ms)
  ✔ ships chain 97 EMPTY rather than guessing (0.4342ms)
  ✔ resolves the V3 venue only when BOTH the router and WBNB are present (1.1726ms)
  ✔ applies overrides and normalizes casing (0.6384ms)
  ✔ refuses a malformed, zero, or KeyStore override (1.0144ms)
✔ resolveVenues (10.2076ms)
▶ fee policies
  ✔ no-fee returns null for everything (3.2189ms)
  ✔ bps fee charges on top of the PRE-fee input (0.4003ms)
  ✔ charges nothing on a sell (1.1959ms)
  ✔ emits no call when the fee floors to zero (0.3091ms)
  ✔ refuses a rate above the 5% ceiling, or a non-integer one (0.4697ms)
✔ fee policies (6.4313ms)
▶ tradeSessionSpec
  ✔ grants each configured venue, and NO bare-selector approve (0.6045ms)
  ✔ emits an approve rule AND a spend cap for every token (1.209ms)
  ✔ defaults a token cap to the 2^160 gate on a rolling day (1.8432ms)
  ✔ honours a caller-supplied token limit and period (5.268ms)
  ✔ dedups the token list by lowercased address (0.7933ms)
  ✔ accepts an EMPTY token list — a buy-nothing agent, not a trap (0.2545ms)
  ✔ keeps native caps a LIST, so a day cap and a per-trade cap coexist (0.1994ms)
  ✔ refuses a TOKEN cap smuggled in through nativeCaps (0.2143ms)
  ✔ grants the treasury when a fee is configured, with no cap of its own (0.3764ms)
  ✔ clamps the expiry to 7 days (1.3614ms)
  ✔ CLAMPS rather than rejects, so an over-long request still hires (0.6888ms)
  ✔ leaves a shorter requested expiry alone, including exactly 7 days (0.2688ms)
  ✔ refuses an empty native cap list and a past expiry (1.9431ms)
  ✔ carries the corrected cap docstring in the module source (33.8381ms)
✔ tradeSessionSpec (49.7647ms)
▶ grantsTokenSell
  ✔ is true for a granted token and false for anything else (0.2776ms)
  ✔ matches regardless of checksum casing (0.048ms)
  ✔ never lets the NATIVE cap answer for a token (0.1056ms)
  ✔ is false for a spend limit with no approve rule — the half grant (0.0842ms)
  ✔ is false for an allowlist entry with no spend limit — the other half (0.0555ms)
✔ grantsTokenSell (0.6809ms)
▶ checkNativeCapSizing
  ✔ holds when the on-chain cap covers budget, fee and one exit (0.138ms)
  ✔ REFUSES when the on-chain cap merely equals the requirement (1.9759ms)
  ✔ names all four terms and the shortfall (0.4601ms)
  ✔ scales the reserve with the token count, and never below one exit (1.81ms)
✔ checkNativeCapSizing (4.6705ms)
▶ maxOffChainDailyCapWei
  ✔ returns the largest budget that satisfies the invariant (0.5215ms)
  ✔ returns null when the on-chain cap cannot even fund the exits (0.1402ms)
✔ maxOffChainDailyCapWei (0.8031ms)
▶ resolveExecuteRawEnabled
  ✔ defaults to false and only the exact string `true` enables it (0.209ms)
✔ resolveExecuteRawEnabled (0.2838ms)
▶ resolveTradeConfig
  ✔ returns the no-fee defaults on an empty environment (0.7527ms)
  ✔ builds a fee policy when both halves are set (0.8059ms)
  ✔ refuses half a fee configuration (0.4077ms)
  ✔ refuses a fee rate over the ceiling at boot (0.199ms)
  ✔ REFUSES TO START when the treasury is not in the session template (0.4726ms)
  ✔ caps SCAN_TTL_SEC at 900 (0.2212ms)
  ✔ caps MAX_SLIPPAGE_BPS at 2000 and refuses zero (0.3735ms)
  ✔ bounds TRADE_DEADLINE_SEC (0.2791ms)
  ✔ reads SCAN_REQUIRE_VERDICT as an explicit opt-in (0.1445ms)
  ✔ refuses a fee treasury that is the zero address or the KeyStore (0.2252ms)
  ✔ passes venue overrides through the same validation (0.4069ms)
  ✔ validates VENUE_PANCAKE_ROUTER_V3 exactly like the other venue overrides (0.2927ms)
  ✔ has no VENUE_FOURMEME_MANAGER override at all (0.2277ms)
  ✔ defaults MAX_VENUE_FEE_BPS to 300 and validates 1..1000 (0.2752ms)
✔ resolveTradeConfig (6.9378ms)
▶ buildLpExitSwap: golden calldata
  ✔ is [approve(0), approve(exact), multicall([exactInputSingle(recipient = ROUTER), unwrapWETH9])] with NO value (5.2678ms)
  ✔ writes the router's own address as the swap recipient — never address(0), never the wallet (1.2248ms)
  ✔ carries minOutWei on BOTH legs, and the unwrap floor is the WEAKER one (PHASE2.2 R5) (0.5728ms)
  ✔ is BYTE-IDENTICAL to buildPancakeV3Sell for the same inputs — the anti-drift pin (Rev2 item 3) (1.1999ms)
  ✔ is NOT buildLpSweepSwap's batch — that one writes recipient = wallet and cannot unwrap (Rev2 item 1) (1.354ms)
  ✔ is SINGLE-HOP in the position's own pool, always — no exactInput, no route choice (Rev2 item 4) (1.858ms)
✔ buildLpExitSwap: golden calldata (13.1392ms)
▶ buildLpExitSwap: the non-WBNB quote branch
  ✔ LOSES the unwrap rather than emitting a wrong one when quoteToken is not WBNB (Rev2 item 5) (0.7873ms)
✔ buildLpExitSwap: the non-WBNB quote branch (0.9748ms)
▶ buildLpExitSwap: the guard set
  ✔ refuses identical legs, non-positive amounts, a ZERO FLOOR, unknown fee tiers, bad deadlines, and the zero recipient (1.0139ms)
✔ buildLpExitSwap: the guard set (1.2645ms)
▶ buildLpSweepSwap
  ✔ is exactly [approve(0), approve(exact), multicall([exactInputSingle])], recipient = wallet, NO value (3.5282ms)
  ✔ encodes the reverse direction (TOKEN → WBNB) with the approves on TOKEN (0.7751ms)
  ✔ refuses identical legs, non-positive amounts, a ZERO FLOOR, bad fee tiers, bad deadlines, and the zero recipient (0.6555ms)
✔ buildLpSweepSwap (6.0262ms)
▶ NONFUNGIBLE_POSITION_MANAGER_ABI
  ✔ pins every entry to its bytecode-verified selector, one entry per name (2.3054ms)
  ✔ cannot encode the Multicall or NFT-authority surface at all (0.2996ms)
  ✔ pins the NFPM_56 constant to the verified deployment (0.1949ms)
✔ NONFUNGIBLE_POSITION_MANAGER_ABI (3.9619ms)
▶ buildLpOpenBatch
  ✔ is exactly [mint{value}, refundETH], value = the WBNB leg's desired (2.1911ms)
  ✔ takes the value from leg 0 when WBNB sorts as token0 (0.5808ms)
  ✔ refuses a zero-WBNB-leg open, unsorted or identical legs, and a non-WBNB pool (0.7113ms)
  ✔ refuses negative amounts, missing floors, floors on empty legs, and bad ticks (0.4741ms)
✔ buildLpOpenBatch (4.3252ms)
▶ buildLpZapOutBatch (protect: unwrap to native)
  ✔ is [decrease, collect(recipient = THE NFPM), unwrap(wallet), sweep(wallet)] (1.6707ms)
  ✔ routes the per-leg floors correctly when WBNB sorts as token0 (0.5463ms)
  ✔ allows ONE zero floor (out-of-range positions hold one leg), never both (0.5375ms)
  ✔ refuses zero/negative/oversized liquidity, tokenId 0, and a zero wallet (0.2807ms)
✔ buildLpZapOutBatch (protect: unwrap to native) (3.3426ms)
▶ buildLpZapOutKeepWbnbBatch (rotate: WBNB stays WBNB)
  ✔ is exactly [decrease, collect(recipient = wallet)] — no unwrap, no sweep (0.4481ms)
✔ buildLpZapOutKeepWbnbBatch (rotate: WBNB stays WBNB) (0.5371ms)
▶ buildLpIncreaseBatch
  ✔ is [approve(WBNB, nfpm, exact), approve(TOKEN, nfpm, exact), increaseLiquidity] (0.5085ms)
  ✔ never encodes an infinite allowance (0.5352ms)
  ✔ refuses both-legs-zero, missing floors, and tokenId 0 (0.2692ms)
✔ buildLpIncreaseBatch (1.4619ms)
▶ buildLpMintWbnbBatch (rotate's re-mint)
  ✔ is [approve(WBNB), approve(TOKEN), mint] with NO value and NO refundETH (0.5661ms)
  ✔ keeps the batch shape on a single-sided re-mint (zero approve, no skip) (0.358ms)
  ✔ refuses a mint where both legs deposit nothing (0.1406ms)
✔ buildLpMintWbnbBatch (rotate's re-mint) (1.2803ms)
▶ buildCollectToWallet (harvest's collect-fees step)
  ✔ is exactly ONE collect(tokenId, recipient = wallet, max, max) with no value (0.2508ms)
  ✔ refuses tokenId 0 and the zero-address wallet (the keep-here sentinel) (0.1367ms)
✔ buildCollectToWallet (harvest's collect-fees step) (0.4846ms)
▶ buildBurn
  ✔ encodes burn(tokenId) standalone with no value (0.2335ms)
  ✔ refuses tokenId 0 and negatives (0.1736ms)
✔ buildBurn (0.4857ms)
▶ cross-builder invariants (PHASE3 Rev2 items 3 and 14)
  ✔ no builder attaches value except buildLpOpenBatch's mint (1.0511ms)
  ✔ no builder ever emits NFPM multicall or the NFT-authority selectors (0.9414ms)
  ✔ every NFPM call a builder emits is one of the eight granted selectors (6.4371ms)
✔ cross-builder invariants (PHASE3 Rev2 items 3 and 14) (8.6601ms)
▶ verifyOwnerAction — happy path
  ✔ recovers the owner and returns action + agentId (16.1064ms)
✔ verifyOwnerAction — happy path (17.9226ms)
▶ verifyOwnerAction — paramsHash binding
  ✔ accepts the real params and rejects a swap (grant spec swap) (17.2107ms)
  ✔ accepts the real params and rejects a swap (recover to swap) (7.6435ms)
  ✔ accepts the real params and rejects a swap (changeBudget amount swap) (7.4521ms)
✔ verifyOwnerAction — paramsHash binding (32.7558ms)
▶ verifyOwnerAction — replay classes
  ✔ rejects a cross-agent replay (5.5004ms)
  ✔ rejects a cross-action replay (16.0525ms)
  ✔ rejects a cross-chain signature (different domain chainId) (10.0624ms)
  ✔ rejects a cross-environment signature (different salt) (6.7781ms)
  ✔ rejects when the declared owner is not the recovered signer (11.0074ms)
✔ verifyOwnerAction — replay classes (50.1041ms)
▶ verifyOwnerAction — freshness window
  ✔ rejects an expired signature (9.3809ms)
  ✔ rejects an issuedAt too far in the future (beyond skew) (9.0363ms)
  ✔ rejects a signed window longer than the maximum (300s) (10.6508ms)
  ✔ accepts a signature within skew of issuedAt (6.1238ms)
✔ verifyOwnerAction — freshness window (35.7031ms)
▶ authorizeOwnerAction — nonce ordering
  ✔ does not consume the nonce when a crypto check fails (13.3741ms)
  ✔ rejects a replay of an already-consumed nonce (9.433ms)
✔ authorizeOwnerAction — nonce ordering (23.005ms)
▶ buildOwnerActionDomain
  ✔ produces a domain whose signatures verifyOwnerAction accepts (20.8663ms)
  ✔ is the same function re-exported from the package entry point (0.2495ms)
  ✔ carries the name, version and salt, and no verifyingContract (0.9892ms)
  ✔ rejects a hand-assembled domain that drifts by one field (5.9474ms)
  ✔ separates environments through the salt at the same chain id (12.1803ms)
✔ buildOwnerActionDomain (41.944ms)
▶ read is the only non-mutating owner action
  ✔ classifies actions correctly (0.2312ms)
✔ read is the only non-mutating owner action (0.3655ms)
▶ nonce store composite key
  ✔ contains no NUL byte in its source, so the file stays text (0.5489ms)
  ✔ keeps distinct (owner, nonce) pairs distinct (0.6341ms)
  ✔ cannot be collided through the separator (0.2054ms)
✔ nonce store composite key (1.6674ms)
▶ AgentRecord.ownerAddress is a normalized Address
  ✔ normalizes on write and hands the kill switch an Address with no cast (1.4674ms)
  ✔ no longer contains the cast the audit flagged (3.3537ms)
✔ AgentRecord.ownerAddress is a normalized Address (4.9964ms)
▶ getAgentById — the one unscoped read
  ✔ finds an agent without an owner, and still hides the session key (1.0712ms)
  ✔ returns null for an unknown id (0.1695ms)
✔ getAgentById — the one unscoped read (1.5482ms)
▶ journal.getByDecision
  ✔ finds the row a decision already bound, whatever its calls hash (1.7491ms)
  ✔ ignores non-execute rows sharing an agent (1.1714ms)
✔ journal.getByDecision (3.1543ms)
▶ passkey owner auth — the path that must work
  ✔ verifies a real assertion and derives the owner from the carried key (20.331ms)
  ✔ t11 — runs end to end through authorizeOwnerAction, consuming the nonce once (28.61ms)
  ✔ accepts an ED-flagged assertion longer than 37 bytes (8.5025ms)
  ✔ accepts a device-bound (BE=0) credential as well as a synced one (5.1032ms)
✔ passkey owner auth — the path that must work (64.3885ms)
▶ owner-address derivation
  ✔ GOLDEN VECTOR — changing this orphans every provisioned passkey agent (0.4131ms)
  ✔ returns an EIP-55 checksummed address the agent store will accept (0.2235ms)
  ✔ is domain-separated from the secp256k1 derivation of the same key (0.404ms)
  ✔ refuses coordinates that are not exactly 32 bytes (0.5758ms)
✔ owner-address derivation (2.1996ms)
▶ clientDataJSON checks
  ✔ t1 — refuses an origin that is not in the allowlist (4.811ms)
  ✔ t1b — refuses an origin that merely CONTAINS an allowlisted one (9.7474ms)
  ✔ t4 — refuses an attestation (type webauthn.create) (4.0442ms)
  ✔ t5 — refuses crossOrigin: true and any present topOrigin (8.605ms)
  ✔ accepts crossOrigin: false and an absent crossOrigin alike (5.6879ms)
  ✔ t16 — refuses clientDataJSON that parses to something other than an object (13.6414ms)
  ✔ t16 — refuses clientDataJSON that is not valid JSON at all (7.9027ms)
  ✔ t16 — a duplicate key resolves LAST-WINS, pinned as a decision (10.7404ms)
✔ clientDataJSON checks (66.3035ms)
▶ challenge binding
  ✔ t3 — an assertion made for one action does not authorize another (3.5337ms)
  ✔ t12 — an assertion made under a different chainId is refused (5.5358ms)
  ✔ t12 — an assertion made under a different environment salt is refused (5.0853ms)
  ✔ t20 — accepts a PADDED challenge and refuses a 31- or 33-byte decode (9.0494ms)
  ✔ t20 — refuses a challenge spelled in the standard base64 alphabet (3.9903ms)
  ✔ strict base64url decoding rejects what Buffer would silently accept (1.4279ms)
✔ challenge binding (29.2351ms)
▶ authenticatorData checks
  ✔ t2 — refuses an assertion made at a different RP ID (5.9808ms)
  ✔ t6 — refuses a UV-clear assertion while UV is required (8.6884ms)
  ✔ t6 — accepts the same assertion when UV is not required (4.5388ms)
  ✔ t17 — refuses UP clear even when UV is set (5.7242ms)
  ✔ t17 — refuses the AT flag, the byte-level counterpart of webauthn.create (4.2948ms)
  ✔ t17 — refuses BE=0 with BS=1 (6.1478ms)
  ✔ t17 — refuses a longer-than-37-byte blob with ED clear (2.9769ms)
  ✔ refuses a truncated authenticatorData (5.0713ms)
✔ authenticatorData checks (44.4824ms)
▶ key import and signature validation
  ✔ t13 — refuses an off-curve point, (0,0), and an out-of-range x (26.3426ms)
  ✔ t13 — the pinned importKey call is what does that validation (1.108ms)
  ✔ t14 — refuses r = 0 and s >= n (the OpenSSL property this relies on) (15.2022ms)
  ✔ t7 — a victim's public key with an attacker's signature fails the verify (7.6703ms)
  ✔ t7 — an attacker's key under a victim's declared owner fails the owner match (7.1096ms)
✔ key import and signature validation (58.1375ms)
▶ envelope canonicality
  ✔ t15 — refuses trailing bytes appended to a valid envelope (6.8816ms)
  ✔ t15 — refuses two dynamic heads aliased onto one tail (0.6312ms)
  ✔ t15 — refuses a non-minimal offset (0.2482ms)
  ✔ t8 — refuses oversized tails at the decoder, unreachable though they are over HTTP (0.8059ms)
  ✔ round-trips a real envelope through encode and decode (3.7952ms)
✔ envelope canonicality (12.822ms)
▶ dispatch between the two backends
  ✔ t8/R10 — the minimum valid envelope encoding is 256 bytes, never 65 (0.2509ms)
  ✔ R10 — the secp256k1 path itself refuses 64- and 66-byte signatures (4.867ms)
  ✔ R10 — 65 bytes goes to secp256k1; anything else goes to the WebAuthn branch (2.6665ms)
  ✔ t10 — with passkeys disabled a VALID assertion is refused and secp still verifies (9.8ms)
  ✔ a non-decoding blob is refused by the WebAuthn branch (1.4828ms)
✔ dispatch between the two backends (19.5278ms)
▶ accepted residuals
  ✔ t9 — a flipped-s assertion of a MUTATING action replays into a consumed nonce (22.0396ms)
  ✔ t9 — a flipped-s READ is a second valid read envelope, accepted by decision (15.7165ms)
✔ accepted residuals (38.0619ms)
▶ structural invariants
  ✔ the verifier never reaches the client-side ASN.1 helpers (1.3797ms)
  ✔ derToP1363 converts an authenticator's DER output to fixed halves (0.7307ms)
  ✔ the challenge and owner tags are versioned (0.7855ms)
✔ structural invariants (3.2061ms)
▶ resolvePasskeyConfig — the tri-state
  ✔ defaults to DISABLED, so a deployment that never heard of passkeys is 1b (2.891ms)
  ✔ treats an explicit false as disabled (0.2464ms)
  ✔ REFUSES a truthy-looking typo instead of silently disabling (0.8094ms)
  ✔ resolves a complete configuration (0.4693ms)
✔ resolvePasskeyConfig — the tri-state (5.5799ms)
▶ resolvePasskeyConfig — the RP ID
  ✔ is required when enabled (0.3216ms)
  ✔ must be a bare registrable domain (0.3256ms)
  ✔ is lowercased, matching what a browser hashes (0.2221ms)
  ✔ must be a suffix of every origin's host (0.2525ms)
  ✔ accepts a subdomain origin under the same RP ID (0.1581ms)
✔ resolvePasskeyConfig — the RP ID (1.6506ms)
▶ resolvePasskeyConfig — the origin allowlist
  ✔ is required when enabled (0.3609ms)
  ✔ refuses anything that is not a SERIALIZED origin (0.4579ms)
  ✔ refuses a wildcard rather than fail-closed silently (0.2108ms)
  ✔ accepts at most 4 entries (0.2087ms)
  ✔ requires https, with loopback the only exception and only behind the flag (0.3104ms)
✔ resolvePasskeyConfig — the origin allowlist (1.7675ms)
▶ resolvePasskeyConfig — user verification
  ✔ defaults to REQUIRED — this is a custody surface, not a login form (0.1998ms)
  ✔ can be switched off explicitly (0.0846ms)
  ✔ refuses a typo rather than quietly downgrading custody (0.1014ms)
✔ resolvePasskeyConfig — user verification (0.492ms)
▶ PHASE3.25 client signed-pair plumbing
  ✔ reproduces stored key presence, including legacy absence and explicit zero (2.64ms)
  ✔ keeps --shifts-day and round-trips both decimal-BNB flags (0.7658ms)
  ✔ requires both flags when widening a legacy block (0.5429ms)
  ✔ pins final T10 on stdout's transcript value (0.4069ms)
  ✔ pins final T9 and T11 rendered bytes (0.37ms)
  ✔ pins T9/T10/T11 to their required stderr/stdout/stderr producers (16.2235ms)
✔ PHASE3.25 client signed-pair plumbing (23.0143ms)
▶ PHASE3.25 R10.1: projected bigint error metadata
  ✔ projects shortfallWei and cannot copy a caller variable's sibling (34.691ms)
  ✔ fails closed on a negative or over-120-digit value (1.5555ms)
  ✔ has no metadata producer outside the sizing-shortfall wrapper (17.224ms)
✔ PHASE3.25 R10.1: projected bigint error metadata (54.9634ms)
▶ PHASE3.25 R7.1: T12 is measured with the real sanitizer
  ✔ pins unsanitized and sanitized output at 20 digits (0.5216ms)
  ✔ pins unsanitized and sanitized output at the 78-digit wire maximum (0.2598ms)
✔ PHASE3.25 R7.1: T12 is measured with the real sanitizer (1.0038ms)
▶ PHASE3.25 R6.1: one shift sizing term serves all route seams
  ✔ pins ceil capacity, signed settlement clamp, and total clamp (1.027ms)
✔ PHASE3.25 R6.1: one shift sizing term serves all route seams (1.1676ms)
✔ PHASE3.25 R5.7: real Postgres serializes cross-versus-drift spacing (10091.1502ms)
▶ Phase 3.10 live-shaped ranked route
  ✔ filters token/WBNB before the local cap and records the honest receipt (76.3499ms)
  ✔ refuses incomplete coverage before any pool-state RPC (13.1407ms)
  ✔ refuses a stale lane and all-stale matching rows before chain gates (21.2165ms)
  ✔ drops a future row and reaches NO_SURVIVORS without a pool-state RPC (8.5878ms)
  ✔ binds ranked identity before poolState and normalizes the factory address (23.2426ms)
  ✔ uses carried Pancake APR for the owner floor, never the old gross formula (9.0589ms)
  ✔ refuses non-canonical discovery only for best-apr; explicit opens remain valid (27.2155ms)
✔ Phase 3.10 live-shaped ranked route (180.4758ms)
▶ PHASE3.24 close contracts
  ✔ C2 normalizes omitted/false inlineConvert to false and accepts signed true (1.6885ms)
  ✔ AUDIT A4 derives every ambiguity door from the capabilities that implement it (0.2485ms)
  ✔ AUDIT A2 dispatches pause before the authoritative read and serializes exit posts (11.3965ms)
  ✔ AUDIT A2 refuses missing --yes-live before any POST (0.7573ms)
  ✔ AUDIT A2 stops at the first failed exit and sets a non-zero exit code (0.3449ms)
  ✔ AUDIT A2 rerun skips positions the store now reports closed (0.2499ms)
  ✔ AUDIT A5 bases blocker advice on settled, UNKNOWN, and active journal evidence (0.6692ms)
  ✔ C5 and AUDIT A3 pin the truthful product and residual-balance sentences verbatim (0.9923ms)
  ✔ C2 migration is guarded and additive (1.4683ms)
✔ PHASE3.24 close contracts (19.3142ms)
[server] unhandled_error: position write failed after journal advance (injected)
[server] unhandled_error: sequence write failed after journal advance (injected)
▶ PHASE3.9 audit regressions
  ✔ N2 window 1: a failed position close leaves the sequence non-terminal and re-signs without a chain reread (94.0748ms)
  ✔ N2 window 2 and N3: a failed terminal latch leaves the position closed and re-enters as the same advance record (21.6119ms)
  ✔ N3/A4: funded evidence persists and reports the same inferred abandon (9.4696ms)
  ✔ N1: absent finalized seam refuses even when ordinary blockNumber works (8.8851ms)
  ✔ N1: throws finalized seam refuses even when ordinary blockNumber works (9.7612ms)
✔ PHASE3.9 audit regressions (145.6252ms)
▶ lpSessionSpec: the NFPM grant shape (Rev2 items 3-4)
  ✔ grants EXACTLY the enumerated selector set on the NFPM, nothing else (8.4726ms)
  ✔ never grants the NFPM target-only (2.7864ms)
  ✔ grants no approve/setApprovalForAll/safeTransferFrom/transferFrom on the NFPM, and no multicall anywhere (1.4031ms)
✔ lpSessionSpec: the NFPM grant shape (Rev2 items 3-4) (19.0892ms)
▶ lpSessionSpec: router, approves, treasury, caps
  ✔ grants the V3 router target-only, exactly as tradeSessionSpec's venue rule (1.2542ms)
  ✔ grants target-bound approve AND a matching cap for BOTH legs (open => exitable) (1.2466ms)
  ✔ respects caller-set per-leg cap limits and periods (0.6515ms)
  ✔ grants the treasury target-only even though LP is fee-free in v1 (Rev2 item 30) (2.4083ms)
  ✔ emits a spec validateSessionSpec accepts, with every value-mover capped (1.5611ms)
  ✔ carries the native caps verbatim (1.0466ms)
✔ lpSessionSpec: router, approves, treasury, caps (8.638ms)
▶ lpSessionSpec: refusals and the expiry clamp
  ✔ clamps the expiry to the 7-day LP ceiling (0.8623ms)
  ✔ refuses an empty native cap list and a token smuggled into nativeCaps (0.6174ms)
  ✔ refuses any role collision — identical legs, NFPM-as-anything, treasury-as-leg (0.2671ms)
  ✔ refuses an expiry already in the past (the clamp cannot fix that) (0.1229ms)
✔ lpSessionSpec: refusals and the expiry clamp (2.0786ms)
▶ checkLpNativeCapSizing
  ✔ pins MAX_SUBMISSIONS_PER_SEQUENCE to the rotate plan's length (3) (1.0978ms)
  ✔ pins PROTECT_SUBMISSIONS_PER_POSITION to the exit plan's length (2) (0.2228ms)
  ✔ an agent that PASSED under Phase 3's one-submission exit is refused now (Rev2 item 19) (0.5197ms)
  ✔ passes when the cap strictly exceeds open + fee + N×3×perSubmit (0.7798ms)
  ✔ refuses at exact equality — the inequality is strict (0.2424ms)
  ✔ derives N from maxExitSequencesPerDay — harvest shares the quota, no separate allowance (0.1878ms)
  ✔ lets --expected-sequences-day RAISE N above the derived floor (0.1521ms)
  ✔ REFUSES --expected-sequences-day below the derived floor (raise-only, never silently ignored) (0.177ms)
  ✔ counts the fee term on the open budget (0.1676ms)
  ✔ scales with an overridden per-submission constant (0.2204ms)
  ✔ refuses malformed inputs instead of sizing on them (0.1998ms)
  ✔ a zero-open-budget sizing still reserves saga gas (0.1572ms)
  ✔ reserves quota-exempt protect gas even when the N term is fully covered (audit A3) (0.2928ms)
  ✔ openPositionsCount scales the protect term: more open positions demand more headroom (0.1685ms)
  ✔ openPositionsCount floors at 1 — provisioning before any open still reserves one exit (0.3914ms)
  ✔ refuses a malformed openPositionsCount instead of sizing on it (0.1759ms)
✔ checkLpNativeCapSizing (6.7657ms)
▶ resolveLpRelayFeePerSubmitWei
  ✔ defaults to the 0.0001 BNB placeholder when unset or blank (0.1989ms)
  ✔ reads a valid override (0.1036ms)
  ✔ throws on malformed values — a defaulted rail is a rail that stopped existing (0.5251ms)
✔ resolveLpRelayFeePerSubmitWei (1.0188ms)
▶ readFourMemeQuote: the buy read
  ✔ decodes getTokenInfo and tryBuy, surfacing amountMsgValue (7.4966ms)
  ✔ makes exactly two calls, both to the PINNED helper (1.3706ms)
  ✔ calls tryBuy with amount = 0 and funds = amountWei (1.1553ms)
  ✔ uses whichever helper address was pinned, and only that one (1.002ms)
✔ readFourMemeQuote: the buy read (12.3525ms)
▶ readFourMemeQuote: the sell read
  ✔ decodes getTokenInfo and trySell (1.2776ms)
✔ readFourMemeQuote: the sell read (1.484ms)
▶ readFourMemeQuote: what getTokenInfo is authoritative for
  ✔ passes the version through as a number (1.4107ms)
  ✔ passes the graduation flag through (0.8621ms)
  ✔ reports a non-native quote currency as an address, not as null (0.7817ms)
  ✔ normalizes the zero quote address to null (1.2482ms)
  ✔ returns the all-zero non-token record rather than inventing a failure (0.9326ms)
✔ readFourMemeQuote: what getTokenInfo is authoritative for (5.6024ms)
▶ readFourMemeQuote: fails closed
  ✔ throws a typed error when the RPC call fails (4.0219ms)
  ✔ throws when the endpoint serves the WRONG CHAIN (0.4792ms)
  ✔ throws when NO helper is pinned (0.3368ms)
  ✔ throws when tryBuy names a DIFFERENT manager than getTokenInfo (1.1912ms)
  ✔ throws when trySell names a DIFFERENT manager than getTokenInfo (0.7768ms)
  ✔ throws when the two reads disagree about the quote currency (0.6682ms)
  ✔ throws when getTokenInfo says quote-token and tryBuy says native (0.6512ms)
  ✔ does not cache a failed connection (0.7195ms)
✔ readFourMemeQuote: fails closed (9.2114ms)
▶ readFlapTokenState
  ✔ decodes TokenStateV5 in the chain's field order (1.2605ms)
  ✔ surfaces an ERC-20 quote token rather than flattening it to null (0.7923ms)
  ✔ throws a sanitized typed error when the Portal reverts (1.3618ms)
  ✔ refuses when no Portal is pinned, rather than calling 0x0 (0.2558ms)
✔ readFlapTokenState (3.8688ms)
▶ AltanaProvider.nativeDayMeter
  ✔ reports currentSpent, NOT spent (REVIEW M2) (12.1271ms)
  ✔ selects the DAY row by PERIOD even when a minute row comes first (2.7661ms)
  ✔ REFUSES rather than choosing when the account reports two day rows (7.0112ms)
  ✔ distinguishes a native grant at another period from NO native grant (AUDIT A6) (5.5719ms)
  ✔ counts only the tokens this key can actually SELL (1.3185ms)
  ✔ counts a token grant at ANY period, not only the day (4.6695ms)
  ✔ counts DISTINCT TOKENS, not spendInfos rows (AUDIT A7) (1.4062ms)
  ✔ REJECTS on a node that never answers, as a transport failure (AUDIT A4) (28.2074ms)
  ✔ bounds the CONNECT leg too, not just the read (FIXREVIEW2 G4) (30.1505ms)
  ✔ a failed read never carries a POLICY class (FIXREVIEW F4) (1101.0113ms)
  ✔ classifies a failed read through mapProviderError (AUDIT A3) (3.3142ms)
✔ AltanaProvider.nativeDayMeter (1199.8712ms)
▶ mapProviderError on realistic relay payloads
  ✔ does not read the request body's 'expiry' as an expired session (3.0312ms)
  ✔ does not read the request body's 'spend' fields as a cap rejection (0.8757ms)
  ✔ keeps the revert reason that sits AFTER the stripped request body (0.3063ms)
  ✔ classifies a real ExceededSpendLimit revert, reason intact (0.232ms)
  ✔ classifies an undecoded revert by its 4-byte selector (0.1643ms)
  ✔ finds a selector on a nested cause, not just the top message (0.2042ms)
  ✔ does not match a selector buried inside calldata (1.2302ms)
  ✔ files an HTTP 401 as infrastructure, not as a policy rejection (0.2877ms)
  ✔ files an HTTP 429 as infrastructure (0.389ms)
  ✔ files a 503 as infrastructure (0.3413ms)
  ✔ files a relay internal error as infrastructure (0.1872ms)
  ✔ still prefers a revert selector over an infrastructure-looking wrapper (0.3027ms)
  ✔ classifies a genuine KeyExpired revert as an expired session (0.283ms)
  ✔ never leaks calldata or endpoints out of a classified error (4.9769ms)
✔ mapProviderError on realistic relay payloads (14.7233ms)
▶ restoreSession
  ✔ rebuilds a session byte-exact from persisted facts, no network (3.0572ms)
✔ restoreSession (4.1568ms)
▶ executeViaSession submit timeout
  ✔ gives up on a relay that never answers, and says the outcome is UNKNOWN (37.2955ms)
  ✔ does not fire for a relay that answers inside the ceiling (14.4002ms)
✔ executeViaSession submit timeout (52.4868ms)
▶ executeViaSession failureCode
  ✔ classifies an over-cap FAILED body as CAP_EXCEEDED (1.6496ms)
  ✔ classifies an off-allowlist FAILED body as NOT_ALLOWED (0.7833ms)
  ✔ classifies a relay-outage FAILED body as INFRASTRUCTURE_ERROR (0.9565ms)
✔ executeViaSession failureCode (3.6883ms)
▶ awaitExecution
  ✔ maps a confirmed relay status, carrying the tx hash (1.5135ms)
  ✔ maps a failed relay status (0.291ms)
  ✔ polls past a pending status until it confirms (2.5878ms)
  ✔ returns PENDING rather than hanging when the relay never resolves (22.9187ms)
✔ awaitExecution (28.1099ms)
▶ isSessionActive
  ✔ is false for an expired session without any network read (0.4612ms)
  ✔ is true when registered and not expired (4.6192ms)
  ✔ is false when the key is not registered (0.9187ms)
✔ isSessionActive (6.2195ms)
▶ getTokenBalance
  ✔ reads ERC-20 balanceOf for the wallet (1.0405ms)
✔ getTokenBalance (1.1713ms)
▶ ownerRevokeSession
  ✔ returns the read-back revoked verdict and every receipt (18.0763ms)
  ✔ reports revoked=false when the key survives, ignoring receipt success (10.2845ms)
✔ ownerRevokeSession (28.716ms)
▶ ownerRecoverTokens
  ✔ refuses clearly until Phase 2 rather than silently no-oping (0.3871ms)
✔ ownerRecoverTokens (0.4852ms)
▶ createProviderRegistry
  ✔ resolves the provider for a configured chain (0.5488ms)
  ✔ throws for an unconfigured chain (0.2077ms)
  ✔ rejects duplicate chain entries (0.117ms)
✔ createProviderRegistry (1.0068ms)
▶ provisioning convergence
  ✔ loses a stale arm after cancellation and replacement even when complete grant evidence arrives late (23.6496ms)
  ✔ persists the exact S1 Trading settings before arm and refuses a conflicting first write (3.692ms)
  ✔ arms exact evidence through one CAS and retains the immutable hire sizing (2.0476ms)
  ✔ never arms a cancel-requested row, reports revoke calls, and only expiry clears the key (1.6581ms)
  ✔ reads evidence once and never arms each over-grant, mismatch, or unreadable case (8.6469ms)
✔ provisioning convergence (42.7546ms)
▶ bounded provisioning worker
  ✔ processes at most 32 in one pass and reaches later ids on the next pass (46.2795ms)
  ✔ isolates one unreadable row from the rest (1.4416ms)
  ✔ stops at expiry without making an evidence request (0.584ms)
✔ bounded provisioning worker (48.703ms)
✔ Railway role vectors and clean-exec raw marker refusal are closed (2.2925ms)
✔ R3.5 Railway routing matrix is exhaustive and every refusal is pre-write (0.3929ms)
✔ Railway role builder emits four deterministic no-source-map bundles (2092.843ms)
✔ refused clean-exec bootstrap never evaluates an adversarial payload (946.408ms)
✔ Railway application inventory separates package-owned docs from exact project paths (436.6026ms)
✔ Railway dependency namespace rejects symlinked node_modules and arbitrary .bin files (63.9071ms)
✔ Railway evidence keeps health, public exposure, overlap and billing cron fail closed (2.8566ms)
✔ Docker and C launcher pin the Railway security boundary (13.8274ms)
✔ offline Railway build-context tar contains every COPY source and no forbidden tree (503.8609ms)
✔ reviewed helper provenance is pinned byte-for-byte, not sampled (1.4114ms)
✔ OCI layout derives manifest/config/layer/rootfs identity and applies whiteouts (117.3202ms)
✔ OCI production inspector requires nonempty marker input before artifact access (0.616ms)
✔ official two-blob base provenance derives the pinned five-layer chain (4.9866ms)
✔ official base provenance refuses raw-blob mutation and exact-census drift (214.5447ms)
✔ offline ingestion reproduces the official base provenance bytes (264.8334ms)
✔ base provenance ingestion is offline, exact-census and removes invalid output (278.3344ms)
✔ production OCI CLI succeeds deterministically and byte-matches the checked-in v2 evidence (1004.272ms)
✔ checked-in v2 evidence refuses schema and exact key-order mutants (0.9888ms)
▶ actual production CLI input mutants reach their named ancestry and filesystem gates
  ✔ compressed descriptor prefix reorder (736.8323ms)
  ✔ compressed descriptor prefix truncate (337.7474ms)
  ✔ compressed descriptor prefix wrong count (311.9465ms)
  ✔ diff-ID prefix reorder (409.86ms)
  ✔ diff-ID prefix truncate (323.2456ms)
  ✔ diff-ID prefix wrong count (289.2594ms)
  ✔ candidate prefix-layer blob mutation (290.923ms)
  ✔ release marker (697.0266ms)
  ✔ node_modules symlink (884.2116ms)
  ✔ regular .bin entry (827.6053ms)
  ✔ undeclared dependency (638.7611ms)
  ✔ inventory drift (582.3113ms)
  ✔ forged expected label cannot rescue bad ancestry (435.4693ms)
✔ actual production CLI input mutants reach their named ancestry and filesystem gates (6768.6536ms)
✔ direct prefix comparator isolates compressed descriptor reorder, truncate and wrong count (0.6592ms)
✔ direct prefix comparator isolates diff-ID reorder, truncate and wrong count (0.3713ms)
✔ absent and forged candidate labels have zero authority over accepted evidence (660.746ms)
✔ synthetic trust hook is literal, test-only, unshipped and unreachable from production (10.8429ms)
▶ PHASE3.7 F1: reconcile never opines on a row that is still being written
  ▶ memory
    ✔ DEFAULT (no minRowAgeMs at all) skips a 2s-old PENDING row — the ap-1 reproduction (2.6844ms)
    ✔ the SAME row one tick past the guard is resolved normally (0.9595ms)
    ✔ AUDIT A11: the boundary is NORMATIVE — exactly at the guard is OLD ENOUGH (0.4938ms)
    ✔ AUDIT A9: a malformed minRowAgeMs is REFUSED, never silently disabling (0.7594ms)
    ✔ the guard tracks updatedAt, not createdAt: progress resets the clock (0.4019ms)
    ✔ minRowAgeMs: 0 DISABLES the guard rather than setting a zero threshold (0.3772ms)
    ✔ skippedYoung is reported even when the pass does nothing else (0.4689ms)
  ✔ memory (7.4988ms)
  ▶ postgres(fake sql)
    ✔ DEFAULT (no minRowAgeMs at all) skips a 2s-old PENDING row — the ap-1 reproduction (4.9117ms)
    ✔ the SAME row one tick past the guard is resolved normally (1.1898ms)
    ✔ AUDIT A11: the boundary is NORMATIVE — exactly at the guard is OLD ENOUGH (1.6585ms)
    ✔ AUDIT A9: a malformed minRowAgeMs is REFUSED, never silently disabling (0.5081ms)
    ✔ the guard tracks updatedAt, not createdAt: progress resets the clock (0.8005ms)
    ✔ minRowAgeMs: 0 DISABLES the guard rather than setting a zero threshold (0.7507ms)
    ✔ skippedYoung is reported even when the pass does nothing else (0.7484ms)
  ✔ postgres(fake sql) (11.0538ms)
  ✔ AUDIT A2 / FIXREVIEW N2: NOTHING in src or scripts names minRowAgeMs (40.5513ms)
  ✔ FIXREVIEW N3: the scan is not vacuous — it sees a planted opt-out (0.2422ms)
  ▶ FIXREVIEW N1: the boot check itself, which had no coverage at all
    ✔ refuses a provider whose effective timeout outgrows the guard (0.3086ms)
    ✔ accepts the shipped default (0.0821ms)
    ✔ is FAIL-CLOSED on a provider that does not report the field (0.1782ms)
    ✔ the REAL provider exposes the field the check reads, after options (1.4185ms)
  ✔ FIXREVIEW N1: the boot check itself, which had no coverage at all (2.1736ms)
  ✔ the guard covers two full submit windows, and the boot assertion is satisfiable (0.1263ms)
✔ PHASE3.7 F1: reconcile never opines on a row that is still being written (62.854ms)
▶ ownerRecover
  ✔ sweeps balance minus the exact fee it budgeted (29.2468ms)
  ✔ clamps gas to the intrinsic cost when the destination has no code (4.187ms)
  ✔ estimates with headroom for a destination that has code (4.6496ms)
  ✔ refuses an absurd gas estimate rather than overpaying (2.2905ms)
  ✔ throws when the balance cannot cover the fee (0.8606ms)
  ✔ throws when the balance exactly equals the fee, rather than sending zero (5.9832ms)
  ✔ rejects the zero address as a destination (0.5689ms)
  ✔ refuses passkey custody ON CUSTODY, before it can look like a missing key (0.4218ms)
  ✔ rejects an owner that does not control the wallet (0.323ms)
  ✔ returns PENDING with the hash when the receipt wait fails (42.6845ms)
  ✔ reports a reverted sweep as FAILED, with the hash (7.0798ms)
  ✔ refuses to act when no endpoint serves the configured chain (0.77ms)
✔ ownerRecover (104.459ms)
▶ ownerRevokeSessionDirect
  ✔ revokes through the KeyStore and reads the post-condition back (13.908ms)
  ✔ tolerates KeyDoesNotExist from the account-level revoke (11.6701ms)
  ✔ rethrows any OTHER revert instead of swallowing it (6.9204ms)
  ✔ rethrows a non-revert send failure (19.1086ms)
  ✔ reports revoked=false when the key survives the revocation (6.5249ms)
  ✔ skips the KeyStore leg when the key was never registered (3.3613ms)
  ✔ returns PENDING with the hash when the KeyStore receipt wait fails (95.6012ms)
  ✔ rejects an owner that does not control the wallet (0.5388ms)
  ✔ still reports revoked=false when the account key list retains the hash (5.0181ms)
✔ ownerRevokeSessionDirect (163.3903ms)
▶ RPC endpoint rotation
  ✔ moves past an unreachable endpoint (0.7727ms)
  ✔ probes the chain id only once per provider instance (0.3256ms)
✔ RPC endpoint rotation (1.2765ms)
▶ revocation calldata
  ✔ targets the KeyStore with keccak256(publicKey) as the key id (4.3208ms)
✔ revocation calldata (4.4463ms)
▶ evaluateTradeRules: amounts
  ✔ refuses a zero amount (1.349ms)
  ✔ refuses a zero quote (0.1963ms)
  ✔ refuses a trade with no slippage floor at all (0.1356ms)
  ✔ allows a sell, whose native input is zero by construction (0.142ms)
✔ evaluateTradeRules: amounts (2.9281ms)
▶ evaluateTradeRules: slippage discipline
  ✔ denies minOutWei = 1 against a realistic quote (0.2325ms)
  ✔ passes exactly at the tolerance and fails one wei below it (0.1742ms)
  ✔ accepts a floor ABOVE the quote — that is the caller's business (0.1516ms)
  ✔ honours a tighter configured tolerance (0.1497ms)
✔ evaluateTradeRules: slippage discipline (0.9709ms)
▶ evaluateTradeRules: caps
  ✔ passes exactly at the per-trade cap and fails one wei past it (0.2381ms)
  ✔ passes exactly at the daily cap and fails one wei past it (0.1907ms)
  ✔ counts the fee toward the per-trade cap (0.2028ms)
  ✔ skips the cap checks entirely when none are configured (0.1359ms)
  ✔ checks caps independently of each other (0.1563ms)
✔ evaluateTradeRules: caps (1.1788ms)
▶ exceedsDailyCap
  ✔ is false with no daily cap, whatever the numbers (0.3223ms)
  ✔ matches the engine's boundary exactly (0.196ms)
✔ exceedsDailyCap (0.6278ms)
▶ scanGate: the real data-plane payload
  ✔ allows a token whose flags carry nothing fatal (1.8442ms)
  ✔ allows every quality flag the live feed actually produces (0.5349ms)
  ✔ denies each fatal flag, and reports only that flag (0.3045ms)
  ✔ denies on a fatal flag even when the overall verdict says ok (0.2209ms)
✔ scanGate: the real data-plane payload (3.9828ms)
▶ scanGate: no verdict available
  ✔ allows by default — an absent opinion is not evidence of a defect (0.3594ms)
  ✔ allows by default when the data plane throws (0.2615ms)
  ✔ denies scan_unavailable for a deployment that opts in (0.2836ms)
  ✔ never caches a no-verdict answer (0.2235ms)
✔ scanGate: no verdict available (1.4256ms)
▶ scanGate: sells, caching, and containment
  ✔ never gates a sell, and never reads for one (0.2394ms)
  ✔ caches a real verdict for the TTL, then re-reads (0.3131ms)
  ✔ keys the cache by chain as well as token (0.1885ms)
  ✔ never echoes a string from the payload (0.1397ms)
✔ scanGate: sells, caching, and containment (1.1068ms)
▶ scanGate: the default mode reports without refusing
  ✔ allows a fatal flag through, but still carries it in reasons (0.1535ms)
  ✔ is what createScanGate picks when no mode is given (0.128ms)
  ✔ mode `off` does not read the data plane at all (0.0886ms)
✔ scanGate: the default mode reports without refusing (0.4649ms)
▶ scanGate: payload reading
  ✔ distinguishes 'scanned, nothing fatal' from 'no scan' (0.1107ms)
  ✔ tolerates a wrapped body without recursing (0.0798ms)
  ✔ ignores non-string entries in the flag list (0.0622ms)
✔ scanGate: payload reading (0.3429ms)
▶ runtime assertion codec and verifier
  ✔ keeps the HTTP profile matrix closed (0.9558ms)
  ✔ is disabled only when issuer and key map are both absent (1.7065ms)
  ✔ refuses issuer private-key material in the execution-server environment (0.3107ms)
  ✔ verifies one exact Ed25519 request and collapses tampering (6.0116ms)
  ✔ accepts exact expiry, then rejects expiry plus one (1.7436ms)
✔ runtime assertion codec and verifier (12.0627ms)
▶ runtime replay store — memory
  ✔ keeps a nonce consumed at exact expiry and prunes only at expiry plus one (0.4013ms)
  ✔ allows exactly one concurrent consume (0.7434ms)
✔ runtime replay store — memory (1.3865ms)
▶ runtime replay store — postgres(fake)
  ✔ keeps a nonce consumed at exact expiry and prunes only at expiry plus one (2.7004ms)
  ✔ allows exactly one concurrent consume (1.6908ms)
✔ runtime replay store — postgres(fake) (4.74ms)
▶ runtime-authenticated HTTP routes
  ✔ accepts matching read/trade assertions and refuses bearer-only (54.2829ms)
  ✔ enforces profile isolation without changing LP/Venus owner routes (15.2187ms)
  ✔ returns disabled 503 before parser/store, with raw 404 first (3.9543ms)
  ✔ never falls back to the shared bearer when runtime auth is disabled (2.5642ms)
  ✔ fails malformed assertions before row access (2.0762ms)
  ✔ consumes replay before the money seam and fails store outages closed (2.9887ms)
  ✔ rejects a consumed assertion but permits a fresh nonce for the same decision (11.5263ms)
✔ runtime-authenticated HTTP routes (93.1412ms)
▶ one-way owner runtime-profile binding
  ✔ binds once, retries same-value idempotently, and rejects raw/unbound (44.2564ms)
  ✔ has exactly one winner for racing different profiles (16.1358ms)
  ✔ is owner scoped (16.3044ms)
✔ one-way owner runtime-profile binding (76.9399ms)
▶ secret discipline (1b-core)
  ✔ src/auth/canonical.ts never references the session-key accessor (1.6885ms)
  ✔ src/auth/canonical.ts imports no private-key or session-key material (0.7135ms)
  ✔ src/auth/canonical.ts only logs a static backend-selection line, never a value (0.5187ms)
  ✔ src/auth/ownerAuth.ts never references the session-key accessor (0.4629ms)
  ✔ src/auth/ownerAuth.ts imports no private-key or session-key material (0.4176ms)
  ✔ src/auth/ownerAuth.ts only logs a static backend-selection line, never a value (0.333ms)
  ✔ src/auth/executeDecision.ts never references the session-key accessor (0.2525ms)
  ✔ src/auth/executeDecision.ts imports no private-key or session-key material (0.7189ms)
  ✔ src/auth/executeDecision.ts only logs a static backend-selection line, never a value (0.3645ms)
  ✔ src/store/nonces.ts never references the session-key accessor (0.4341ms)
  ✔ src/store/nonces.ts imports no private-key or session-key material (1.4332ms)
  ✔ src/store/nonces.ts only logs a static backend-selection line, never a value (0.3843ms)
  ✔ src/killswitch/killswitch.ts never references the session-key accessor (0.2334ms)
  ✔ src/killswitch/killswitch.ts imports no private-key or session-key material (0.2045ms)
  ✔ src/killswitch/killswitch.ts only logs a static backend-selection line, never a value (0.2179ms)
  ✔ src/ops/abis.ts never references the session-key accessor (0.2265ms)
  ✔ src/ops/abis.ts imports no private-key or session-key material (0.2148ms)
  ✔ src/ops/abis.ts only logs a static backend-selection line, never a value (0.1909ms)
  ✔ src/ops/venues.ts never references the session-key accessor (0.1762ms)
  ✔ src/ops/venues.ts imports no private-key or session-key material (0.1733ms)
  ✔ src/ops/venues.ts only logs a static backend-selection line, never a value (0.2054ms)
  ✔ src/ops/pancake.ts never references the session-key accessor (0.206ms)
  ✔ src/ops/pancake.ts imports no private-key or session-key material (0.1839ms)
  ✔ src/ops/pancake.ts only logs a static backend-selection line, never a value (0.2012ms)
  ✔ src/ops/fourmeme.ts never references the session-key accessor (0.4529ms)
  ✔ src/ops/fourmeme.ts imports no private-key or session-key material (0.2272ms)
  ✔ src/ops/fourmeme.ts only logs a static backend-selection line, never a value (0.182ms)
  ✔ src/ops/fees.ts never references the session-key accessor (0.187ms)
  ✔ src/ops/fees.ts imports no private-key or session-key material (0.383ms)
  ✔ src/ops/fees.ts only logs a static backend-selection line, never a value (0.1833ms)
  ✔ src/ops/policy.ts never references the session-key accessor (0.5204ms)
  ✔ src/ops/policy.ts imports no private-key or session-key material (0.6153ms)
  ✔ src/ops/policy.ts only logs a static backend-selection line, never a value (0.5489ms)
  ✔ src/ops/config.ts never references the session-key accessor (0.3134ms)
  ✔ src/ops/config.ts imports no private-key or session-key material (0.3551ms)
  ✔ src/ops/config.ts only logs a static backend-selection line, never a value (0.3157ms)
  ✔ src/rules/engine.ts never references the session-key accessor (0.2321ms)
  ✔ src/rules/engine.ts imports no private-key or session-key material (0.2121ms)
  ✔ src/rules/engine.ts only logs a static backend-selection line, never a value (0.2043ms)
  ✔ src/rules/scanGate.ts never references the session-key accessor (0.2351ms)
  ✔ src/rules/scanGate.ts imports no private-key or session-key material (0.2431ms)
  ✔ src/rules/scanGate.ts only logs a static backend-selection line, never a value (0.2371ms)
✔ secret discipline (1b-core) (18.9702ms)
▶ secret discipline (1b-api)
  ✔ src/http/wire.ts never references the session-key accessor (1.1124ms)
  ✔ src/http/wire.ts references no key material at all (0.7312ms)
  ✔ src/http/wire.ts does not log (0.8357ms)
  ✔ src/http/limits.ts never references the session-key accessor (0.6073ms)
  ✔ src/http/limits.ts references no key material at all (0.3549ms)
  ✔ src/http/limits.ts does not log (0.4083ms)
  ✔ src/clients/dataPlane.ts never references the session-key accessor (0.4605ms)
  ✔ src/clients/dataPlane.ts references no key material at all (0.4389ms)
  ✔ src/clients/dataPlane.ts does not log (0.35ms)
  ✔ src/server.ts reaches for a session key in exactly one place (6.4117ms)
  ✔ src/server.ts never interpolates a fetched key into a log line (4.7384ms)
  ✔ src/server.ts hard-codes bypassLocalPolicyCheck to false (2.7182ms)
  ✔ src/server.ts wires no CORS handling (2.8826ms)
  ✔ no source file contains a 32-byte private key literal (7.4372ms)
✔ secret discipline (1b-api) (30.2439ms)
[admin] action=halt actor=oncall at=2030-03-17T17:46:40.000Z reason=incident 42
[admin] action=resume actor=oncall at=2030-03-17T17:46:40.000Z reason=none
▶ layer 1 — x-exec-token on every route
  ✔ lets /health through with no credential at all (41.0301ms)
  ✔ GET /status rejects a missing token (3.8571ms)
  ✔ GET /status rejects a wrong token (4.057ms)
  ✔ GET /agents/agent-1 rejects a missing token (5.8639ms)
  ✔ GET /agents/agent-1 rejects a wrong token (5.2647ms)
  ✔ GET /agents rejects a missing token (7.4026ms)
  ✔ GET /agents rejects a wrong token (2.7148ms)
  ✔ GET /agents/agent-1/owner-view rejects a missing token (2.0852ms)
  ✔ GET /agents/agent-1/owner-view rejects a wrong token (1.8949ms)
  ✔ POST /agents/agent-1/pause rejects a missing token (3.1012ms)
  ✔ POST /agents/agent-1/pause rejects a wrong token (5.8326ms)
  ✔ POST /agents/agent-1/unpause rejects a missing token (2.282ms)
  ✔ POST /agents/agent-1/unpause rejects a wrong token (1.8104ms)
  ✔ POST /agents/agent-1/change-budget rejects a missing token (1.2365ms)
  ✔ POST /agents/agent-1/change-budget rejects a wrong token (1.4995ms)
  ✔ POST /agents/agent-1/revoke rejects a missing token (1.3613ms)
  ✔ POST /agents/agent-1/revoke rejects a wrong token (1.8681ms)
  ✔ POST /agents/agent-1/execute rejects a missing token (2.1358ms)
  ✔ POST /agents/agent-1/execute rejects a wrong token (1.2937ms)
  ✔ POST /admin/halt rejects a missing token (2.3312ms)
  ✔ POST /admin/halt rejects a wrong token (4.4234ms)
  ✔ POST /admin/resume rejects a missing token (1.6464ms)
  ✔ POST /admin/resume rejects a wrong token (1.1628ms)
  ✔ refuses to run at all when no service credential is configured (1.2469ms)
✔ layer 1 — x-exec-token on every route (122.251ms)
▶ layer 2 — owner signature on owner-authority routes
  ✔ /agents/agent-1/pause rejects the service credential alone (3.8017ms)
  ✔ /agents/agent-1/pause rejects a signature from the WRONG owner (15.6736ms)
  ✔ /agents/agent-1/pause accepts a signature from the right owner (13.2625ms)
  ✔ /agents/agent-1/unpause rejects the service credential alone (2.4097ms)
  ✔ /agents/agent-1/unpause rejects a signature from the WRONG owner (7.8757ms)
  ✔ /agents/agent-1/unpause accepts a signature from the right owner (7.9201ms)
  ✔ /agents/agent-1/change-budget rejects the service credential alone (1.8324ms)
  ✔ /agents/agent-1/change-budget rejects a signature from the WRONG owner (7.0706ms)
  ✔ /agents/agent-1/change-budget accepts a signature from the right owner (7.2457ms)
  ✔ /agents/agent-1/revoke rejects the service credential alone (1.8665ms)
  ✔ /agents/agent-1/revoke rejects a signature from the WRONG owner (6.9622ms)
  ✔ /agents/agent-1/revoke accepts a signature from the right owner (8.6812ms)
  ✔ refuses a pause signature posted to the unpause route (13.2986ms)
  ✔ refuses a signature bound to a DIFFERENT agent than the path (4.5919ms)
  ✔ gives ONE non-discriminating code for every class of signature failure (40.9989ms)
  ✔ does not accept a tampered signature (8.7017ms)
✔ layer 2 — owner signature on owner-authority routes (153.2542ms)
▶ owner reads
  ✔ rejects the service credential alone on the owner view (3.0849ms)
  ✔ returns the owner's own agent for a valid read signature (10.5925ms)
  ✔ lists only the signer's own agents (7.3853ms)
  ✔ refuses a per-agent read signature on the list route (3.3648ms)
  ✔ refuses a pause signature used as a read credential (3.2314ms)
  ✔ does NOT consume a nonce, so a retried read still works (10.1401ms)
✔ owner reads (38.3707ms)
▶ cross-tenant probes are indistinguishable from unknown agents
  ✔ returns an identical body for someone else's agent and a missing one (14.8798ms)
  ✔ refuses a cross-tenant pause with the same 404 as an unknown agent (23.7396ms)
✔ cross-tenant probes are indistinguishable from unknown agents (38.9367ms)
▶ layer 3 — operator credential on global halt/resume
  ✔ rejects the service credential alone (2.3089ms)
  ✔ rejects an owner signature in place of the operator credential (3.3731ms)
  ✔ rejects a wrong operator token (1.3157ms)
  ✔ halts and resumes with both credentials, and requires an actor (6.2015ms)
  ✔ refuses admin routes when no operator credential is configured (1.644ms)
✔ layer 3 — operator credential on global halt/resume (15.317ms)
▶ runtime read needs both service and request-bound runtime authority
  ✔ returns the assertion-bound runtime view (4.4885ms)
  ✔ 404s an unknown agent only after a valid runtime assertion (2.0285ms)
✔ runtime read needs both service and request-bound runtime authority (6.9602ms)
▶ execute — the happy path
  ✔ submits with only the service credential and no owner signature (48.2167ms)
  ✔ resolves tenancy from the STORED ROW, not from the request (6.7884ms)
  ✔ journals begin → in-progress → committed with the callsId and tx hash (12.913ms)
  ✔ returns FAILED with a failureCode when the chain rejects the policy (7.3682ms)
  ✔ holds an ambiguous transport failure as UNKNOWN rather than guessing (7.6768ms)
✔ execute — the happy path (84.6213ms)
▶ execute — a refusal that never submitted
  ✔ rolls the row back and reports FAILED, not PENDING (5.4982ms)
  ✔ keeps the thrown error's own code rather than collapsing it (4.4598ms)
  ✔ releases the cap headroom the rolled-back row was holding (4.0072ms)
  ✔ journals UNKNOWN when the submit RESOLVES and the signal aborts after (4.2311ms)
✔ execute — a refusal that never submitted (18.7141ms)
▶ execute — idempotency
  ✔ returns the stored outcome for the SAME calls and never re-submits (7.982ms)
  ✔ 409s a DIFFERENT set of calls under the same decisionId (6.4604ms)
  ✔ treats a different decisionId as a genuinely new execute (11.9959ms)
  ✔ hashes calls canonically, so address casing is not a new trade (5.7589ms)
✔ execute — idempotency (32.5173ms)
▶ execute — the kill switch binds even the trusted runtime
  ✔ 409s `paused` while the agent is paused (2.6673ms)
  ✔ 409s `halted` while the global halt is engaged (2.4719ms)
  ✔ 409s an expired session without touching the provider (2.8404ms)
  ✔ 409s `revoked` once the owner has revoked (2.5955ms)
  ✔ re-checks the switch AFTER journal.begin, immediately before submit (2.8761ms)
✔ execute — the kill switch binds even the trusted runtime (13.7929ms)
▶ execute — bypassLocalPolicyCheck cannot be set from a request
  ✔ ignores an attempt to set it at top level (3.3213ms)
  ✔ ignores an attempt to set it at inside a call (3.3742ms)
  ✔ ignores an attempt to set it at nested under params (4.0549ms)
  ✔ ignores an attempt to set it at nested under session (5.0747ms)
  ✔ ignores an attempt to set it at snake case (6.7995ms)
  ✔ passes through only `to`, `value` and `data` from each call (5.1859ms)
✔ execute — bypassLocalPolicyCheck cannot be set from a request (28.2227ms)
▶ execute — the per-agent throttle bounds a burst
  ✔ blocks a second submit inside the minimum interval (6.3528ms)
  ✔ lets the next submit through once the interval has elapsed (5.7459ms)
  ✔ caps how many executes one agent gets inside a rolling window (21.128ms)
  ✔ throttles per agent, not globally (5.4431ms)
✔ execute — the per-agent throttle bounds a burst (38.9198ms)
▶ execute — input validation
  ✔ rejects an empty calls array (1.4727ms)
  ✔ rejects more than MAX_CALLS_PER_EXECUTE (20) calls (1.2954ms)
  ✔ rejects a non-address target (1.294ms)
  ✔ rejects a value that is not a decimal string (1.1862ms)
  ✔ accepts a wei value far beyond Number.MAX_SAFE_INTEGER without loss (2.8985ms)
  ✔ 404s an unknown agent before doing anything else (1.9941ms)
✔ execute — input validation (10.4446ms)
▶ EXECUTE_RAW_ENABLED
  ✔ 404s when unset, byte-identically to an unknown route (47.0701ms)
  ✔ 404s before the body is even read (6.1338ms)
  ✔ still requires the service credential first (2.6754ms)
  ✔ works normally when explicitly enabled (9.0235ms)
  ✔ leaves the trade route alone (10.128ms)
✔ EXECUTE_RAW_ENABLED (76.7337ms)
▶ /execute native spend accounting
  ✔ records the sum of every call value on the journal row (4.9705ms)
  ✔ records zero for a batch that moves no native value (6.0257ms)
✔ /execute native spend accounting (11.2526ms)
▶ TokenBucketLimiter
  ✔ allows a full burst and then refuses (1.736ms)
  ✔ refills at the configured rate (0.2645ms)
  ✔ keeps buckets independent per key (0.144ms)
  ✔ bounds its keyspace so a spray of sources cannot exhaust memory (1.0146ms)
  ✔ rejects a nonsensical configuration rather than limiting nothing (0.7435ms)
✔ TokenBucketLimiter (5.3776ms)
▶ ExecuteThrottle
  ✔ enforces the minimum interval (0.6401ms)
  ✔ enforces the rolling window and then frees up (0.4239ms)
  ✔ does not push a throttled caller further away for retrying (0.225ms)
  ✔ reports how long to wait (0.2436ms)
✔ ExecuteThrottle (1.8857ms)
▶ body size cap
  ✔ 413s a body over the cap on execute (60.3027ms)
  ✔ 413s a body over the cap on an owner mutation, before any ecrecover (12.3098ms)
  ✔ 413s on a declared content-length even when the body is short (2.4719ms)
  ✔ accepts a body under the cap (8.6809ms)
  ✔ 400s an empty or non-JSON body (4.2318ms)
✔ body size cap (88.355ms)
▶ rate limiting
  ✔ limits by source BEFORE the credential is even checked (2.8489ms)
  ✔ keeps separate budgets per source address (3.4035ms)
  ✔ never rate-limits the platform healthcheck (3.6182ms)
✔ rate limiting (10.1006ms)
▶ unknown routes
  ✔ 404s with the same shape as everything else (1.7782ms)
✔ unknown routes (1.9245ms)
▶ owner action — retry versus replay
  ✔ returns the stored outcome for an identical retry (67.4153ms)
  ✔ does NOT re-consume the nonce on a retry (12.2062ms)
  ✔ counts the nonce store's consumptions: exactly one across N retries (13.675ms)
  ✔ REJECTS a different signature that reuses a consumed nonce (15.0403ms)
  ✔ looks the journal up BEFORE it verifies anything (4.3627ms)
  ✔ leaves the nonce unspent when the per-owner rate limit refuses (13.6767ms)
✔ owner action — retry versus replay (128.0142ms)
▶ owner action — effects
  ✔ pause sets both the kill switch and the agent status (11.7794ms)
  ✔ unpause clears both (15.3376ms)
  ✔ change-budget records the cap and says plainly that it is off-chain only (8.7139ms)
  ✔ rejects malformed budget params AFTER a valid signature (24.1758ms)
✔ owner action — effects (60.4407ms)
▶ revoke — the guaranteed half and the honest half
  ✔ stops this server from submitting, immediately and durably (17.1839ms)
  ✔ journals a revoke row so a crash mid-revoke reconciles (9.5341ms)
  ✔ returns unsigned on-chain instructions and does NOT claim to have revoked (9.2675ms)
✔ revoke — the guaranteed half and the honest half (36.2938ms)
▶ t11 — a passkey owner drives the real routes
  ✔ reads their own agent with an assertion in the x-owner-action header (98.5346ms)
  ✔ pauses their own agent, and the nonce makes it single-use (20.3547ms)
  ✔ cannot reach another owner's agent — the derived address is the tenancy key (7.2624ms)
  ✔ R2d — the owner view marks a passkey ownerAddress as NOT payable (18.2292ms)
✔ t11 — a passkey owner drives the real routes (145.9283ms)
▶ t18 — the default verifier flip
  ✔ still verifies a 65-byte secp256k1 owner action with NO injected verifier (8.9183ms)
  ✔ refuses a passkey envelope when the passkey config is absent (13.3784ms)
✔ t18 — the default verifier flip (22.7192ms)
▶ t19 — the wire budget
  ✔ a realistic passkey envelope fits both the header cap and the body cap (5.8068ms)
  ✔ the envelope that fits actually authenticates over HTTP (12.4501ms)
✔ t19 — the wire budget (18.7461ms)
[admin] action=halt actor=oncall at=2030-03-17T17:46:40.000Z reason=sweep
[admin] action=resume actor=oncall at=2030-03-17T17:46:40.000Z reason=none
[admin] action=halt actor=oncall at=2030-03-17T17:46:40.000Z reason=sweep
[admin] action=resume actor=oncall at=2030-03-17T17:46:40.000Z reason=none
[admin] action=halt actor=oncall at=2030-03-17T17:46:40.000Z reason=sweep
[admin] action=resume actor=oncall at=2030-03-17T17:46:40.000Z reason=none
▶ secret egress
  ✔ never puts the session key in any response body (120.0243ms)
  ✔ never puts a credential in any response body (82.8446ms)
  ✔ never writes the session key or a credential to a log line (62.1052ms)
  ✔ never writes key material into journal.last_error (4.6703ms)
  ✔ does not echo an upstream error message back to the client (4.132ms)
  ✔ exposes no route that returns the stored session key (1.0639ms)
✔ secret egress (276.2979ms)
▶ every error body is sanitized
  ✔ passes error messages through sanitizeMessage (2.1427ms)
  ✔ emits only codes from the closed taxonomy (3.3501ms)
  ✔ returns a bare internal_error for an unexpected throw (2.6633ms)
✔ every error body is sanitized (8.523ms)
▶ network isolation — the data plane is the only upstream
  ✔ requests the exact token-scoped ranked URL with auth and retains its envelope (2.4553ms)
  ✔ keeps existing methods data-only while ranked pools retains metadata (1.0018ms)
  ✔ rejects a hostile ranked-pool token before it can retarget egress (1.2363ms)
  ✔ makes NO direct network call of its own across the whole API (56.896ms)
  ✔ contacts no host other than the configured data plane (0.9264ms)
  ✔ sends the data-plane credential and nothing else (0.3196ms)
  ✔ cannot be retargeted at another host by a route parameter (0.9752ms)
  ✔ sanitizes a data-plane failure rather than relaying it (0.3661ms)
  ✔ swallows a data-plane outage on /status instead of failing the probe (1.6617ms)
✔ network isolation — the data plane is the only upstream (66.389ms)
▶ PHASE2.3 R1: buy ⇒ sellable
  ✔ REFUSES a buy of a token with no per-token spend cap (53.2004ms)
  ✔ refuses at step 1 — before the journal, the throttle and the scan gate (8.9181ms)
  ✔ still admits a buy of a token the session DOES cap (19.725ms)
  ✔ does NOT gate a SELL — a pre-existing holding stays exitable (6.3643ms)
  ✔ gates every venue's buy, not just pancake (11.3878ms)
✔ PHASE2.3 R1: buy ⇒ sellable (101.3298ms)
▶ PHASE2.3: provisioning wires the token list end to end
  ✔ a row provisioned from the REAL template can buy its granted token (16.6339ms)
✔ PHASE2.3: provisioning wires the token list end to end (16.9255ms)
▶ POST /agents/:id/trade: pancake buy
  ✔ submits one payable swap to the router, recipient = the row wallet (57.8621ms)
  ✔ records the native spend on the journal row (7.5741ms)
✔ POST /agents/:id/trade: pancake buy (66.8789ms)
▶ POST /agents/:id/trade: pre-extraction response shapes
  ✔ deep-equals a fresh rolled-back body without meta.failureCode (6.5153ms)
  ✔ deep-equals executeViaSession-throw UNKNOWN without meta.decisionId (6.2346ms)
  ✔ deep-equals a replayed rolled-back body and retains callsId (11.7363ms)
✔ POST /agents/:id/trade: pre-extraction response shapes (24.9349ms)
▶ POST /agents/:id/trade: pancake sell
  ✔ submits [approve(0), approve(amount), swap] in ONE execute (7.2324ms)
  ✔ never reads the scan gate for a sell (5.7239ms)
  ✔ charges no fee on a sell even when one is configured (5.1811ms)
✔ POST /agents/:id/trade: pancake sell (18.5985ms)
▶ POST /agents/:id/trade: the fee
  ✔ appends a treasury transfer and leaves the swap value alone (6.0931ms)
  ✔ refuses a trade sized exactly to the per-trade cap once a fee applies (21.0815ms)
✔ POST /agents/:id/trade: the fee (27.3922ms)
▶ POST /agents/:id/trade: Four.Meme
  ✔ uses the manager FROM THE READ and the venue's own msg.value (5.3328ms)
  ✔ records native_spend_wei = msgValueWei + feeWei when a fee is configured (5.2089ms)
  ✔ denies VENUE_UNSUPPORTED when the provider read throws (2.9156ms)
  ✔ denies V1 tokens (3.7293ms)
  ✔ denies VENUE_GRADUATED once liquidity has moved to Pancake (2.8643ms)
  ✔ denies VENUE_QUOTE_UNSUPPORTED for a non-native quote token (3.7598ms)
  ✔ refuses a read-derived manager that is blacklisted (11.3542ms)
  ✔ denies when the venue is unconfigured for this chain (4.3333ms)
  ✔ is a 400 when the manager is configured but the HELPER is not (2.451ms)
  ✔ sells through the read manager with the approve-reset batch (4.0603ms)
✔ POST /agents/:id/trade: Four.Meme (47.2087ms)
▶ POST /agents/:id/trade: the Four.Meme msg.value bounds (R1/R2)
  ✔ denies VENUE_UNSUPPORTED on the all-zero non-token read (16.92ms)
  ✔ denies VENUE_UNSUPPORTED when a side-appropriate money field is absent (3.7279ms)
  ✔ denies VENUE_MSGVALUE_UNSAFE when funds exceed the declared amount (2.5893ms)
  ✔ denies VENUE_MSGVALUE_UNSAFE when msg.value underpays the funds (2.2811ms)
  ✔ denies VENUE_MSGVALUE_UNSAFE above the MAX_VENUE_FEE_BPS ceiling (6.4355ms)
  ✔ honours a tightened MAX_VENUE_FEE_BPS (2.6929ms)
  ✔ accepts a quote that sizes funds BELOW the declared amount (3.5101ms)
  ✔ never gates on estimatedOutWei beyond the zero check (3.4835ms)
✔ POST /agents/:id/trade: the Four.Meme msg.value bounds (R1/R2) (42.1555ms)
▶ POST /agents/:id/trade: the scan gate
  ✔ denies SCAN_DENIED and NEVER reaches the provider (2.9228ms)
  ✔ trades on by default when the data plane has nothing to say (4.0269ms)
  ✔ refuses on a missing verdict when the deployment opts in (3.2037ms)
  ✔ lets the quality flags the live feed actually produces through (6.5197ms)
✔ POST /agents/:id/trade: the scan gate (16.9957ms)
▶ POST /agents/:id/trade: the rule engine
  ✔ denies MIN_OUT_TOO_LOW for a floor far below the caller's own quote (3.2689ms)
  ✔ denies DAILY_CAP counting an UNKNOWN row, and releases a rolled-back one (7.9165ms)
  ✔ releases spend once a row is terminally rolled back (6.745ms)
  ✔ counts an existing /execute journal spend against the same daily cap (2.7775ms)
✔ POST /agents/:id/trade: the rule engine (21.0435ms)
▶ POST /agents/:id/trade: idempotency
  ✔ replays the stored outcome for the same decision and params (6.4209ms)
  ✔ 409s the same decision with different params, and submits nothing (6.9269ms)
  ✔ keeps one decision namespace beneath runtime-profile isolation (6.3896ms)
  ✔ 409s a decisionId that a DENIED trade already bound (5.6127ms)
  ✔ replays a denial for the identical params rather than re-deciding (5.477ms)
  ✔ 409s when a VENUE_* address changes between submit and retry (6.8736ms)
✔ POST /agents/:id/trade: idempotency (38.1313ms)
▶ POST /agents/:id/trade: concurrency
  ✔ lets exactly one of two concurrent over-cap trades submit (5.1607ms)
✔ POST /agents/:id/trade: concurrency (5.3121ms)
▶ POST /agents/:id/trade: kill switch
  ✔ refuses a paused agent before the provider (2.9455ms)
  ✔ refuses under a global halt (2.6379ms)
  ✔ holds an ambiguous submit as UNKNOWN rather than guessing (4.3259ms)
✔ POST /agents/:id/trade: kill switch (10.154ms)
▶ POST /agents/:id/trade: a refusal that never submitted
  ✔ rolls back with deniedBy=session and the thrown error's own code (4.9321ms)
  ✔ keeps SESSION_EXPIRED distinguishable from NOT_ALLOWED (5.8722ms)
  ✔ releases the cap headroom a refused trade was holding (7.9784ms)
✔ POST /agents/:id/trade: a refusal that never submitted (19.0661ms)
▶ POST /agents/:id/trade: throttle
  ✔ rejects /execute before it can consume a trade profile's throttle (11.8182ms)
  ✔ charges budget for a scan-denied trade (5.6601ms)
✔ POST /agents/:id/trade: throttle (17.7503ms)
▶ trade: flap calldata
  ✔ submits a buy as ONE call with value === inputAmount (59.0811ms)
  ✔ submits a sell as approve(0), approve(amount), swap with no value (7.9196ms)
  ✔ never emits a route field, and 400s one that is supplied (3.2225ms)
✔ trade: flap calldata (71.4345ms)
▶ trade: flap refusals
  ✔ refuses a DEX-state token with VENUE_GRADUATED (5.9728ms)
  ✔ refuses an ERC-20-quoted curve with VENUE_QUOTE_UNSUPPORTED (3.8243ms)
  ✔ refuses a curve whose native buys go through an internal swap (5.407ms)
  ✔ refuses an extension token with VENUE_UNSUPPORTED (6.9207ms)
  ✔ refuses when the Portal read reverts, without echoing its prose (8.6973ms)
  ✔ 400s the venue on a chain with no configured Portal (3.5108ms)
  ✔ refuses the Portal itself as a `token` (3.2842ms)
✔ trade: flap refusals (38.2893ms)
▶ trade: flap meta and identity
  ✔ rides dexSupplyThresh and circulatingSupply out on the receipt (4.7843ms)
  ✔ does NOT refuse a curve one trade away from graduating (4.8957ms)
  ✔ answers the identical trade twice from ONE row (6.1185ms)
  ✔ binds the Portal into paramsHash (0.3707ms)
  ✔ pins the mainnet Portal address (0.0956ms)
✔ trade: flap meta and identity (16.5968ms)
▶ POST /agents/:id/trade: pancake_v3 buy
  ✔ submits ONE multicall to the V3 router with value = amountWei (79.9516ms)
  ✔ journals amountWei + feeWei while the swap value stays amountWei (8.9221ms)
  ✔ routes a buy through the caller's hop (9.6898ms)
✔ POST /agents/:id/trade: pancake_v3 buy (99.8861ms)
▶ POST /agents/:id/trade: pancake_v3 sell
  ✔ submits [approve(0), approve(amount), multicall] with no native value (15.508ms)
  ✔ unwraps to the ROW's wallet, and no request field can change that (27.8023ms)
  ✔ approves only the V3 router, for the exact amount (7.2916ms)
✔ POST /agents/:id/trade: pancake_v3 sell (51.0941ms)
▶ the native-value invariant, across every venue and side
  ✔ sum(call.value) equals the journalled nativeSpendWei for each combination (39.7851ms)
✔ the native-value invariant, across every venue and side (40.2103ms)
▶ the fee policy sees the V3 venue
  ✔ is invoked with venue pancake_v3 and the PRE-fee nativeInWei (5.3376ms)
✔ the fee policy sees the V3 venue (5.6142ms)
▶ paramsHash binds the V3 router and the route
  ✔ 409s when VENUE_PANCAKE_ROUTER_V3 changes between submit and retry (15.3166ms)
  ✔ treats absent, {} and {hops:[]} as ONE trade on V2 (7.6096ms)
  ✔ 409s the same decision down a different route (17.9641ms)
✔ paramsHash binds the V3 router and the route (41.1784ms)
▶ the pancake_v3 venue gate
  ✔ 400s when the chain has no V3 router, and reads nothing (3.4871ms)
  ✔ 400s when the router is configured but WBNB is not (3.9796ms)
✔ the pancake_v3 venue gate (7.6916ms)
▶ a session granted before V3 existed
  ✔ is rejected LOCALLY, before the relay sees the V3 call (1169.798ms)
  ✔ passes the pre-flight once the template grants the V3 router (0.5838ms)
✔ a session granted before V3 existed (1170.6581ms)
▶ validateSessionSpec
  ✔ translates a well-formed spec into provider permissions (3.1864ms)
  ✔ checksums addresses so on-chain comparisons are stable (0.5459ms)
  ✔ pairs a selector with its target using AND semantics (1.6005ms)
  ✔ omits the token field entirely for native caps (0.3452ms)
  ✔ keeps an explicit ERC-20 cap token (0.3538ms)
  ✔ rejects an empty allowlist, which would mean unrestricted targets (0.6733ms)
  ✔ rejects an empty cap list, which would mean unlimited spending (0.2043ms)
  ✔ rejects a rule that constrains neither target nor selector (0.2516ms)
  ✔ rejects a malformed function signature (0.9547ms)
  ✔ rejects an invalid target address (0.3509ms)
  ✔ rejects a zero or negative cap (0.2689ms)
  ✔ rejects two caps covering the same token and period (0.1978ms)
  ✔ allows the same token capped over different periods (0.2371ms)
  ✔ rejects an expiry in the past (0.1286ms)
  ✔ rejects a non-integer expiry (0.1483ms)
  ✔ rejects a session longer than the maximum horizon (0.1569ms)
  ✔ honours a caller-supplied maximum horizon (0.1962ms)
✔ validateSessionSpec (11.8048ms)
▶ tuple canonicalization (PHASE3 R1)
  ✔ grants mint and emits a signature selecting 0x88316456 (1.1854ms)
  ✔ grants increaseLiquidity and emits a signature selecting 0x219f5d17 (0.4591ms)
  ✔ grants decreaseLiquidity and emits a signature selecting 0x0c49ccbe (0.3236ms)
  ✔ grants collect and emits a signature selecting 0xfc6f7865 (0.2657ms)
  ✔ grants exactInputSingle and emits a signature selecting 0x414bf389 (0.2566ms)
  ✔ still refuses a non-canonical signature (0.474ms)
✔ tuple canonicalization (PHASE3 R1) (3.2719ms)
▶ flat-signature regression pin (PHASE3 R1)
  ✔ re-validates a tradeSessionSpec-shaped spec to the pre-change permission bytes (0.6194ms)
✔ flat-signature regression pin (PHASE3 R1) (0.7229ms)
▶ isSessionExpired
  ✔ is false before the expiry (0.2507ms)
  ✔ is true at the expiry instant (0.1585ms)
  ✔ is true after the expiry (0.0812ms)
✔ isSessionExpired (0.6935ms)
▶ bare-selector rules
  ✔ rejects a selector with no target, which permits it on every contract (2.7052ms)
  ✔ REJECTS a value-moving one even when the spec opts in (PHASE2.3 R2) (0.7553ms)
  ✔ rejects every value-moving bare selector, flag or no flag (1.0143ms)
  ✔ still accepts a NON-value-moving bare selector under the opt-in (1.1014ms)
  ✔ does not let the opt-in excuse a rule that constrains nothing at all (0.2769ms)
✔ bare-selector rules (7.0359ms)
▶ escalation targets
  ✔ rejects a rule pointing back at the wallet itself (0.933ms)
  ✔ rejects a self-target given in a different checksum casing (0.2964ms)
  ✔ rejects a rule pointing at the key registry (0.2829ms)
  ✔ still allows ordinary targets when both addresses are known (0.2603ms)
✔ escalation targets (2.0643ms)
▶ selector canonicalization
  ✔ rejects uint where the ABI means uint256 (0.5913ms)
  ✔ rejects an unknown Solidity type (0.3745ms)
  ✔ rejects a bare function name (0.5905ms)
  ✔ accepts a zero-argument signature (0.3332ms)
✔ selector canonicalization (2.0693ms)
▶ canonical ordering
  ✔ produces byte-identical output regardless of input order (0.8289ms)
  ✔ orders rules with the same target by signature (0.4473ms)
✔ canonical ordering (1.3945ms)
▶ session length
  ✔ rejects a TTL below the minimum, which expires before it can be used (0.2701ms)
  ✔ accepts exactly the minimum (0.1988ms)
  ✔ honours a caller-supplied minimum (0.2249ms)
✔ session length (0.8143ms)
▶ token movers require a matching cap
  ✔ rejects transfer() on a token with no cap for that token (0.3722ms)
  ✔ rejects approve() on a token with no cap for that token (0.2688ms)
  ✔ accepts it once the token is capped (0.2098ms)
  ✔ does not flag a non-value-moving function (0.2471ms)
✔ token movers require a matching cap (1.2315ms)
▶ stateFilePath
  ✔ gives mainnet its own file so a testnet run cannot mask it (5.7345ms)
✔ stateFilePath (7.3536ms)
▶ readState
  ✔ returns an empty state when the file is absent (5.6215ms)
  ✔ survives a corrupt file rather than wedging the spike (4.5338ms)
  ✔ survives a file whose top level is not an object (4.8766ms)
  ✔ survives a file whose steps field is the wrong shape (3.3863ms)
✔ readState (18.9876ms)
▶ openSpikeState
  ✔ stamps the owner onto a fresh state file (3.6941ms)
  ✔ fails loudly when the persisted owner is a different key (6.0752ms)
  ✔ resumes for the same owner regardless of checksum casing (10.8986ms)
  ✔ does not let a testnet file answer for a mainnet run (3.9461ms)
  ✔ treats only PASS as done (3.9754ms)
  ✔ persists each recorded step immediately (6.515ms)
  ✔ round-trips session facts through writeState/readState (3.471ms)
✔ openSpikeState (39.2424ms)
▶ trade detail observer attribution
  ✔ quotes only the exact, unique, verified recorded position amount (2.8635ms)
  ✔ refuses to split a wallet balance across two open rows for the same token (1.3681ms)
  ✔ reads balance before quote-cache reuse and invalidates a changed holding (0.6996ms)
  ✔ dashes realised PnL until basis, sold amount, and proceeds are all verified (0.7429ms)
✔ trade detail observer attribution (6.8593ms)
▶ receipt-derived trade fills
  ✔ returns the exact token Transfer delta and request native debit for a buy (3.2679ms)
  ✔ returns unverified instead of a zero token fill when receipt evidence is absent (0.4243ms)
  ✔ returns the exact WBNB Withdrawal amount for a sell (0.6563ms)
  ✔ returns null proceeds instead of inventing zero when sell receipt evidence is absent (0.7681ms)
  ✔ uses the same params hash helper from the HTTP route and worker call sites (17.7094ms)
✔ receipt-derived trade fills (25.5085ms)
▶ TRADING-AGENT R8 exit arithmetic
  ✔ floors positive and negative bigint PnL (0.5819ms)
  ✔ ports applySlippageFloorWei with truncation and clamping (0.1433ms)
✔ TRADING-AGENT R8 exit arithmetic (1.527ms)
▶ TRADING-AGENT R8 exit precedence
  ✔ puts exitRequestedAt first of all (0.2168ms)
  ✔ checks SL before TP (0.0929ms)
  ✔ checks TP before max hold (0.0822ms)
  ✔ checks max hold before the LLM (0.0756ms)
  ✔ consults the LLM only when TP or SL is blank (0.6294ms)
✔ TRADING-AGENT R8 exit precedence (1.3695ms)
▶ TRADING-AGENT R5/C29 hire wire
  ✔ keeps the shipped grid digest vector unchanged (4.587ms)
  ✔ pins the strict trade-v1 digest vector (1.4746ms)
✔ TRADING-AGENT R5/C29 hire wire (7.3987ms)
▶ durable trade intents
  ✔ binds one immutable decision and scopes the unsettled projection by owner (4.0496ms)
  ✔ makes a rollback terminal and bounds its diagnostic note (0.5076ms)
✔ durable trade intents (5.7321ms)
▶ TRADING-AGENT R7 entry validator
  ✔ accepts one optional json code fence (2.0658ms)
  ✔ requires one object and rejects extra top-level keys (0.4869ms)
  ✔ rejects a body over 8 KiB (0.2452ms)
  ✔ rejects a decisions array longer than the shortlist (0.1477ms)
  ✔ drops non-integer and out-of-range indices (0.1759ms)
  ✔ keeps the first duplicate and records later duplicates (0.2219ms)
  ✔ treats a missing candidate as not entered (0.2323ms)
  ✔ drops confidence outside integer 0..100 (0.1617ms)
  ✔ truncates reasons to 200 characters (0.1734ms)
  ✔ maps every JSON/schema parse failure to llm-invalid (0.3215ms)
  ✔ applies the model-specific confidence threshold (0.1923ms)
✔ TRADING-AGENT R7 entry validator (5.8432ms)
▶ TRADING-AGENT R7 exit validator
  ✔ uses the same index, duplicate, missing and reason rules (0.3226ms)
  ✔ maps malformed output to llm-invalid so the caller holds (0.1392ms)
✔ TRADING-AGENT R7 exit validator (0.5865ms)
▶ TRADING-AGENT prompts and transport
  ✔ includes indexed facts, fixed doctrine, and a delimited sanitized advisory block (3.9528ms)
  ✔ builds the blank-threshold exit facts prompt (0.2545ms)
  ✔ copies every secret-like regex class and trims input (0.1799ms)
  ✔ reads the key once at construction and sends no response_format (29.4074ms)
  ✔ prompt and result record types cannot carry the OpenRouter key (0.1341ms)
✔ TRADING-AGENT prompts and transport (35.1949ms)
▶ 0G router integration (measured 2026-09-03)
  ✔ states the confidence scale, because 0G models answer 0..1 without it (0.3327ms)
  ✔ disables thinking for 0gm models only (1.1162ms)
✔ 0G router integration (measured 2026-09-03) (1.5722ms)
▶ PHASE2.5 F1: a buy must leave enough native to pay for its own exit
  ✔ proceeds when the meter has room (49.5796ms)
  ✔ REFUSES one wei below the floor (6.9918ms)
  ✔ the floor INCLUDES the submitting trade's own relay fee (5.6309ms)
  ✔ scales with the tokens the CHAIN says the session can sell (5.1393ms)
  ✔ a SELL is never gated, at any meter reading (5.93ms)
  ✔ the gate follows the CHAIN, not the plane's own spend bookkeeping (4.5218ms)
  ✔ an UNREADABLE meter refuses the buy — fail closed (REVIEW M4) (4.4497ms)
  ✔ an unreadable meter does NOT gate a sell (4.072ms)
  ✔ an account with NO daily native limit is not gated (3.8099ms)
  ✔ the floor INCLUDES the buy's OWN native (PHASE2.5-AUDIT A1) (4.679ms)
  ✔ the same meter takes a SMALLER buy — the refusal is about size, not about the agent (3.8949ms)
  ✔ refuses when the trade fits but its RELAY FEE does not (REVIEW Part 4 item 4) (3.5579ms)
  ✔ counts the 4lpha FEE as native this buy spends (3.3854ms)
  ✔ a PAUSED agent is refused before the meter is ever read, and its exit still runs (4.7897ms)
✔ PHASE2.5 F1: a buy must leave enough native to pay for its own exit (112.1844ms)
▶ PHASE2.5 F1: an unreadable meter is classified as TRANSPORT (REVIEW M4)
  ✔ does not blame the session for a dead node (3.5334ms)
  ✔ carries the mapped INFRASTRUCTURE class for a timeout (3.3959ms)
✔ PHASE2.5 F1: an unreadable meter is classified as TRANSPORT (REVIEW M4) (7.0923ms)
▶ PHASE2.5 F4: an agent that stopped taking buys says so, to its owner
  ✔ reports the SAME numbers the gate refused on (15.457ms)
  ✔ says buys are FLOWING on the same fixture one wei higher (10.1563ms)
  ✔ an unreadable meter is reported as refusing, and does not take the view down (7.547ms)
  ✔ a native grant at another PERIOD reads as ungated, not as healthy-with-numbers (15.6683ms)
  ✔ NO native grant at all does NOT read as 'nothing is gated' (PHASE2.5-AUDIT A6) (6.194ms)
  ✔ reports an over-spent cap as over-spent (PHASE2.5-AUDIT A10) (6.3293ms)
  ✔ publishes the largest trade that would still pass, and the gate agrees to the wei (13.1477ms)
  ✔ the RUNTIME view carries no meter at all (REVIEW M3) (2.3661ms)
  ✔ the owner LIST route takes no per-agent chain read (7.2518ms)
  ✔ identifies the meter by PUBLIC facts — the owner read decrypts no session key (6.4057ms)
✔ PHASE2.5 F4: an agent that stopped taking buys says so, to its owner (91.1006ms)
▶ PHASE2.5: a NATIVE_RESERVE refusal names its remedy
  ✔ names the ON-CHAIN action, which every reader can actually take (3.6659ms)
  ✔ the operator command it prints would actually run (PHASE2.5-AUDIT A2) (0.5342ms)
  ✔ carries NO per-tenant figures on the exec-token route (REVIEW M3) (3.6543ms)
  ✔ offers no remedy note on refusals that are not about the meter (3.6064ms)
✔ PHASE2.5: a NATIVE_RESERVE refusal names its remedy (11.6945ms)
▶ PHASE2.5 F1: a provider with no meter capability fails the BOOT
  ✔ refuses to start when a trade runtime is configured (0.6779ms)
  ✔ starts fine when no trade runtime is configured (0.2787ms)
  ✔ a server with no trade config cannot execute a trade at all (6.0722ms)
  ✔ starts fine with a provider that HAS the capability (0.3426ms)
✔ PHASE2.5 F1: a provider with no meter capability fails the BOOT (7.5929ms)
▶ PHASE2.5 F3: which check is the floor and which is the guarantee
  ✔ still discloses that the reserve is sized on the WRONG axis (0.2952ms)
  ✔ names the live submit-time check as where the guarantee now lives (0.0983ms)
  ✔ keeps the shortfall figure structural, not only in prose (0.1067ms)
✔ PHASE2.5 F3: which check is the floor and which is the guarantee (0.6171ms)
▶ trade readiness
  ✔ requires exactly 25 bStocks and a non-empty, non-null-staleness allowlist (3.0803ms)
  ✔ remembers legacy invalid_lane and null staleness as unavailable (0.7067ms)
  ✔ turns a network failure into not-ready instead of throwing at boot (0.4177ms)
✔ trade readiness (5.4758ms)
▶ TRADING-AGENT R3.5 route encoding
  ✔ pins the duplicated QuoterV2 address to the LP literal (0.7228ms)
  ✔ encodes address + uint24 big-endian fee + address + fee + address (0.3041ms)
  ✔ ports the one-percent impact arithmetic (0.1759ms)
✔ TRADING-AGENT R3.5 route encoding (2.3197ms)
▶ TRADING-AGENT C31 best buy route
  ✔ quotes exactly seven full paths, probes only the winner, and returns TradeRoute (1.4602ms)
  ✔ refuses when no path quotes (0.8715ms)
  ✔ refuses a winner above the 300 bps impact ceiling (0.5034ms)
✔ TRADING-AGENT C31 best buy route (3.1072ms)
▶ quoteSellAlongRoute
  ✔ reverses V3 tokens and fee tiers (0.3716ms)
  ✔ reverses a V2 hop list (0.2707ms)
✔ quoteSellAlongRoute (0.847ms)
▶ trading-agent owner routes
  ✔ permits Trading S1 after signed cancellation of multiple Grid drafts and preserves each canceled record/key (131.9155ms)
  ✔ refuses every pre-nonce S1 failure without creating a row (59.2669ms)
  ✔ persists the verbatim pin and the singular native cap in the trade-v1 pending grant (17.6305ms)
  ✔ converges a removed Grid key that is absent at one stable finalized block before Trading S1 (19.1118ms)
  ✔ keeps a listed valid Grid key blocked and returns its exact public remedy (14.3264ms)
  ✔ does not infer an unfinished session setup safe and names its exact status and expiry (29.2671ms)
  ✔ keeps a committed proof prefix but creates no nonce claim or Trading row after the shared deadline (15.404ms)
  ✔ names the atomic winner when two distinct Trading S1s race one free wallet (30.3918ms)
  ✔ converges 32 absent legacy rows with no more than four finalized reads in flight (89.636ms)
  ✔ fails hasMore before proof, nonce, key, or candidate-row mutation (17.1798ms)
  ✔ does not create a Trading row when the final bounded inventory finishes after deadline (14.5435ms)
  ✔ honors request cancellation during the final inventory and starts no candidate mutation (14.953ms)
  ✔ does not confirm proof after an abort-ignoring finalized read completes late (19.7831ms)
  ✔ uses strict Trading and neutral copy for armed or paused blockers (27.3512ms)
  ✔ repairs an expired accepted S1 without extending its fixed session expiry (21.8983ms)
  ✔ terminalizes only a cryptographically valid expired S1 with no durable evidence (16.0998ms)
[server] unhandled_error: injected pre-row failure
  ✔ serializes materialization through expiry and makes the waiter join the exact row (44.6247ms)
  ✔ lets terminal win both concurrent expired arrivals and creates no row (15.8624ms)
  ✔ lets an expiry-crossed terminal request beat a pre-expiry request gated before the nonce lock (16.1405ms)
  ✔ repairs an exact live claim after a pre-row materialization failure (30.4498ms)
  ✔ repairs the exact row and journal after journal persistence fails (26.1261ms)
  ✔ never terminalizes invalid, future, or plain legacy S1 variants (56.2851ms)
  ✔ uses exact S1 continuation and gives invocation authority to only the fresh grant-attempt creator (61.8004ms)
  ✔ previews trade-v1 without openNativeBudgetWei and marks the server pin indicative (3.6564ms)
  ✔ blocks settings while any other journal row is PENDING (11.1987ms)
  ✔ validates settings against the persisted native day cap and upserts the signed digest (25.3001ms)
  ✔ drains idempotently, fences settings and entries, and blocks revoke until every row is closed (50.2482ms)
  ✔ binds tradeExit params to the route and mutates only exit_requested_at (17.1623ms)
  ✔ keeps trade view owner-scoped and exposes the persisted trade discriminator on owner-view (15.2401ms)
  ✔ returns trade_not_ready from all four trade owner routes (1.2903ms)
✔ trading-agent owner routes (918.0901ms)
▶ trade settings codec
  ✔ pins the complete default object to one literal digest (1.5396ms)
  ✔ requires every key and uses null, never absence, for unset fields (0.8494ms)
  ✔ folds a 40-hex skill string identically across address casing (0.5952ms)
  ✔ measures CJK instructions in JSON-encoded UTF-8 bytes at the boundary (0.3228ms)
  ✔ measures quote/backslash-only skill text after JSON escaping (0.2918ms)
  ✔ keeps a maximal settings JSON body below the server's 16 KiB default (0.438ms)
  ✔ enforces the money, count, exit and slippage ranges (0.3165ms)
✔ trade settings codec (6.0348ms)
▶ trade sizing
  ✔ runs every model preset and keeps exactly one relay-fee margin on the last fresh buy (1.6984ms)
  ✔ implements the exact inclusive cap predicate and range gates (0.4432ms)
  ✔ reads the sole untokened native spend cap (0.328ms)
  ✔ deep-equals the browser preset fixture (10.2245ms)
✔ trade sizing (16.0937ms)
▶ trade settings stores
  ✔ first-wins initial settings and accepts only the exact same owner, digest, and params (6.9247ms)
  ✔ round-trips signed params, scopes owners, upserts, and enumerates only armed agents (12.1541ms)
  ✔ uses one no-version upsert and an armed agents join ordered by agent id (1.0929ms)
✔ trade settings stores (21.4287ms)
▶ trade position and run stores
  ✔ round-trips every position lifecycle field with owner isolation (3.5082ms)
  ✔ marks a revoked agent's open position orphaned (1.2807ms)
  ✔ never stores entryWei zero and resolves an unverified fill additively (1.4418ms)
  ✔ bounds trade runs to 200 per agent and Postgres prunes inside the insertion transaction (70.7962ms)
✔ trade position and run stores (77.7484ms)
▶ TRADING-AGENT R3 pin universe
  ✔ admits bStocks when the allowlist lane is absent and ranks by volume (14.1484ms)
  ✔ refuses Mid-Cap as model-unavailable when allowlist is absent (0.6633ms)
  ✔ maps any lane or token transport failure to PinUnreadableError (0.5089ms)
  ✔ refuses pins shorter than MIN_PIN (0.4658ms)
  ✔ never exceeds 16 reads for a four-lane, 700-address Sigma universe (22.8525ms)
  ✔ keeps every bStock in a 761-address Sigma union (5.9885ms)
✔ TRADING-AGENT R3 pin universe (46.5368ms)
▶ TRADING-AGENT C24 held re-rank and C25 hours
  ✔ promotes positive balances with concurrency-bounded reads (10.5206ms)
  ✔ returns the original volume order when any balance read fails (1.0382ms)
  ✔ resolves hours by address and uses Mon-Fri [13:30,20:00) UTC (0.4546ms)
✔ TRADING-AGENT C24 held re-rank and C25 hours (12.5975ms)
▶ TRADING-AGENT R3.4/C26 entry pipeline
  ✔ branches on all four eligibility sources, ranks before scanning, and records token refusals (1.4031ms)
  ✔ aborts the whole cycle when security throws (0.7019ms)
  ✔ caches scan verdicts for 300 seconds (0.507ms)
✔ TRADING-AGENT R3.4/C26 entry pipeline (2.8202ms)
▶ trade data-plane recorded envelopes
  ✔ reads the real envelope shapes and sends the existing x-dp-token header (38.1411ms)
  ✔ maps only allowlist invalid_lane to an absent lane (0.8574ms)
✔ trade data-plane recorded envelopes (39.1611ms)
▶ trade worker cycle
  ✔ R5 skips a canceled draft even with stale settings and a sellable position (9.2325ms)
  ✔ runs exits before entries and opens at most one entry (7.6467ms)
  ✔ sells an owner-requested position before every automatic exit (3.5151ms)
  ✔ exits a US-equity position after hours, take-profit included (11.1683ms)
  ✔ marks the third unquotable cycle as held no-price in the run record (3.8687ms)
  ✔ skips paused agents without an executor call or run row (1.6298ms)
  ✔ isolates one agent executor failure and continues the sweep (3.5503ms)
  ✔ dry-run calls the model and data plane, writes one run, and touches no money seam (1.6599ms)
  ✔ logs once and skips the whole cycle while readiness is false (5.4623ms)
  ✔ uses only the pinned set after preserving an already-completed exit (56.781ms)
  ✔ refuses a pinned candidate when grantsTokenSell lacks the cap half (1.5171ms)
  ✔ uses at most 18 data-plane reads for a Sigma cycle (3.3187ms)
  ✔ persists a committed buy before any later balance read (2.2029ms)
  ✔ uses the durable fee-inclusive intent basis for immediate projection (1.8458ms)
  ✔ runs generic journal reconcile before readiness, but never in dry-run (1.3953ms)
  ✔ projects a lost-response buy after generic reconcile commits its journal row (2.0706ms)
  ✔ terminalizes a lost-response intent after generic reconcile rolls it back (1.2478ms)
  ✔ projects a later-confirmed intent while paused and the data plane is not ready (1.1638ms)
  ✔ keeps a confirmed sell unsettled when the post-balance cannot prove zero (1.6189ms)
  ✔ closes a confirmed zero-balance sell with null, not invented zero, proceeds (1.8464ms)
  ✔ keeps a zero-delta buy as unverified and resolves it on the next cycle (2.1518ms)
  ✔ closes a verified zero-balance row as balance-gone and surfaces the reason (1.6123ms)
  ✔ persists a sell refusal timestamp and retries only on the next cycle (2.0011ms)
✔ trade worker cycle (130.7236ms)
▶ TRADING-AGENT primary/fallback model (operator 2026-09-03)
  ✔ asks the primary, and the distinct fallback only when the primary throws (1.3066ms)
✔ TRADING-AGENT primary/fallback model (operator 2026-09-03) (1.4367ms)
✔ trade-worker daemon persists only confirmed receipt fills and keeps its boot gates closed (8.4016ms)
▶ venus builders: the census is CLOSED
  ✔ every census entry equals the selector recomputed from its signature (1.8041ms)
  ✔ the builders emit ONLY census selectors — no member may be added silently (2.5166ms)
  ✔ the builders emit NONE of the refused selectors (0.8076ms)
  ✔ the emitted set is exactly the write shapes plus approve — and mint() is GONE (1.3558ms)
✔ venus builders: the census is CLOSED (7.5828ms)
▶ venus builders: the native branch
  ✔ a native repay attaches msg.value and calls the NO-ARG selector (0.4185ms)
  ✔ REVISION 4 — a native SUPPLY is unrepresentable at the type level (0.5963ms)
  ✔ R2.16/R29 — the native branch has no sentinel to forbid, the amount IS msg.value (0.3623ms)
✔ venus builders: the native branch (1.6501ms)
▶ venus builders: the ERC-20 branch and the allowance
  ✔ emits approve(exact) then repayBorrow(amount) — never a max approve (0.7043ms)
  ✔ R2.1/R25 — a RESIDUAL allowance is zeroed FIRST, in the same submission (0.3847ms)
  ✔ no residual means no zero leg — two calls, not three (0.2505ms)
  ✔ the sentinel and zero are both refused on the token path (0.177ms)
  ✔ the standalone zero-approve sweep encodes spender and zero, nothing else (0.1448ms)
✔ venus builders: the ERC-20 branch and the allowance (2.0817ms)
▶ venus builders: the claim legs and their honest residual
  ✔ claimVenus names the holder as an ARGUMENT — the true R19d sentence (0.2337ms)
  ✔ an empty market list is refused rather than submitted as a no-op (1.88ms)
  ✔ claimInterest targets Prime, with (vToken, user) in that order (1.4633ms)
✔ venus builders: the claim legs and their honest residual (3.7485ms)
▶ venus data-plane client: the exact egress path per method
  ✔ venusAccount hits venus/core/accounts/:owner, lowercased, GET (34.2348ms)
  ✔ venusRewards hits the NESTED route the data plane actually serves (1.3329ms)
  ✔ venusMarkets hits venus/core/markets (0.8869ms)
  ✔ venusTrackOwner is a PUT and venusUntrackOwner a DELETE, on the internal route, reference = agentId (2.5749ms)
  ✔ every venus request stays on the configured ORIGIN and carries x-dp-token when set (2.3127ms)
  ✔ a path-traversal agentId cannot escape the origin — it is ENCODED, not interpreted (4.0007ms)
  ✔ a malformed owner address is refused BEFORE any request leaves (0.9338ms)
✔ venus data-plane client: the exact egress path per method (47.9231ms)
▶ venus data-plane client: the read result union (R2.13)
  ✔ 200 with a real envelope is kind ok, meta included — freshness lives in meta (8.2887ms)
  ✔ 202 is pending — a typed non-answer, never a snapshot (0.9322ms)
  ✔ a 200 whose BODY says pending is STILL pending — the placeholder branch (0.5423ms)
  ✔ 404 is untracked (0.4427ms)
  ✔ 409 capacity_exceeded is the TYPED capacity answer, not an opaque status error (0.3601ms)
  ✔ an unexpected 5xx THROWS — transport is never silently a non-answer (0.8576ms)
✔ venus data-plane client: the read result union (R2.13) (11.8798ms)
▶ venus data-plane client: the tracking result union
  ✔ PUT answers ok for both 200 and 201 — created and already-tracked are both success (2.7964ms)
  ✔ PUT 202 is pending — registered, snapshot not yet computed (0.2523ms)
  ✔ DELETE 404 is SUCCESS — the reference is already gone, and reconcile is idempotent (0.1929ms)
  ✔ PUT 404 is NOT success — an untracked answer to a registration is a real refusal (0.1971ms)
  ✔ PUT 409 capacity is typed (0.2241ms)
✔ venus data-plane client: the tracking result union (3.8502ms)
▶ venus journal kinds: every enumeration, not just the type
  ✔ all four money kinds are MONEY kinds — the shared decisionId namespace (1.2304ms)
  ✔ venusSettings is LOCAL-ONLY and NOT a money kind (0.1755ms)
  ✔ the money kinds are NOT local-only — they really do submit (0.1634ms)
  ✔ the Postgres getByDecision literal names all four — the second hand-maintained home (1.2035ms)
  ✔ the FakeSql filter names all four — the third home, and the one tests run on (1.3219ms)
  ✔ resolveRow recognizes every money kind — an unrecognized kind parks forever (0.9898ms)
✔ venus journal kinds: every enumeration, not just the type (6.5215ms)
▶ venus owner action: both hand-maintained homes (S13)
  ✔ venusSettings is MUTATING — it consumes a nonce (0.2247ms)
  ✔ venusSettings is in the runtime OWNER_ACTIONS set, not only the union (0.696ms)
  ✔ the union and the set agree about venusSettings, and it type-checks as an action (0.1665ms)
✔ venus owner action: both hand-maintained homes (S13) (1.3411ms)
▶ Revision 4: the decision layer refuses the native market FIRST (V1)
  ✔ sizeVenusSupply refuses a native market before ANY other check — even zero debt (1.621ms)
  ✔ M1 killer — the native refusal outranks market-not-in-settings in supplyFilter (0.7499ms)
  ✔ V2 closure — the aggregate refusal LEADS with the wrap remedy, so the worker's hold reason carries it (0.3073ms)
  ✔ the PRE-R4 row cannot drive a native supply: selection SKIPS vBNB with the trap condition, not an empty-wallet excuse (0.2849ms)
  ✔ venusRescueCapacity stops ADVERTISING a native supply (V7) (0.7093ms)
  ✔ native REPAY is a NON-regression (V7): still sized, still the rescue of first resort (2.6955ms)
✔ Revision 4: the decision layer refuses the native market FIRST (V1) (7.7976ms)
▶ Revision 4: the template census shrank (V5)
  ✔ the vBNB row is repayBorrow() ONLY — six granted selectors total (5.1564ms)
✔ Revision 4: the template census shrank (V5) (5.4664ms)
▶ venus-worker operator contract
  ✔ an unknown flag REFUSES, naming the known set — a misspelled --dry-run must not spend (0.9326ms)
  ✔ every boot gate fires before any store or reader is constructed (0.5155ms)
  ✔ the market universe comes from the SHARED seam — the F2 sentence, kept true (0.1878ms)
  ✔ the one-worker MONEY invariant is printed at boot, before the first cycle (0.1467ms)
  ✔ the daemon loop uses the SHARED scheduler, not its own sleep arithmetic (0.2056ms)
  ✔ a cycle failure is logged and the daemon LIVES — one bad read must not kill the guard (0.1912ms)
✔ venus-worker operator contract (3.4101ms)
▶ provision-venus-agent operator contract
  ✔ the mainnet confirmation is the FIRST gate in main — before anything exists to spend (0.2848ms)
  ✔ enablement, chain-56, DATABASE_URL and EXECUTION_MASTER_KEY all refuse before any chain read (0.2087ms)
  ✔ vBNB is validated against the CHAIN by symbol before any market is split — the calldata shape is never guessed (0.3124ms)
  ✔ a missing --token-cap refuses, and the refusal teaches WHY the cap is the bound (0.2204ms)
  ✔ the routing census is read and enforced BEFORE the grant — R3.12's whole point (0.1332ms)
  ✔ FINDINGS (r): the exposure PRODUCT is printed before the grant, never the rate alone (0.3929ms)
  ✔ a zero-balance wallet refuses BEFORE the grant — the grant costs gas this wallet pays (0.2177ms)
  ✔ the session key is never printed — its ADDRESS is, and the key goes to .env (0.4808ms)
  ✔ REVISION 4 (V9) — the script says vBNB is REPAY-ONLY, in usage AND at grant time (0.6733ms)
  ✔ the grant lands before the row is persisted, and the encrypted key write follows the row (1.5658ms)
✔ provision-venus-agent operator contract (5.2355ms)
▶ live-venus operator contract
  ✔ the command set is CLOSED and an unknown command gets usage, not a guess (2.3202ms)
  ✔ the --yes-live gate is checked FIRST — nothing is constructed on the way to discovering a forgotten flag (0.2213ms)
  ✔ rescue on mainnet additionally requires the explicit mainnet confirmation (0.0975ms)
  ✔ simulate IS the dry-run — the flagged rehearsal maps to the worker's write-nothing mode (0.1485ms)
  ✔ enablement refuses before construction, matching the worker's posture (0.0986ms)
✔ live-venus operator contract (3.1602ms)
▶ venusSessionSpec: the census is what the grant emits — nothing else
  ✔ emits exactly the granted selectors on exactly their targets, per-selector (5.1851ms)
  ✔ never emits a refused selector, and the refused list still names the dangerous ones (1.4724ms)
  ✔ R2.1 — every ERC-20 grant carries BOTH the approve rule AND a positive cap; a cap can never default (1.6904ms)
  ✔ R3.2 — the 7-day ceiling CLAMPS a longer request and survives in the constant (1.1824ms)
  ✔ refuses an empty nativeCaps list and a token-bearing native cap (1.2907ms)
  ✔ refuses every role collision — a treasury equal to a token is an uncapped transfer rule (0.3735ms)
  ✔ omitting vBNB omits its two payable selectors — a token-only guard grants no native surface (0.7704ms)
✔ venusSessionSpec: the census is what the grant emits — nothing else (17.5925ms)
▶ venusSessionSpec: the R3.12 routing gate
  ✔ an UNCHANGED census grants (0.9268ms)
  ✔ a MOVED facet refuses LOUDLY, naming old and new — governance re-cut the Diamond (0.8999ms)
  ✔ a moved vToken IMPLEMENTATION refuses too — repayBorrow semantics are proxy-mutable (0.5381ms)
✔ venusSessionSpec: the R3.12 routing gate (2.7649ms)
▶ venusMeterReserve: claims gated, rescues counted (R2.11/R3.4/R3.6)
  ✔ gates a claim that would leave less than the outstanding-rescue reserve (0.3331ms)
  ✔ R3.4 — counted rescues NARROW the reserve: after three fired, only one is still held back (0.1571ms)
  ✔ the reserve never reaches zero — max(1, …) holds even after more rescues than reserved (0.0908ms)
  ✔ an over-cap meter reports overCap and refuses (0.0841ms)
✔ venusMeterReserve: claims gated, rescues counted (R2.11/R3.4/R3.6) (0.8499ms)
▶ checkVenusNativeCapSizing: the EARLY WARNING, honestly bounded
  ✔ warns when the cap cannot cover a day of the guard doing its job (0.3505ms)
  ✔ passes a properly sized cap (0.1177ms)
  ✔ refuses malformed counts rather than sizing a reserve on them (0.1427ms)
✔ checkVenusNativeCapSizing: the EARLY WARNING, honestly bounded (0.7356ms)
▶ venusExposureProduct: FINDINGS (r) — the PRODUCT, never the rate alone
  ✔ multiplies every cap by the CEILING of the session's day count (0.2122ms)
  ✔ a partial day still counts as a period — rolling caps have no lifetime ceiling (0.0735ms)
✔ venusExposureProduct: FINDINGS (r) — the PRODUCT, never the rate alone (0.3792ms)
▶ venus risk: the pipeline mirrors calculateVenusRisk exactly
  ✔ truncates at every Exp multiplication, not once at the end (0.8997ms)
  ✔ guards debt == 0 BEFORE the division and answers HF = infinity (0.4592ms)
  ✔ seeds BOTH debt totals with the VAI amount — D is the Comptroller basis (0.1834ms)
  ✔ weights collateral ONLY for entered markets: membership is not collateral (0.2149ms)
✔ venus risk: the pipeline mirrors calculateVenusRisk exactly (2.8849ms)
▶ venus risk: the R2.2 equality gate
  ✔ accepts an exactly-matching protocol answer (0.2362ms)
  ✔ REFUSES on a non-zero errorCode even when the numbers agree (0.1282ms)
  ✔ REFUSES on a one-wei difference — the gate is EXACT, never approximate (0.1606ms)
✔ venus risk: the R2.2 equality gate (0.7484ms)
▶ venus risk: the SYNTHETIC E-MODE fixture (R3.8/S8)
  ✔ the two bases DIVERGE, and in the expected direction (0.3559ms)
  ✔ the equality gate ACCEPTS the correct pairing and REFUSES the wrong one (0.1818ms)
  ✔ a pool-0 fixture with CF == LT == bounded == spot proves only that they agree (0.2564ms)
✔ venus risk: the SYNTHETIC E-MODE fixture (R3.8/S8) (1.0738ms)
▶ account-read bearer boundary on configured Venus routes
  ✔ changes neither the signed owner view nor the mutation authorization (38.2515ms)
✔ account-read bearer boundary on configured Venus routes (38.8481ms)
▶ venus routes: absent deps mean 404 — the A1 class, pinned at the HTTP layer
  ✔ both routes 404 when createServer is not handed deps.venus (7.2004ms)
✔ venus routes: absent deps mean 404 — the A1 class, pinned at the HTTP layer (7.303ms)
▶ venus routes: the settings write
  ✔ accepts a valid owner-signed write, returns the digest, and issues the tracking PUT post-commit (7.0501ms)
  ✔ REVISION 4 — vBNB in collateralMarkets is refused with the trap condition and the vWBNB remedy (17.5067ms)
  ✔ refuses a market the session grant does not name — the EARLY WARNING, with its honest text (5.7726ms)
  ✔ refuses a named market with NO maxPerAction ceiling — a missing ceiling is never unlimited (R2.1) (8.7288ms)
  ✔ refuses targetHf <= triggerHf and malformed params at the parser (15.7445ms)
  ✔ refuses another owner's signature over this agent — tenancy comes from the row (5.2094ms)
  ✔ refuses without the exec token — no Venus surface is reachable without the service credential (9.3091ms)
  ✔ a data-plane tracking FAILURE does not fail the settings write (R3.9: post-commit, best-effort) (4.5779ms)
✔ venus routes: the settings write (74.3873ms)
▶ venus routes: the owner view
  ✔ M4 killer — a STALE pre-R4 settings row alone fires the trap condition, at ZERO vBNB balance (11.4077ms)
  ✔ answers the signed read with the honest surface, and refuses an unsigned one (20.3907ms)
  ✔ another owner's signed read gets no view — cross-tenant answer is absence (7.9903ms)
  ✔ the exec token alone reaches NOTHING — the network-posture invariant, per route (3.1063ms)
  ✔ an unknown agent id under a valid signature is 404, not a probe oracle (7.9458ms)
✔ venus routes: the owner view (51.2589ms)
▶ nextVenusCycleDelayMs
  ✔ a fast cycle waits out the remainder of its interval (0.5399ms)
  ✔ an overrun SKIPS to the next boundary — R3.10's skip-on-overrun (0.0966ms)
  ✔ landing EXACTLY on a boundary names the one after — this is why the caller must FIX its target (0.0695ms)
✔ nextVenusCycleDelayMs (1.8825ms)
▶ sleepUntilNextVenusCycle: the fixed target
  ✔ sleeps ONCE to the boundary and RETURNS — the eternal-sleep regression (0.6606ms)
  ✔ an overrun cycle sleeps to the SKIPPED-to boundary, not interval-from-now (0.1355ms)
  ✔ a sleep that wakes EARLY re-sleeps toward the SAME target rather than drifting (0.1207ms)
  ✔ stopped() exits immediately without sleeping (0.3239ms)
✔ sleepUntilNextVenusCycle: the fixed target (1.5442ms)
▶ venus sizing: REPAY
  ✔ computes a need, clamps to the minimum, and the RECOMPUTE reports the achieved HF (1.8983ms)
  ✔ refuses when there is no debt at all — HF is infinite, not a division (0.3016ms)
  ✔ clamps to borrowCurrent so a repay never exceeds the live debt (0.3253ms)
  ✔ R3.1/S1 — the NATIVE repay branch subtracts walletNativeFloor, and ONCE (0.2502ms)
  ✔ a floor-clamped rescue SUBMITS THE REDUCED AMOUNT rather than refusing (0.1821ms)
  ✔ refuses `insufficient-wallet-balance` only when the minimum is ZERO (0.2431ms)
  ✔ a MISSING maxPerAction ceiling is a refusal, never 'unlimited' (R2.1) (0.2103ms)
  ✔ a native rescue is refused when the session has NO native grant (0.1726ms)
  ✔ an ERC-20 rescue is UNAFFECTED by a missing native grant (0.9862ms)
✔ venus sizing: REPAY (6.5063ms)
▶ venus sizing: SUPPLY
  ✔ models the vToken mint round-trip and REFUSES a supply whose ΔW is zero (0.9672ms)
  ✔ refuses a market the account has not entered — a mint there cannot move HF (0.2065ms)
  ✔ sizes a real supply, clamps on the floor, and reports the recomputed gain (0.3522ms)
  ✔ clamps on supply headroom — a mint past the cap is refused by the protocol (0.3514ms)
✔ venus sizing: SUPPLY (2.1996ms)
▶ venus sizing: SELECTION (R2.10)
  ✔ prefers a FUNDED market over the largest-debt one (0.8645ms)
  ✔ a PAUSED market is a SKIP, not a refusal, while another market can act (0.3043ms)
  ✔ refuses ONLY when the filtered set is empty, naming every skip (0.3217ms)
  ✔ protocolPaused refuses everything, before any market is considered (0.1524ms)
  ✔ a market outside the owner's settings is SKIPPED, and another market still acts (0.1838ms)
  ✔ a market outside the GRANT is SKIPPED with market-not-in-grant (0.1278ms)
✔ venus sizing: SELECTION (R2.10) (2.3692ms)
▶ venus sizing: rescue capacity (the funded-wallet report)
  ✔ reports the best achievable HF the CURRENT wallet could buy (0.2783ms)
  ✔ reports NO capacity for an unfunded wallet — the guard needs funding (0.2649ms)
✔ venus sizing: rescue capacity (the funded-wallet report) (0.6449ms)
▶ venus action store (memory): counted, never refused
  ✔ R3.4 — a rescue is ALWAYS charged, however many have fired today (1.8235ms)
  ✔ R3.4 — those counted rescues are visible to the claim side as submissions (0.7255ms)
  ✔ a CLAIM over quota is refused — the cost bound that does bind (1.1248ms)
  ✔ R3.5 — a charge is IDEMPOTENT by actionId and never re-checks quota (1.2221ms)
  ✔ R3.5 — nothing in the store can RELEASE a charged row (0.231ms)
  ✔ the window is rolling: rows outside it stop counting (0.3046ms)
  ✔ counts are owner-scoped AND agent-scoped — no cross-tenant leakage (0.5671ms)
✔ venus action store (memory): counted, never refused (7.6638ms)
▶ venus action store (postgres/fakeSql): counted, never refused
  ✔ R3.4 — a rescue is ALWAYS charged, however many have fired today (3.8785ms)
  ✔ R3.4 — those counted rescues are visible to the claim side as submissions (0.5813ms)
  ✔ a CLAIM over quota is refused — the cost bound that does bind (0.435ms)
  ✔ R3.5 — a charge is IDEMPOTENT by actionId and never re-checks quota (0.2677ms)
  ✔ R3.5 — nothing in the store can RELEASE a charged row (0.0765ms)
  ✔ the window is rolling: rows outside it stop counting (0.2491ms)
  ✔ counts are owner-scoped AND agent-scoped — no cross-tenant leakage (0.2703ms)
✔ venus action store (postgres/fakeSql): counted, never refused (6.1762ms)
▶ venus observation store (memory)
  ✔ round-trips every decision-bearing field, bigints included (0.9242ms)
  ✔ survives a NEW STORE INSTANCE — the (ae) property, and the reason `--once` can fire (0.3794ms)
  ✔ a replacement OVERWRITES rather than accumulating — one row per (agent, kind) (0.2684ms)
  ✔ another owner's read returns null — the cross-tenant answer is absence (0.1752ms)
  ✔ an absent row is null, which the trigger treats as NO previous observation (0.1993ms)
  ✔ delete makes the next cycle start over rather than acting on a stale count (0.1621ms)
  ✔ a null health factor (no debt) round-trips as null, not as zero (0.1515ms)
✔ venus observation store (memory) (2.4971ms)
▶ venus observation store (postgres/fakeSql)
  ✔ round-trips every decision-bearing field, bigints included (9.7354ms)
  ✔ survives a NEW STORE INSTANCE — the (ae) property, and the reason `--once` can fire (0.5793ms)
  ✔ a replacement OVERWRITES rather than accumulating — one row per (agent, kind) (0.33ms)
  ✔ another owner's read returns null — the cross-tenant answer is absence (0.1559ms)
  ✔ an absent row is null, which the trigger treats as NO previous observation (0.1349ms)
  ✔ delete makes the next cycle start over rather than acting on a stale count (0.3005ms)
  ✔ a null health factor (no debt) round-trips as null, not as zero (0.1828ms)
✔ venus observation store (postgres/fakeSql) (11.7598ms)
▶ venus settings store (memory)
  ✔ stores the owner-signed params VERBATIM beside the digest that binds them (0.4625ms)
  ✔ a replace keeps one row and moves the digest — which invalidates the counter (0.5439ms)
  ✔ another owner reads null rather than someone else's thresholds (0.1973ms)
✔ venus settings store (memory) (1.376ms)
▶ venus settings store (postgres/fakeSql)
  ✔ stores the owner-signed params VERBATIM beside the digest that binds them (1.4694ms)
  ✔ a replace keeps one row and moves the digest — which invalidates the counter (0.5197ms)
  ✔ another owner reads null rather than someone else's thresholds (0.2634ms)
✔ venus settings store (postgres/fakeSql) (2.4347ms)
▶ venus trigger: the fail-closed order
  ✔ a snapshot error outranks everything and yields NO observation to persist (1.2028ms)
  ✔ a non-zero Comptroller error code refuses, even with a prior confirmation banked (0.2995ms)
  ✔ a ONE-WEI protocol mismatch refuses and outranks a ready-to-act counter (0.3931ms)
  ✔ an uninterpretable E-Mode pool refuses; an interpretable one does NOT (0.3722ms)
  ✔ a zero oracle price refuses rather than valuing a leg at nothing — bounded prices included (0.2553ms)
✔ venus trigger: the fail-closed order (3.4808ms)
▶ venus trigger: hysteresis, and why FINDINGS (ae) cannot recur
  ✔ the FIRST qualifying observation holds — one breach is never enough (0.3798ms)
  ✔ a SECOND breach one interval later ACTS — and this is the `--once` property (0.2389ms)
  ✔ ONE MILLISECOND under the interval holds — two runs against a lagging node cannot manufacture a confirmation (0.3593ms)
  ✔ exactly AT the interval acts — the bound is inclusive, and 59 970 ms against 60 000 is the bug it exists for (0.2392ms)
  ✔ an OVER-AGE row is not consecutive with anything — a week-old worker restart does not act on cycle one (0.2663ms)
  ✔ a SETTINGS CHANGE invalidates the counter — a confirmation cannot cross a change of meaning (0.3057ms)
  ✔ a previous NON-breach restarts the count rather than completing it (0.1961ms)
  ✔ HF at or above the trigger holds with no breach recorded (0.1455ms)
  ✔ zero debt is HF = infinity, and the guard is written before any division (0.1715ms)
  ✔ notifyOnlyBelowHf reports approaching WITHOUT acting (0.1634ms)
✔ venus trigger: hysteresis, and why FINDINGS (ae) cannot recur (2.9743ms)
▶ venus trigger: shortfall and third-party liquidation
  ✔ shortfall acts on ONE confirmation — waiting an interval IS the loss (0.2102ms)
  ✔ BOTH legs falling is read as a liquidation: counter reset, cycle skipped, owner told (0.1202ms)
  ✔ collateral alone falling is a PRICE MOVE, not a liquidation — and it still acts (0.0906ms)
  ✔ debt alone falling is not a liquidation either — accrual can only RAISE debt, so this is a repay (0.2472ms)
  ✔ a sub-threshold wobble on both legs is NOT a liquidation (0.1676ms)
✔ venus trigger: shortfall and third-party liquidation (1.2223ms)
▶ venus trigger: the staleness bound itself
  ✔ is a multiple of the interval, and refuses to be tighter than two (0.1903ms)
✔ venus trigger: the staleness bound itself (0.271ms)
▶ venus wiring: enabled means REACHABLE, not merely configured
  ✔ builds the complete VenusServerDeps shape when enabled (2.0772ms)
  ✔ returns undefined — and touches NOTHING — when disabled (0.2569ms)
  ✔ an unset VENUS_ENABLED is disabled, not enabled (0.1478ms)
  ✔ F3 — refuses the BOOT when enabled without Postgres (0.4204ms)
  ✔ F3 — refuses the BOOT off chain 56, where the selector census means nothing (0.1483ms)
  ✔ resolves the market index from the plane's OWN reads, vBNB pinned to null (0.2349ms)
✔ venus wiring: enabled means REACHABLE, not merely configured (4.3806ms)
▶ venus wiring: the market universe (F2 — one seam, both callers)
  ✔ is vBNB alone when no owner has named anything (0.9872ms)
  ✔ is the UNION of every owner's named markets, plus vBNB (1.887ms)
  ✔ SKIPS a malformed row rather than failing the boot for every other owner (0.3996ms)
✔ venus wiring: the market universe (F2 — one seam, both callers) (3.7125ms)
▶ venus worker: A2 — the allowance actually reaches the builder
  ✔ a RESIDUAL allowance produces the zero-first approve leg on the rescue path (34.0153ms)
  ✔ no residual means no zero leg — two calls, not three (3.2621ms)
✔ venus worker: A2 — the allowance actually reaches the builder (38.0755ms)
▶ venus worker: A3 — a paused agent submits NOTHING
  ✔ R5 refuses rescue for a canceled draft despite a stale enabled settings row (2.0192ms)
  ✔ a paused agent holds instead of dispatching a rescue (1.0582ms)
  ✔ unpausing restores the rescue — the pause is a refusal, not a corruption (2.2385ms)
✔ venus worker: A3 — a paused agent submits NOTHING (5.5253ms)
▶ venus worker: A4 — claims are gated by agent.caps, rescues are not
  ✔ a RESCUE still dispatches with the daily native budget already spent (1.9254ms)
  ✔ a CLAIM is refused when the agent's daily native budget admits nothing (1.3316ms)
  ✔ the same zero budget does NOT stop a rescue — the asymmetry, in one pair (2.0712ms)
✔ venus worker: A4 — claims are gated by agent.caps, rescues are not (5.5604ms)
▶ Revision 4 (V7.1): the pre-R4 settings row through a real cycle
  ✔ a digest-verified row naming vBNB in collateralMarkets holds with ZERO submissions, and the reason leads with the wrap remedy (2.0231ms)
✔ Revision 4 (V7.1): the pre-R4 settings row through a real cycle (2.1474ms)
▶ venus worker: the properties the audit verified intact
  ✔ dry-run writes NOTHING and submits NOTHING (1.8002ms)
  ✔ a dispatched rescue is CHARGED — counted, never refused (R3.4) (4.1495ms)
  ✔ the observation is written BELOW the dispatch, carrying this cycle's frozen clock (2.3591ms)
✔ venus worker: the properties the audit verified intact (8.6458ms)
▶ finalized KeyStore revocation evidence
  ✔ binds an exact invalid key to one numeric finalized block and stable hash (2.3282ms)
  ✔ promotes stable finalized missing and refuses valid, changed-hash, wrong-key, or unavailable finality (0.6788ms)
  ✔ does not promote a missing key when the finalized hash changes (0.2278ms)
  ✔ fails closed when any finalized KeyStore list member is malformed (0.2412ms)
  ✔ treats every falsey non-boolean validity response as unreadable (0.4503ms)
✔ finalized KeyStore revocation evidence (7.3062ms)
▶ wallet reuse after finalized revoke — memory
  ✔ keeps the passkey wallet locked until proof+key destruction commit, then permits replacement (5.5044ms)
  ✔ replays identical evidence before row-version checks and refuses every changed identity (1.5589ms)
  ✔ applies one-agent occupancy to passkey categories without broadening self-eoa sharing (1.0673ms)
✔ wallet reuse after finalized revoke — memory (8.9842ms)
▶ wallet reuse after finalized revoke — postgres(fake)
  ✔ keeps the passkey wallet locked until proof+key destruction commit, then permits replacement (15.897ms)
  ✔ replays identical evidence before row-version checks and refuses every changed identity (2.6266ms)
  ✔ applies one-agent occupancy to passkey categories without broadening self-eoa sharing (1.7215ms)
✔ wallet reuse after finalized revoke — postgres(fake) (20.5335ms)
▶ R5 canceled wallet — memory
  ✔ cannot inject a cancellation marker by mutating creation input while the wallet fence waits (1.6026ms)
  ✔ rechecks expiry under the wallet lock instead of using the insertion's earlier clock (0.6162ms)
  ✔ retains canceled history/key while exactly one of two replacements wins (1.8479ms)
  ✔ races arm/cancel with cancel invoked first (0.5057ms)
  ✔ races arm/cancel with arm invoked first (0.2888ms)
  ✔ rejects every pre-populated cancellation field without persisting a row/key (0.2703ms)
  ✔ refuses malformed cancel action/time and preserves the original row and key (0.9107ms)
✔ R5 canceled wallet — memory (6.729ms)
▶ R5 canceled wallet — postgres(fake)
  ✔ cannot inject a cancellation marker by mutating creation input while the wallet fence waits (7.4141ms)
  ✔ rechecks expiry under the wallet lock instead of using the insertion's earlier clock (1.1704ms)
  ✔ retains canceled history/key while exactly one of two replacements wins (2.7299ms)
  ✔ races arm/cancel with cancel invoked first (0.834ms)
  ✔ races arm/cancel with arm invoked first (0.6935ms)
  ✔ rejects every pre-populated cancellation field without persisting a row/key (0.2377ms)
  ✔ refuses malformed cancel action/time and preserves the original row and key (2.6028ms)
✔ R5 canceled wallet — postgres(fake) (15.9604ms)
▶ R5 untrusted cancellation projection
  ✔ keeps raw non-NULL session state blocking through the PostgreSQL adapter (16.155ms)
  ✔ is total and keeps malformed, partial, expired, mistimed and corrupt drafts blocking (0.6491ms)
✔ R5 untrusted cancellation projection (16.8971ms)
▶ R5 execution boundary with retained key
  ✔ refuses authenticated raw/trade routes and direct worker trades before any execution journal, reserve or provider (32.1286ms)
✔ R5 execution boundary with retained key (32.1906ms)
ℹ tests 3721
ℹ suites 797
ℹ pass 3701
ℹ fail 19
ℹ cancelled 0
ℹ skipped 1
ℹ todo 0
ℹ duration_ms 38583.8175

✖ failing tests:

test at test\audit.billingProductionEnablement3.test.ts:1:1
✖ test\audit.billingProductionEnablement3.test.ts (1688.0377ms)
  'test failed'

test at test\audit.railwayEnablementFixReview.test.ts:1:3181
✖ audit Railway fix review: the production adapter artifact contains no dependency injection seam (1067.2768ms)
  Error: Command failed: C:\Program Files\nodejs\node.exe --import tsx D:\4lpha-execution\scripts\billing-build-adapter.ts --out C:\Users\Pro\AppData\Local\Temp\railway-fix-review-adapter-Ip0fIG\adapter.mjs --source-out C:\Users\Pro\AppData\Local\Temp\railway-fix-review-adapter-Ip0fIG\source.json
  X [ERROR] Could not resolve "@aws-sdk/client-kms"
  
      src/billing/awsBillingSessionIdentity.ts:7:7:
        7 │ } from "@aws-sdk/client-kms";
          ╵        ~~~~~~~~~~~~~~~~~~~~~
  
    You can mark the path "@aws-sdk/client-kms" as external to exclude it from the bundle, which will remove this error and leave the unresolved path in the bundle.
  
  X [ERROR] Could not resolve "@aws-sdk/client-sts"
  
      src/billing/awsBillingSessionIdentity.ts:8:74:
        8 │ ...mand, STSClient, type STSClientConfig } from "@aws-sdk/client-sts";
          ╵                                                 ~~~~~~~~~~~~~~~~~~~~~
  
    You can mark the path "@aws-sdk/client-sts" as external to exclude it from the bundle, which will remove this error and leave the unresolved path in the bundle.
  
  X [ERROR] Could not resolve "@smithy/node-http-handler"
  
      src/billing/awsBillingSessionIdentity.ts:9:32:
        9 │ import { NodeHttpHandler } from "@smithy/node-http-handler";
          ╵                                 ~~~~~~~~~~~~~~~~~~~~~~~~~~~
  
    You can mark the path "@smithy/node-http-handler" as external to exclude it from the bundle, which will remove this error and leave the unresolved path in the bundle.
  
  X [ERROR] Could not resolve "@aws-sdk/client-kms"
  
      src/billing/awsBillingProduction.internal.ts:7:7:
        7 │ } from "@aws-sdk/client-kms";
          ╵        ~~~~~~~~~~~~~~~~~~~~~
  
    You can mark the path "@aws-sdk/client-kms" as external to exclude it from the bundle, which will remove this error and leave the unresolved path in the bundle.
  
  X [ERROR] Could not resolve "@aws-sdk/client-secrets-manager"
  
      src/billing/awsBillingProduction.internal.ts:9:41:
        9 │ ...ecretsManagerClientConfig } from "@aws-sdk/client-secrets-manager";
          ╵                                     ~~~~~~~~~~~~~~~~~~~~~~~~~~~~~~~~~
  
    You can mark the path "@aws-sdk/client-secrets-manager" as external to exclude it from the bundle, which will remove this error and leave the unresolved path in the bundle.
  
  X [ERROR] Could not resolve "@aws-sdk/client-sts"
  
      src/billing/awsBillingProduction.internal.ts:10:74:
        10 │ ...and, STSClient, type STSClientConfig } from "@aws-sdk/client-sts";
           ╵                                                ~~~~~~~~~~~~~~~~~~~~~
  
    You can mark the path "@aws-sdk/client-sts" as external to exclude it from the bundle, which will remove this error and leave the unresolved path in the bundle.
  
  X [ERROR] Could not resolve "@smithy/node-http-handler"
  
      src/billing/awsBillingProduction.internal.ts:11:32:
        11 │ import { NodeHttpHandler } from "@smithy/node-http-handler";
           ╵                                 ~~~~~~~~~~~~~~~~~~~~~~~~~~~
  
    You can mark the path "@smithy/node-http-handler" as external to exclude it from the bundle, which will remove this error and leave the unresolved path in the bundle.
  
  Build failed with 7 errors:
  src/billing/awsBillingProduction.internal.ts:7:7: ERROR: Could not resolve "@aws-sdk/client-kms"
  src/billing/awsBillingProduction.internal.ts:9:41: ERROR: Could not resolve "@aws-sdk/client-secrets-manager"
  src/billing/awsBillingProduction.internal.ts:10:74: ERROR: Could not resolve "@aws-sdk/client-sts"
  src/billing/awsBillingProduction.internal.ts:11:32: ERROR: Could not resolve "@smithy/node-http-handler"
  src/billing/awsBillingSessionIdentity.ts:7:7: ERROR: Could not resolve "@aws-sdk/client-kms"
  ...
  
      at genericNodeError (node:internal/errors:985:15)
      at wrappedFn (node:internal/errors:539:14)
      at ChildProcess.exithandler (node:child_process:417:12)
      at ChildProcess.emit (node:events:509:28)
      at maybeClose (node:internal/child_process:1124:16)
      at ChildProcess._handle.onexit (node:internal/child_process:306:5) {
    code: 1,
    killed: false,
    signal: null,
    cmd: 'C:\\Program Files\\nodejs\\node.exe --import tsx D:\\4lpha-execution\\scripts\\billing-build-adapter.ts --out C:\\Users\\Pro\\AppData\\Local\\Temp\\railway-fix-review-adapter-Ip0fIG\\adapter.mjs --source-out C:\\Users\\Pro\\AppData\\Local\\Temp\\railway-fix-review-adapter-Ip0fIG\\source.json',
    stdout: '',
    stderr: 'X [ERROR] Could not resolve "@aws-sdk/client-kms"\n\n    src/billing/awsBillingSessionIdentity.ts:7:7:\n      7 │ } from "@aws-sdk/client-kms";\n        ╵        ~~~~~~~~~~~~~~~~~~~~~\n\n  You can mark the path "@aws-sdk/client-kms" as external to exclude it from the bundle, which will remove this error and leave the unresolved path in the bundle.\n\nX [ERROR] Could not resolve "@aws-sdk/client-sts"\n\n    src/billing/awsBillingSessionIdentity.ts:8:74:\n      8 │ ...mand, STSClient, type STSClientConfig } from "@aws-sdk/client-sts";\n        ╵                                                 ~~~~~~~~~~~~~~~~~~~~~\n\n  You can mark the path "@aws-sdk/client-sts" as external to exclude it from the bundle, which will remove this error and leave the unresolved path in the bundle.\n\nX [ERROR] Could not resolve "@smithy/node-http-handler"\n\n    src/billing/awsBillingSessionIdentity.ts:9:32:\n      9 │ import { NodeHttpHandler } from "@smithy/node-http-handler";\n        ╵                                 ~~~~~~~~~~~~~~~~~~~~~~~~~~~\n\n  You can mark the path "@smithy/node-http-handler" as external to exclude it from the bundle, which will remove this error and leave the unresolved path in the bundle.\n\nX [ERROR] Could not resolve "@aws-sdk/client-kms"\n\n    src/billing/awsBillingProduction.internal.ts:7:7:\n      7 │ } from "@aws-sdk/client-kms";\n        ╵        ~~~~~~~~~~~~~~~~~~~~~\n\n  You can mark the path "@aws-sdk/client-kms" as external to exclude it from the bundle, which will remove this error and leave the unresolved path in the bundle.\n\nX [ERROR] Could not resolve "@aws-sdk/client-secrets-manager"\n\n    src/billing/awsBillingProduction.internal.ts:9:41:\n      9 │ ...ecretsManagerClientConfig } from "@aws-sdk/client-secrets-manager";\n        ╵                                     ~~~~~~~~~~~~~~~~~~~~~~~~~~~~~~~~~\n\n  You can mark the path "@aws-sdk/client-secrets-manager" as external to exclude it from the bundle, which will remove this error and leave the unresolved path in the bundle.\n\nX [ERROR] Could not resolve "@aws-sdk/client-sts"\n\n    src/billing/awsBillingProduction.internal.ts:10:74:\n      10 │ ...and, STSClient, type STSClientConfig } from "@aws-sdk/client-sts";\n         ╵                                                ~~~~~~~~~~~~~~~~~~~~~\n\n  You can mark the path "@aws-sdk/client-sts" as external to exclude it from the bundle, which will remove this error and leave the unresolved path in the bundle.\n\nX [ERROR] Could not resolve "@smithy/node-http-handler"\n\n    src/billing/awsBillingProduction.internal.ts:11:32:\n      11 │ import { NodeHttpHandler } from "@smithy/node-http-handler";\n         ╵                                 ~~~~~~~~~~~~~~~~~~~~~~~~~~~\n\n  You can mark the path "@smithy/node-http-handler" as external to exclude it from the bundle, which will remove this error and leave the unresolved path in the bundle.\n\nBuild failed with 7 errors:\nsrc/billing/awsBillingProduction.internal.ts:7:7: ERROR: Could not resolve "@aws-sdk/client-kms"\nsrc/billing/awsBillingProduction.internal.ts:9:41: ERROR: Could not resolve "@aws-sdk/client-secrets-manager"\nsrc/billing/awsBillingProduction.internal.ts:10:74: ERROR: Could not resolve "@aws-sdk/client-sts"\nsrc/billing/awsBillingProduction.internal.ts:11:32: ERROR: Could not resolve "@smithy/node-http-handler"\nsrc/billing/awsBillingSessionIdentity.ts:7:7: ERROR: Could not resolve "@aws-sdk/client-kms"\n...\n'
  }

test at test\billing.adapterBundle.test.ts:1:1118
✖ production adapter builder emits one deterministic self-contained ESM artifact (900.959ms)
  Error: Command failed: C:\Program Files\nodejs\node.exe --import tsx D:\4lpha-execution\scripts\billing-build-adapter.ts --out C:\Users\Pro\AppData\Local\Temp\billing-adapter-bundle-Z3Vejr\second.mjs --source-out C:\Users\Pro\AppData\Local\Temp\billing-adapter-bundle-Z3Vejr\second-source.json
  X [ERROR] Could not resolve "@aws-sdk/client-kms"
  
      src/billing/awsBillingSessionIdentity.ts:7:7:
        7 │ } from "@aws-sdk/client-kms";
          ╵        ~~~~~~~~~~~~~~~~~~~~~
  
    You can mark the path "@aws-sdk/client-kms" as external to exclude it from the bundle, which will remove this error and leave the unresolved path in the bundle.
  
  X [ERROR] Could not resolve "@aws-sdk/client-sts"
  
      src/billing/awsBillingSessionIdentity.ts:8:74:
        8 │ ...mand, STSClient, type STSClientConfig } from "@aws-sdk/client-sts";
          ╵                                                 ~~~~~~~~~~~~~~~~~~~~~
  
    You can mark the path "@aws-sdk/client-sts" as external to exclude it from the bundle, which will remove this error and leave the unresolved path in the bundle.
  
  X [ERROR] Could not resolve "@smithy/node-http-handler"
  
      src/billing/awsBillingSessionIdentity.ts:9:32:
        9 │ import { NodeHttpHandler } from "@smithy/node-http-handler";
          ╵                                 ~~~~~~~~~~~~~~~~~~~~~~~~~~~
  
    You can mark the path "@smithy/node-http-handler" as external to exclude it from the bundle, which will remove this error and leave the unresolved path in the bundle.
  
  X [ERROR] Could not resolve "@aws-sdk/client-kms"
  
      src/billing/awsBillingProduction.internal.ts:7:7:
        7 │ } from "@aws-sdk/client-kms";
          ╵        ~~~~~~~~~~~~~~~~~~~~~
  
    You can mark the path "@aws-sdk/client-kms" as external to exclude it from the bundle, which will remove this error and leave the unresolved path in the bundle.
  
  X [ERROR] Could not resolve "@aws-sdk/client-secrets-manager"
  
      src/billing/awsBillingProduction.internal.ts:9:41:
        9 │ ...ecretsManagerClientConfig } from "@aws-sdk/client-secrets-manager";
          ╵                                     ~~~~~~~~~~~~~~~~~~~~~~~~~~~~~~~~~
  
    You can mark the path "@aws-sdk/client-secrets-manager" as external to exclude it from the bundle, which will remove this error and leave the unresolved path in the bundle.
  
  X [ERROR] Could not resolve "@aws-sdk/client-sts"
  
      src/billing/awsBillingProduction.internal.ts:10:74:
        10 │ ...and, STSClient, type STSClientConfig } from "@aws-sdk/client-sts";
           ╵                                                ~~~~~~~~~~~~~~~~~~~~~
  
    You can mark the path "@aws-sdk/client-sts" as external to exclude it from the bundle, which will remove this error and leave the unresolved path in the bundle.
  
  X [ERROR] Could not resolve "@smithy/node-http-handler"
  
      src/billing/awsBillingProduction.internal.ts:11:32:
        11 │ import { NodeHttpHandler } from "@smithy/node-http-handler";
           ╵                                 ~~~~~~~~~~~~~~~~~~~~~~~~~~~
  
    You can mark the path "@smithy/node-http-handler" as external to exclude it from the bundle, which will remove this error and leave the unresolved path in the bundle.
  
  Build failed with 7 errors:
  src/billing/awsBillingProduction.internal.ts:7:7: ERROR: Could not resolve "@aws-sdk/client-kms"
  src/billing/awsBillingProduction.internal.ts:9:41: ERROR: Could not resolve "@aws-sdk/client-secrets-manager"
  src/billing/awsBillingProduction.internal.ts:10:74: ERROR: Could not resolve "@aws-sdk/client-sts"
  src/billing/awsBillingProduction.internal.ts:11:32: ERROR: Could not resolve "@smithy/node-http-handler"
  src/billing/awsBillingSessionIdentity.ts:7:7: ERROR: Could not resolve "@aws-sdk/client-kms"
  ...
  
      at genericNodeError (node:internal/errors:985:15)
      at wrappedFn (node:internal/errors:539:14)
      at ChildProcess.exithandler (node:child_process:417:12)
      at ChildProcess.emit (node:events:509:28)
      at maybeClose (node:internal/child_process:1124:16)
      at Socket.<anonymous> (node:internal/child_process:481:11)
      at Socket.emit (node:events:509:28)
      at Pipe.<anonymous> (node:net:351:12) {
    code: 1,
    killed: false,
    signal: null,
    cmd: 'C:\\Program Files\\nodejs\\node.exe --import tsx D:\\4lpha-execution\\scripts\\billing-build-adapter.ts --out C:\\Users\\Pro\\AppData\\Local\\Temp\\billing-adapter-bundle-Z3Vejr\\second.mjs --source-out C:\\Users\\Pro\\AppData\\Local\\Temp\\billing-adapter-bundle-Z3Vejr\\second-source.json',
    stdout: '',
    stderr: 'X [ERROR] Could not resolve "@aws-sdk/client-kms"\n\n    src/billing/awsBillingSessionIdentity.ts:7:7:\n      7 │ } from "@aws-sdk/client-kms";\n        ╵        ~~~~~~~~~~~~~~~~~~~~~\n\n  You can mark the path "@aws-sdk/client-kms" as external to exclude it from the bundle, which will remove this error and leave the unresolved path in the bundle.\n\nX [ERROR] Could not resolve "@aws-sdk/client-sts"\n\n    src/billing/awsBillingSessionIdentity.ts:8:74:\n      8 │ ...mand, STSClient, type STSClientConfig } from "@aws-sdk/client-sts";\n        ╵                                                 ~~~~~~~~~~~~~~~~~~~~~\n\n  You can mark the path "@aws-sdk/client-sts" as external to exclude it from the bundle, which will remove this error and leave the unresolved path in the bundle.\n\nX [ERROR] Could not resolve "@smithy/node-http-handler"\n\n    src/billing/awsBillingSessionIdentity.ts:9:32:\n      9 │ import { NodeHttpHandler } from "@smithy/node-http-handler";\n        ╵                                 ~~~~~~~~~~~~~~~~~~~~~~~~~~~\n\n  You can mark the path "@smithy/node-http-handler" as external to exclude it from the bundle, which will remove this error and leave the unresolved path in the bundle.\n\nX [ERROR] Could not resolve "@aws-sdk/client-kms"\n\n    src/billing/awsBillingProduction.internal.ts:7:7:\n      7 │ } from "@aws-sdk/client-kms";\n        ╵        ~~~~~~~~~~~~~~~~~~~~~\n\n  You can mark the path "@aws-sdk/client-kms" as external to exclude it from the bundle, which will remove this error and leave the unresolved path in the bundle.\n\nX [ERROR] Could not resolve "@aws-sdk/client-secrets-manager"\n\n    src/billing/awsBillingProduction.internal.ts:9:41:\n      9 │ ...ecretsManagerClientConfig } from "@aws-sdk/client-secrets-manager";\n        ╵                                     ~~~~~~~~~~~~~~~~~~~~~~~~~~~~~~~~~\n\n  You can mark the path "@aws-sdk/client-secrets-manager" as external to exclude it from the bundle, which will remove this error and leave the unresolved path in the bundle.\n\nX [ERROR] Could not resolve "@aws-sdk/client-sts"\n\n    src/billing/awsBillingProduction.internal.ts:10:74:\n      10 │ ...and, STSClient, type STSClientConfig } from "@aws-sdk/client-sts";\n         ╵                                                ~~~~~~~~~~~~~~~~~~~~~\n\n  You can mark the path "@aws-sdk/client-sts" as external to exclude it from the bundle, which will remove this error and leave the unresolved path in the bundle.\n\nX [ERROR] Could not resolve "@smithy/node-http-handler"\n\n    src/billing/awsBillingProduction.internal.ts:11:32:\n      11 │ import { NodeHttpHandler } from "@smithy/node-http-handler";\n         ╵                                 ~~~~~~~~~~~~~~~~~~~~~~~~~~~\n\n  You can mark the path "@smithy/node-http-handler" as external to exclude it from the bundle, which will remove this error and leave the unresolved path in the bundle.\n\nBuild failed with 7 errors:\nsrc/billing/awsBillingProduction.internal.ts:7:7: ERROR: Could not resolve "@aws-sdk/client-kms"\nsrc/billing/awsBillingProduction.internal.ts:9:41: ERROR: Could not resolve "@aws-sdk/client-secrets-manager"\nsrc/billing/awsBillingProduction.internal.ts:10:74: ERROR: Could not resolve "@aws-sdk/client-sts"\nsrc/billing/awsBillingProduction.internal.ts:11:32: ERROR: Could not resolve "@smithy/node-http-handler"\nsrc/billing/awsBillingSessionIdentity.ts:7:7: ERROR: Could not resolve "@aws-sdk/client-kms"\n...\n'
  }

test at test\billing.awsAdapter.test.ts:1:1
✖ test\billing.awsAdapter.test.ts (1391.2383ms)
  'test failed'

test at test\billing.awsProduction.test.ts:1:1
✖ test\billing.awsProduction.test.ts (1445.4433ms)
  'test failed'

test at test\billing.collectorDeployment.test.ts:1:1
✖ test\billing.collectorDeployment.test.ts (1577.1558ms)
  'test failed'

test at test\billing.productionAcquisition.test.ts:1:1
✖ test\billing.productionAcquisition.test.ts (3965.7479ms)
  'test failed'

test at test\billing.productionCoreBridge.test.ts:1:1
✖ test\billing.productionCoreBridge.test.ts (1541.6674ms)
  'test failed'

test at test\billing.productionExposureSnapshot.test.ts:1:1
✖ test\billing.productionExposureSnapshot.test.ts (1636.7059ms)
  'test failed'

test at test\billing.productionOperator.test.ts:1:1
✖ test\billing.productionOperator.test.ts (4013.0413ms)
  'test failed'

test at test\billing.sessionGenerations.test.ts:1:1
✖ test\billing.sessionGenerations.test.ts (4948.6467ms)
  'test failed'

test at test\billing.sessionIdentity.test.ts:1:1
✖ test\billing.sessionIdentity.test.ts (482.179ms)
  'test failed'

test at test\billing.sessionLifecycle.test.ts:1:1
✖ test\billing.sessionLifecycle.test.ts (1732.3597ms)
  'test failed'

test at test\billing.sessionPostgres.test.ts:1:1
✖ test\billing.sessionPostgres.test.ts (1658.9197ms)
  'test failed'

test at test\billing.sessionRoutes.test.ts:1:1
✖ test\billing.sessionRoutes.test.ts (5001.4005ms)
  'test failed'

test at test\billing.ticketBounds.test.ts:1:1
✖ test\billing.ticketBounds.test.ts (1582.2694ms)
  'test failed'

test at test\deployment.workerSingleton.test.ts:1:6391
✖ money worker shells acquire the role lock before constructing external dependencies (28.8415ms)
  AssertionError [ERR_ASSERTION]: scripts/venus-worker.ts lacks its role lock
      at TestContext.<anonymous> (D:\4lpha-execution\test\deployment.workerSingleton.test.ts:221:12)
      at async Test.run (node:internal/test_runner/test:1332:7)
      at async Test.processPendingSubtests (node:internal/test_runner/test:911:7) {
    generatedMessage: false,
    code: 'ERR_ASSERTION',
    actual: -1,
    expected: -1,
    operator: 'notStrictEqual',
    diff: 'simple'
  }

test at test\deployment.workerSingleton.test.ts:1:9378
✖ real billing worker cannot resume from a paused store read after replacement acquires (1.5303ms)
  AssertionError [ERR_ASSERTION]: Missing expected rejection.
      at async TestContext.<anonymous> (D:\4lpha-execution\test\deployment.workerSingleton.test.ts:353:3)
      at async Test.run (node:internal/test_runner/test:1332:7)
      at async Test.processPendingSubtests (node:internal/test_runner/test:911:7) {
    generatedMessage: false,
    code: 'ERR_ASSERTION',
    actual: undefined,
    expected: /authority was lost/u,
    operator: 'rejects',
    diff: 'simple'
  }

test at test\deployment.workerSingleton.test.ts:1:14628
✖ Venus reader already past connect cannot start its sequential RPC batch after replacement (11.4081ms)
  AssertionError [ERR_ASSERTION]: The input did not match the regular expression /authority was lost/u. Input:
  
  'ContractFunctionExecutionError: An unknown RPC error occurred.\n' +
    '\n' +
    'Raw Call Arguments:\n' +
    '  to:    0x6666666666666666666666666666666666666666\n' +
    '  data:  0x7dc0d1d0\n' +
    ' \n' +
    'Contract Call:\n' +
    '  address:   0x6666666666666666666666666666666666666666\n' +
    '  function:  oracle()\n' +
    '\n' +
    'Docs: https://viem.sh/docs/contract/readContract\n' +
    'Details: later Venus RPC crossed\n' +
    'Version: viem@2.55.13'
  
      at async TestContext.<anonymous> (D:\4lpha-execution\test\deployment.workerSingleton.test.ts:516:3)
      at async Test.run (node:internal/test_runner/test:1332:7)
      at async Test.processPendingSubtests (node:internal/test_runner/test:911:7) {
    generatedMessage: true,
    code: 'ERR_ASSERTION',
    actual: ContractFunctionExecutionError: An unknown RPC error occurred.
    
    Raw Call Arguments:
      to:    0x6666666666666666666666666666666666666666
      data:  0x7dc0d1d0
     
    Contract Call:
      address:   0x6666666666666666666666666666666666666666
      function:  oracle()
    
    Docs: https://viem.sh/docs/contract/readContract
    Details: later Venus RPC crossed
    Version: viem@2.55.13
        at getContractError (D:\4lpha-execution\node_modules\viem\utils\errors\getContractError.ts:82:10)
        at readContract (D:\4lpha-execution\node_modules\viem\actions\public\readContract.ts:140:11)
        at async Promise.all (index 0)
        ... 5 lines matching cause stack trace ...
        at async Test.processPendingSubtests (node:internal/test_runner/test:911:7) {
      [cause]: CallExecutionError: An unknown RPC error occurred.
      
      Raw Call Arguments:
        to:    0x6666666666666666666666666666666666666666
        data:  0x7dc0d1d0
      
      Details: later Venus RPC crossed
      Version: viem@2.55.13
          at getCallError (D:\4lpha-execution\node_modules\viem\utils\errors\getCallError.ts:42:10)
          at call (D:\4lpha-execution\node_modules\viem\_esm\actions\public\call.js:175:15)
          at async readContract (D:\4lpha-execution\node_modules\viem\actions\public\readContract.ts:124:22)
          at async Promise.all (index 0)
          at async Object.readAccount (D:\4lpha-execution\src\venus\readers.ts:371:55)
          at async waitForActual (node:assert:646:5)
          at async strict.rejects (node:assert:769:25)
          at async TestContext.<anonymous> (D:\4lpha-execution\test\deployment.workerSingleton.test.ts:516:3)
          at async Test.run (node:internal/test_runner/test:1332:7)
          at async Test.processPendingSubtests (node:internal/test_runner/test:911:7) {
        [cause]: [Error]
      }
    },
    expected: /authority was lost/u,
    operator: 'rejects',
    diff: 'simple'
  }
